[0.024s][info][gc] Using Concurrent Mark Sweep
[0.024s][info][gc,heap,coops] Heap address: 0x0000000080e00000, size: 2034 MB, Compressed Oops mode: 32-bit
[0.261s][info][gc,start     ] GC(0) Pause Young (Allocation Failure)
[0.262s][info][gc,task      ] GC(0) Using 2 workers of 4 for evacuation
[0.263s][info][gc,heap      ] GC(0) ParNew: 34914K->1004K(39296K)
[0.263s][info][gc,heap      ] GC(0) CMS: 0K->0K(87424K)
[0.263s][info][gc,metaspace ] GC(0) Metaspace: 6508K->6508K(1056768K)
[0.263s][info][gc           ] GC(0) Pause Young (Allocation Failure) 34M->0M(123M) 2.028ms
[0.263s][info][gc,cpu       ] GC(0) User=0.00s Sys=0.00s Real=0.00s
[0.266s][info][gc,start     ] GC(1) Pause Young (Allocation Failure)
[0.266s][info][gc,task      ] GC(1) Using 2 workers of 4 for evacuation
[0.268s][info][gc,heap      ] GC(1) ParNew: 35468K->1628K(39296K)
[0.268s][info][gc,heap      ] GC(1) CMS: 0K->0K(87424K)
[0.268s][info][gc,metaspace ] GC(1) Metaspace: 6508K->6508K(1056768K)
[0.268s][info][gc           ] GC(1) Pause Young (Allocation Failure) 34M->1M(123M) 1.682ms
[0.268s][info][gc,cpu       ] GC(1) User=0.00s Sys=0.00s Real=0.00s
[0.270s][info][gc,start     ] GC(2) Pause Young (Allocation Failure)
[0.270s][info][gc,task      ] GC(2) Using 2 workers of 4 for evacuation
[0.271s][info][gc,heap      ] GC(2) ParNew: 36091K->1886K(39296K)
[0.271s][info][gc,heap      ] GC(2) CMS: 0K->0K(87424K)
[0.271s][info][gc,metaspace ] GC(2) Metaspace: 6508K->6508K(1056768K)
[0.271s][info][gc           ] GC(2) Pause Young (Allocation Failure) 35M->1M(123M) 1.099ms
[0.271s][info][gc,cpu       ] GC(2) User=0.00s Sys=0.00s Real=0.00s
[0.273s][info][gc,start     ] GC(3) Pause Young (Allocation Failure)
[0.273s][info][gc,task      ] GC(3) Using 2 workers of 4 for evacuation
[0.274s][info][gc,heap      ] GC(3) ParNew: 36354K->1211K(39296K)
[0.274s][info][gc,heap      ] GC(3) CMS: 0K->0K(87424K)
[0.274s][info][gc,metaspace ] GC(3) Metaspace: 6508K->6508K(1056768K)
[0.274s][info][gc           ] GC(3) Pause Young (Allocation Failure) 35M->1M(123M) 1.082ms
[0.274s][info][gc,cpu       ] GC(3) User=0.03s Sys=0.00s Real=0.00s
[0.277s][info][gc,start     ] GC(4) Pause Young (Allocation Failure)
[0.277s][info][gc,task      ] GC(4) Using 2 workers of 4 for evacuation
[0.278s][info][gc,heap      ] GC(4) ParNew: 35682K->1781K(39296K)
[0.278s][info][gc,heap      ] GC(4) CMS: 0K->0K(87424K)
[0.278s][info][gc,metaspace ] GC(4) Metaspace: 6508K->6508K(1056768K)
[0.278s][info][gc           ] GC(4) Pause Young (Allocation Failure) 34M->1M(123M) 1.111ms
[0.278s][info][gc,cpu       ] GC(4) User=0.00s Sys=0.00s Real=0.00s
[0.280s][info][gc,start     ] GC(5) Pause Young (Allocation Failure)
[0.280s][info][gc,task      ] GC(5) Using 2 workers of 4 for evacuation
[0.281s][info][gc,heap      ] GC(5) ParNew: 36255K->1184K(39296K)
[0.281s][info][gc,heap      ] GC(5) CMS: 0K->0K(87424K)
[0.281s][info][gc,metaspace ] GC(5) Metaspace: 6508K->6508K(1056768K)
[0.281s][info][gc           ] GC(5) Pause Young (Allocation Failure) 35M->1M(123M) 1.095ms
[0.281s][info][gc,cpu       ] GC(5) User=0.00s Sys=0.00s Real=0.00s
[0.283s][info][gc,start     ] GC(6) Pause Young (Allocation Failure)
[0.283s][info][gc,task      ] GC(6) Using 2 workers of 4 for evacuation
[0.287s][info][gc,heap      ] GC(6) ParNew: 35659K->0K(39296K)
[0.287s][info][gc,heap      ] GC(6) CMS: 0K->1093K(87424K)
[0.287s][info][gc,metaspace ] GC(6) Metaspace: 6508K->6508K(1056768K)
[0.288s][info][gc           ] GC(6) Pause Young (Allocation Failure) 34M->1M(123M) 4.156ms
[0.288s][info][gc,cpu       ] GC(6) User=0.00s Sys=0.00s Real=0.00s
[0.290s][info][gc,start     ] GC(7) Pause Young (Allocation Failure)
[0.290s][info][gc,task      ] GC(7) Using 2 workers of 4 for evacuation
[0.291s][info][gc,heap      ] GC(7) ParNew: 34478K->0K(39424K)
[0.291s][info][gc,heap      ] GC(7) CMS: 1093K->1093K(87424K)
[0.291s][info][gc,metaspace ] GC(7) Metaspace: 6508K->6508K(1056768K)
[0.291s][info][gc           ] GC(7) Pause Young (Allocation Failure) 34M->1M(123M) 0.389ms
[0.291s][info][gc,cpu       ] GC(7) User=0.00s Sys=0.00s Real=0.00s
[0.294s][info][gc,start     ] GC(8) Pause Young (Allocation Failure)
[0.294s][info][gc,task      ] GC(8) Using 2 workers of 4 for evacuation
[0.295s][info][gc,heap      ] GC(8) ParNew: 34478K->0K(39424K)
[0.295s][info][gc,heap      ] GC(8) CMS: 1093K->1093K(87424K)
[0.295s][info][gc,metaspace ] GC(8) Metaspace: 6508K->6508K(1056768K)
[0.295s][info][gc           ] GC(8) Pause Young (Allocation Failure) 34M->1M(123M) 0.367ms
[0.295s][info][gc,cpu       ] GC(8) User=0.00s Sys=0.00s Real=0.00s
[0.296s][info][gc,start     ] GC(9) Pause Young (Allocation Failure)
[0.297s][info][gc,task      ] GC(9) Using 2 workers of 4 for evacuation
[0.297s][info][gc,heap      ] GC(9) ParNew: 34479K->0K(39424K)
[0.297s][info][gc,heap      ] GC(9) CMS: 1093K->1093K(87424K)
[0.297s][info][gc,metaspace ] GC(9) Metaspace: 6508K->6508K(1056768K)
[0.297s][info][gc           ] GC(9) Pause Young (Allocation Failure) 34M->1M(123M) 0.290ms
[0.297s][info][gc,cpu       ] GC(9) User=0.00s Sys=0.00s Real=0.00s
[0.299s][info][gc,start     ] GC(10) Pause Young (Allocation Failure)
[0.299s][info][gc,task      ] GC(10) Using 2 workers of 4 for evacuation
[0.299s][info][gc,heap      ] GC(10) ParNew: 34479K->0K(39424K)
[0.299s][info][gc,heap      ] GC(10) CMS: 1093K->1093K(87424K)
[0.299s][info][gc,metaspace ] GC(10) Metaspace: 6508K->6508K(1056768K)
[0.299s][info][gc           ] GC(10) Pause Young (Allocation Failure) 34M->1M(123M) 0.338ms
[0.299s][info][gc,cpu       ] GC(10) User=0.00s Sys=0.00s Real=0.00s
[0.303s][info][gc,start     ] GC(11) Pause Young (Allocation Failure)
[0.303s][info][gc,task      ] GC(11) Using 2 workers of 4 for evacuation
[0.303s][info][gc,heap      ] GC(11) ParNew: 34479K->0K(39424K)
[0.303s][info][gc,heap      ] GC(11) CMS: 1093K->1093K(87424K)
[0.303s][info][gc,metaspace ] GC(11) Metaspace: 6508K->6508K(1056768K)
[0.303s][info][gc           ] GC(11) Pause Young (Allocation Failure) 34M->1M(123M) 0.421ms
[0.303s][info][gc,cpu       ] GC(11) User=0.00s Sys=0.00s Real=0.00s
[0.307s][info][gc,start     ] GC(12) Pause Young (Allocation Failure)
[0.307s][info][gc,task      ] GC(12) Using 2 workers of 4 for evacuation
[0.307s][info][gc,heap      ] GC(12) ParNew: 34479K->0K(39424K)
[0.307s][info][gc,heap      ] GC(12) CMS: 1093K->1093K(87424K)
[0.307s][info][gc,metaspace ] GC(12) Metaspace: 6508K->6508K(1056768K)
[0.307s][info][gc           ] GC(12) Pause Young (Allocation Failure) 34M->1M(123M) 0.376ms
[0.307s][info][gc,cpu       ] GC(12) User=0.00s Sys=0.00s Real=0.00s
[0.309s][info][gc,start     ] GC(13) Pause Young (Allocation Failure)
[0.309s][info][gc,task      ] GC(13) Using 2 workers of 4 for evacuation
[0.309s][info][gc,heap      ] GC(13) ParNew: 34479K->0K(39424K)
[0.309s][info][gc,heap      ] GC(13) CMS: 1093K->1093K(87424K)
[0.310s][info][gc,metaspace ] GC(13) Metaspace: 6508K->6508K(1056768K)
[0.310s][info][gc           ] GC(13) Pause Young (Allocation Failure) 34M->1M(123M) 0.347ms
[0.310s][info][gc,cpu       ] GC(13) User=0.00s Sys=0.00s Real=0.00s
[0.312s][info][gc,start     ] GC(14) Pause Young (Allocation Failure)
[0.312s][info][gc,task      ] GC(14) Using 2 workers of 4 for evacuation
[0.313s][info][gc,heap      ] GC(14) ParNew: 34479K->0K(39424K)
[0.313s][info][gc,heap      ] GC(14) CMS: 1093K->1093K(87424K)
[0.313s][info][gc,metaspace ] GC(14) Metaspace: 6508K->6508K(1056768K)
[0.313s][info][gc           ] GC(14) Pause Young (Allocation Failure) 34M->1M(123M) 0.417ms
[0.313s][info][gc,cpu       ] GC(14) User=0.00s Sys=0.00s Real=0.00s
[0.316s][info][gc,start     ] GC(15) Pause Young (Allocation Failure)
[0.316s][info][gc,task      ] GC(15) Using 2 workers of 4 for evacuation
[0.316s][info][gc,heap      ] GC(15) ParNew: 34479K->0K(39424K)
[0.316s][info][gc,heap      ] GC(15) CMS: 1093K->1093K(87424K)
[0.317s][info][gc,metaspace ] GC(15) Metaspace: 6508K->6508K(1056768K)
[0.317s][info][gc           ] GC(15) Pause Young (Allocation Failure) 34M->1M(123M) 0.375ms
[0.317s][info][gc,cpu       ] GC(15) User=0.00s Sys=0.00s Real=0.00s
[0.319s][info][gc,start     ] GC(16) Pause Young (Allocation Failure)
[0.319s][info][gc,task      ] GC(16) Using 2 workers of 4 for evacuation
[0.319s][info][gc,heap      ] GC(16) ParNew: 34479K->0K(39424K)
[0.319s][info][gc,heap      ] GC(16) CMS: 1093K->1093K(87424K)
[0.319s][info][gc,metaspace ] GC(16) Metaspace: 6508K->6508K(1056768K)
[0.319s][info][gc           ] GC(16) Pause Young (Allocation Failure) 34M->1M(123M) 0.369ms
[0.320s][info][gc,cpu       ] GC(16) User=0.00s Sys=0.00s Real=0.00s
[0.323s][info][gc,start     ] GC(17) Pause Young (Allocation Failure)
[0.323s][info][gc,task      ] GC(17) Using 2 workers of 4 for evacuation
[0.323s][info][gc,heap      ] GC(17) ParNew: 34479K->0K(39424K)
[0.323s][info][gc,heap      ] GC(17) CMS: 1093K->1093K(87424K)
[0.323s][info][gc,metaspace ] GC(17) Metaspace: 6508K->6508K(1056768K)
[0.323s][info][gc           ] GC(17) Pause Young (Allocation Failure) 34M->1M(123M) 0.357ms
[0.323s][info][gc,cpu       ] GC(17) User=0.00s Sys=0.00s Real=0.00s
[0.325s][info][gc,start     ] GC(18) Pause Young (Allocation Failure)
[0.325s][info][gc,task      ] GC(18) Using 2 workers of 4 for evacuation
[0.325s][info][gc,heap      ] GC(18) ParNew: 34479K->0K(39424K)
[0.325s][info][gc,heap      ] GC(18) CMS: 1093K->1093K(87424K)
[0.325s][info][gc,metaspace ] GC(18) Metaspace: 6508K->6508K(1056768K)
[0.325s][info][gc           ] GC(18) Pause Young (Allocation Failure) 34M->1M(123M) 0.307ms
[0.325s][info][gc,cpu       ] GC(18) User=0.00s Sys=0.00s Real=0.00s
[0.327s][info][gc,start     ] GC(19) Pause Young (Allocation Failure)
[0.328s][info][gc,task      ] GC(19) Using 2 workers of 4 for evacuation
[0.328s][info][gc,heap      ] GC(19) ParNew: 34479K->0K(39424K)
[0.328s][info][gc,heap      ] GC(19) CMS: 1093K->1093K(87424K)
[0.328s][info][gc,metaspace ] GC(19) Metaspace: 6508K->6508K(1056768K)
[0.328s][info][gc           ] GC(19) Pause Young (Allocation Failure) 34M->1M(123M) 0.321ms
[0.328s][info][gc,cpu       ] GC(19) User=0.00s Sys=0.00s Real=0.00s
[0.331s][info][gc,start     ] GC(20) Pause Young (Allocation Failure)
[0.331s][info][gc,task      ] GC(20) Using 2 workers of 4 for evacuation
[0.331s][info][gc,heap      ] GC(20) ParNew: 34479K->0K(39424K)
[0.331s][info][gc,heap      ] GC(20) CMS: 1093K->1093K(87424K)
[0.331s][info][gc,metaspace ] GC(20) Metaspace: 6508K->6508K(1056768K)
[0.331s][info][gc           ] GC(20) Pause Young (Allocation Failure) 34M->1M(123M) 0.354ms
[0.331s][info][gc,cpu       ] GC(20) User=0.00s Sys=0.00s Real=0.00s
[0.333s][info][gc,start     ] GC(21) Pause Young (Allocation Failure)
[0.333s][info][gc,task      ] GC(21) Using 2 workers of 4 for evacuation
[0.334s][info][gc,heap      ] GC(21) ParNew: 34479K->0K(39424K)
[0.334s][info][gc,heap      ] GC(21) CMS: 1093K->1093K(87424K)
[0.334s][info][gc,metaspace ] GC(21) Metaspace: 6508K->6508K(1056768K)
[0.334s][info][gc           ] GC(21) Pause Young (Allocation Failure) 34M->1M(123M) 0.324ms
[0.334s][info][gc,cpu       ] GC(21) User=0.00s Sys=0.00s Real=0.00s
[0.336s][info][gc,start     ] GC(22) Pause Young (Allocation Failure)
[0.336s][info][gc,task      ] GC(22) Using 2 workers of 4 for evacuation
[0.337s][info][gc,heap      ] GC(22) ParNew: 34479K->0K(39424K)
[0.337s][info][gc,heap      ] GC(22) CMS: 1093K->1093K(87424K)
[0.337s][info][gc,metaspace ] GC(22) Metaspace: 6508K->6508K(1056768K)
[0.337s][info][gc           ] GC(22) Pause Young (Allocation Failure) 34M->1M(123M) 0.377ms
[0.337s][info][gc,cpu       ] GC(22) User=0.03s Sys=0.00s Real=0.00s
[0.339s][info][gc,start     ] GC(23) Pause Young (Allocation Failure)
[0.339s][info][gc,task      ] GC(23) Using 2 workers of 4 for evacuation
[0.339s][info][gc,heap      ] GC(23) ParNew: 34479K->0K(39424K)
[0.339s][info][gc,heap      ] GC(23) CMS: 1093K->1093K(87424K)
[0.339s][info][gc,metaspace ] GC(23) Metaspace: 6508K->6508K(1056768K)
[0.339s][info][gc           ] GC(23) Pause Young (Allocation Failure) 34M->1M(123M) 0.335ms
[0.339s][info][gc,cpu       ] GC(23) User=0.00s Sys=0.00s Real=0.00s
[0.342s][info][gc,start     ] GC(24) Pause Young (Allocation Failure)
[0.342s][info][gc,task      ] GC(24) Using 2 workers of 4 for evacuation
[0.342s][info][gc,heap      ] GC(24) ParNew: 34479K->0K(39424K)
[0.342s][info][gc,heap      ] GC(24) CMS: 1093K->1093K(87424K)
[0.342s][info][gc,metaspace ] GC(24) Metaspace: 6508K->6508K(1056768K)
[0.342s][info][gc           ] GC(24) Pause Young (Allocation Failure) 34M->1M(123M) 0.344ms
[0.342s][info][gc,cpu       ] GC(24) User=0.00s Sys=0.00s Real=0.00s
[0.344s][info][gc,start     ] GC(25) Pause Young (Allocation Failure)
[0.344s][info][gc,task      ] GC(25) Using 2 workers of 4 for evacuation
[0.344s][info][gc,heap      ] GC(25) ParNew: 34479K->0K(39424K)
[0.344s][info][gc,heap      ] GC(25) CMS: 1093K->1093K(87424K)
[0.344s][info][gc,metaspace ] GC(25) Metaspace: 6508K->6508K(1056768K)
[0.344s][info][gc           ] GC(25) Pause Young (Allocation Failure) 34M->1M(123M) 0.404ms
[0.345s][info][gc,cpu       ] GC(25) User=0.00s Sys=0.00s Real=0.00s
[0.347s][info][gc,start     ] GC(26) Pause Young (Allocation Failure)
[0.347s][info][gc,task      ] GC(26) Using 2 workers of 4 for evacuation
[0.347s][info][gc,heap      ] GC(26) ParNew: 34479K->0K(39424K)
[0.347s][info][gc,heap      ] GC(26) CMS: 1093K->1093K(87424K)
[0.347s][info][gc,metaspace ] GC(26) Metaspace: 6508K->6508K(1056768K)
[0.347s][info][gc           ] GC(26) Pause Young (Allocation Failure) 34M->1M(123M) 0.341ms
[0.347s][info][gc,cpu       ] GC(26) User=0.00s Sys=0.00s Real=0.00s
[0.350s][info][gc,start     ] GC(27) Pause Young (Allocation Failure)
[0.350s][info][gc,task      ] GC(27) Using 2 workers of 4 for evacuation
[0.350s][info][gc,heap      ] GC(27) ParNew: 34479K->0K(39424K)
[0.350s][info][gc,heap      ] GC(27) CMS: 1093K->1093K(87424K)
[0.350s][info][gc,metaspace ] GC(27) Metaspace: 6508K->6508K(1056768K)
[0.350s][info][gc           ] GC(27) Pause Young (Allocation Failure) 34M->1M(123M) 0.308ms
[0.350s][info][gc,cpu       ] GC(27) User=0.00s Sys=0.00s Real=0.00s
[0.352s][info][gc,start     ] GC(28) Pause Young (Allocation Failure)
[0.352s][info][gc,task      ] GC(28) Using 2 workers of 4 for evacuation
[0.353s][info][gc,heap      ] GC(28) ParNew: 34479K->0K(39424K)
[0.353s][info][gc,heap      ] GC(28) CMS: 1093K->1093K(87424K)
[0.353s][info][gc,metaspace ] GC(28) Metaspace: 6508K->6508K(1056768K)
[0.353s][info][gc           ] GC(28) Pause Young (Allocation Failure) 34M->1M(123M) 0.317ms
[0.353s][info][gc,cpu       ] GC(28) User=0.03s Sys=0.00s Real=0.00s
[0.355s][info][gc,start     ] GC(29) Pause Young (Allocation Failure)
[0.355s][info][gc,task      ] GC(29) Using 2 workers of 4 for evacuation
[0.355s][info][gc,heap      ] GC(29) ParNew: 34479K->0K(39424K)
[0.355s][info][gc,heap      ] GC(29) CMS: 1093K->1093K(87424K)
[0.355s][info][gc,metaspace ] GC(29) Metaspace: 6508K->6508K(1056768K)
[0.355s][info][gc           ] GC(29) Pause Young (Allocation Failure) 34M->1M(123M) 0.323ms
[0.355s][info][gc,cpu       ] GC(29) User=0.00s Sys=0.00s Real=0.00s
[0.358s][info][gc,start     ] GC(30) Pause Young (Allocation Failure)
[0.358s][info][gc,task      ] GC(30) Using 2 workers of 4 for evacuation
[0.358s][info][gc,heap      ] GC(30) ParNew: 34479K->0K(39424K)
[0.358s][info][gc,heap      ] GC(30) CMS: 1093K->1093K(87424K)
[0.358s][info][gc,metaspace ] GC(30) Metaspace: 6508K->6508K(1056768K)
[0.358s][info][gc           ] GC(30) Pause Young (Allocation Failure) 34M->1M(123M) 0.338ms
[0.358s][info][gc,cpu       ] GC(30) User=0.00s Sys=0.00s Real=0.00s
[0.360s][info][gc,start     ] GC(31) Pause Young (Allocation Failure)
[0.361s][info][gc,task      ] GC(31) Using 2 workers of 4 for evacuation
[0.361s][info][gc,heap      ] GC(31) ParNew: 34479K->0K(39424K)
[0.361s][info][gc,heap      ] GC(31) CMS: 1093K->1093K(87424K)
[0.361s][info][gc,metaspace ] GC(31) Metaspace: 6508K->6508K(1056768K)
[0.361s][info][gc           ] GC(31) Pause Young (Allocation Failure) 34M->1M(123M) 0.340ms
[0.361s][info][gc,cpu       ] GC(31) User=0.00s Sys=0.00s Real=0.00s
[0.363s][info][gc,start     ] GC(32) Pause Young (Allocation Failure)
[0.363s][info][gc,task      ] GC(32) Using 2 workers of 4 for evacuation
[0.364s][info][gc,heap      ] GC(32) ParNew: 34479K->0K(39424K)
[0.364s][info][gc,heap      ] GC(32) CMS: 1093K->1093K(87424K)
[0.364s][info][gc,metaspace ] GC(32) Metaspace: 6508K->6508K(1056768K)
[0.364s][info][gc           ] GC(32) Pause Young (Allocation Failure) 34M->1M(123M) 0.400ms
[0.364s][info][gc,cpu       ] GC(32) User=0.00s Sys=0.00s Real=0.00s
[0.367s][info][gc,start     ] GC(33) Pause Young (Allocation Failure)
[0.367s][info][gc,task      ] GC(33) Using 2 workers of 4 for evacuation
[0.367s][info][gc,heap      ] GC(33) ParNew: 34479K->0K(39424K)
[0.367s][info][gc,heap      ] GC(33) CMS: 1093K->1093K(87424K)
[0.367s][info][gc,metaspace ] GC(33) Metaspace: 6508K->6508K(1056768K)
[0.367s][info][gc           ] GC(33) Pause Young (Allocation Failure) 34M->1M(123M) 0.409ms
[0.367s][info][gc,cpu       ] GC(33) User=0.00s Sys=0.00s Real=0.00s
[0.370s][info][gc,start     ] GC(34) Pause Young (Allocation Failure)
[0.370s][info][gc,task      ] GC(34) Using 2 workers of 4 for evacuation
[0.370s][info][gc,heap      ] GC(34) ParNew: 34479K->0K(39424K)
[0.370s][info][gc,heap      ] GC(34) CMS: 1093K->1093K(87424K)
[0.370s][info][gc,metaspace ] GC(34) Metaspace: 6508K->6508K(1056768K)
[0.370s][info][gc           ] GC(34) Pause Young (Allocation Failure) 34M->1M(123M) 0.374ms
[0.370s][info][gc,cpu       ] GC(34) User=0.00s Sys=0.00s Real=0.00s
[0.374s][info][gc,start     ] GC(35) Pause Young (Allocation Failure)
[0.374s][info][gc,task      ] GC(35) Using 2 workers of 4 for evacuation
[0.374s][info][gc,heap      ] GC(35) ParNew: 34479K->0K(39424K)
[0.374s][info][gc,heap      ] GC(35) CMS: 1093K->1093K(87424K)
[0.374s][info][gc,metaspace ] GC(35) Metaspace: 6508K->6508K(1056768K)
[0.374s][info][gc           ] GC(35) Pause Young (Allocation Failure) 34M->1M(123M) 0.366ms
[0.374s][info][gc,cpu       ] GC(35) User=0.00s Sys=0.00s Real=0.00s
[0.378s][info][gc,start     ] GC(36) Pause Young (Allocation Failure)
[0.378s][info][gc,task      ] GC(36) Using 2 workers of 4 for evacuation
[0.378s][info][gc,heap      ] GC(36) ParNew: 34479K->0K(39424K)
[0.378s][info][gc,heap      ] GC(36) CMS: 1093K->1093K(87424K)
[0.378s][info][gc,metaspace ] GC(36) Metaspace: 6508K->6508K(1056768K)
[0.378s][info][gc           ] GC(36) Pause Young (Allocation Failure) 34M->1M(123M) 0.371ms
[0.378s][info][gc,cpu       ] GC(36) User=0.00s Sys=0.00s Real=0.00s
[0.381s][info][gc,start     ] GC(37) Pause Young (Allocation Failure)
[0.381s][info][gc,task      ] GC(37) Using 2 workers of 4 for evacuation
[0.382s][info][gc,heap      ] GC(37) ParNew: 34479K->0K(39424K)
[0.382s][info][gc,heap      ] GC(37) CMS: 1093K->1093K(87424K)
[0.382s][info][gc,metaspace ] GC(37) Metaspace: 6508K->6508K(1056768K)
[0.382s][info][gc           ] GC(37) Pause Young (Allocation Failure) 34M->1M(123M) 0.413ms
[0.382s][info][gc,cpu       ] GC(37) User=0.00s Sys=0.00s Real=0.00s
[0.384s][info][gc,start     ] GC(38) Pause Young (Allocation Failure)
[0.384s][info][gc,task      ] GC(38) Using 2 workers of 4 for evacuation
[0.384s][info][gc,heap      ] GC(38) ParNew: 34479K->0K(39424K)
[0.384s][info][gc,heap      ] GC(38) CMS: 1093K->1093K(87424K)
[0.384s][info][gc,metaspace ] GC(38) Metaspace: 6508K->6508K(1056768K)
[0.384s][info][gc           ] GC(38) Pause Young (Allocation Failure) 34M->1M(123M) 0.372ms
[0.384s][info][gc,cpu       ] GC(38) User=0.00s Sys=0.00s Real=0.00s
[0.389s][info][gc,start     ] GC(39) Pause Young (Allocation Failure)
[0.389s][info][gc,task      ] GC(39) Using 2 workers of 4 for evacuation
[0.389s][info][gc,heap      ] GC(39) ParNew: 34479K->0K(39424K)
[0.389s][info][gc,heap      ] GC(39) CMS: 1093K->1093K(87424K)
[0.389s][info][gc,metaspace ] GC(39) Metaspace: 6508K->6508K(1056768K)
[0.389s][info][gc           ] GC(39) Pause Young (Allocation Failure) 34M->1M(123M) 0.357ms
[0.389s][info][gc,cpu       ] GC(39) User=0.00s Sys=0.00s Real=0.00s
[0.393s][info][gc,start     ] GC(40) Pause Young (Allocation Failure)
[0.393s][info][gc,task      ] GC(40) Using 2 workers of 4 for evacuation
[0.393s][info][gc,heap      ] GC(40) ParNew: 34479K->0K(39424K)
[0.393s][info][gc,heap      ] GC(40) CMS: 1093K->1093K(87424K)
[0.393s][info][gc,metaspace ] GC(40) Metaspace: 6508K->6508K(1056768K)
[0.393s][info][gc           ] GC(40) Pause Young (Allocation Failure) 34M->1M(123M) 0.510ms
[0.393s][info][gc,cpu       ] GC(40) User=0.00s Sys=0.00s Real=0.00s
[0.396s][info][gc,start     ] GC(41) Pause Young (Allocation Failure)
[0.396s][info][gc,task      ] GC(41) Using 2 workers of 4 for evacuation
[0.396s][info][gc,heap      ] GC(41) ParNew: 34479K->0K(39424K)
[0.396s][info][gc,heap      ] GC(41) CMS: 1093K->1093K(87424K)
[0.396s][info][gc,metaspace ] GC(41) Metaspace: 6508K->6508K(1056768K)
[0.396s][info][gc           ] GC(41) Pause Young (Allocation Failure) 34M->1M(123M) 0.352ms
[0.396s][info][gc,cpu       ] GC(41) User=0.00s Sys=0.00s Real=0.00s
[0.399s][info][gc,start     ] GC(42) Pause Young (Allocation Failure)
[0.399s][info][gc,task      ] GC(42) Using 2 workers of 4 for evacuation
[0.399s][info][gc,heap      ] GC(42) ParNew: 34479K->0K(39424K)
[0.399s][info][gc,heap      ] GC(42) CMS: 1093K->1093K(87424K)
[0.399s][info][gc,metaspace ] GC(42) Metaspace: 6508K->6508K(1056768K)
[0.399s][info][gc           ] GC(42) Pause Young (Allocation Failure) 34M->1M(123M) 0.345ms
[0.399s][info][gc,cpu       ] GC(42) User=0.00s Sys=0.00s Real=0.00s
[0.402s][info][gc,start     ] GC(43) Pause Young (Allocation Failure)
[0.402s][info][gc,task      ] GC(43) Using 2 workers of 4 for evacuation
[0.402s][info][gc,heap      ] GC(43) ParNew: 34479K->0K(39424K)
[0.402s][info][gc,heap      ] GC(43) CMS: 1093K->1093K(87424K)
[0.402s][info][gc,metaspace ] GC(43) Metaspace: 6508K->6508K(1056768K)
[0.402s][info][gc           ] GC(43) Pause Young (Allocation Failure) 34M->1M(123M) 0.365ms
[0.402s][info][gc,cpu       ] GC(43) User=0.00s Sys=0.00s Real=0.00s
[0.405s][info][gc,start     ] GC(44) Pause Young (Allocation Failure)
[0.405s][info][gc,task      ] GC(44) Using 2 workers of 4 for evacuation
[0.405s][info][gc,heap      ] GC(44) ParNew: 34479K->0K(39424K)
[0.405s][info][gc,heap      ] GC(44) CMS: 1093K->1093K(87424K)
[0.405s][info][gc,metaspace ] GC(44) Metaspace: 6508K->6508K(1056768K)
[0.405s][info][gc           ] GC(44) Pause Young (Allocation Failure) 34M->1M(123M) 0.434ms
[0.405s][info][gc,cpu       ] GC(44) User=0.00s Sys=0.00s Real=0.00s
[0.408s][info][gc,start     ] GC(45) Pause Young (Allocation Failure)
[0.408s][info][gc,task      ] GC(45) Using 2 workers of 4 for evacuation
[0.408s][info][gc,heap      ] GC(45) ParNew: 34479K->0K(39424K)
[0.408s][info][gc,heap      ] GC(45) CMS: 1093K->1093K(87424K)
[0.408s][info][gc,metaspace ] GC(45) Metaspace: 6508K->6508K(1056768K)
[0.408s][info][gc           ] GC(45) Pause Young (Allocation Failure) 34M->1M(123M) 0.332ms
[0.408s][info][gc,cpu       ] GC(45) User=0.00s Sys=0.00s Real=0.00s
[0.410s][info][gc,start     ] GC(46) Pause Young (Allocation Failure)
[0.410s][info][gc,task      ] GC(46) Using 2 workers of 4 for evacuation
[0.411s][info][gc,heap      ] GC(46) ParNew: 34479K->0K(39424K)
[0.411s][info][gc,heap      ] GC(46) CMS: 1093K->1093K(87424K)
[0.411s][info][gc,metaspace ] GC(46) Metaspace: 6508K->6508K(1056768K)
[0.411s][info][gc           ] GC(46) Pause Young (Allocation Failure) 34M->1M(123M) 0.326ms
[0.411s][info][gc,cpu       ] GC(46) User=0.00s Sys=0.00s Real=0.00s
[0.413s][info][gc,start     ] GC(47) Pause Young (Allocation Failure)
[0.413s][info][gc,task      ] GC(47) Using 2 workers of 4 for evacuation
[0.414s][info][gc,heap      ] GC(47) ParNew: 34479K->0K(39424K)
[0.414s][info][gc,heap      ] GC(47) CMS: 1093K->1093K(87424K)
[0.414s][info][gc,metaspace ] GC(47) Metaspace: 6508K->6508K(1056768K)
[0.414s][info][gc           ] GC(47) Pause Young (Allocation Failure) 34M->1M(123M) 0.475ms
[0.414s][info][gc,cpu       ] GC(47) User=0.00s Sys=0.00s Real=0.00s
[0.417s][info][gc,start     ] GC(48) Pause Young (Allocation Failure)
[0.417s][info][gc,task      ] GC(48) Using 2 workers of 4 for evacuation
[0.417s][info][gc,heap      ] GC(48) ParNew: 34479K->0K(39424K)
[0.417s][info][gc,heap      ] GC(48) CMS: 1093K->1093K(87424K)
[0.417s][info][gc,metaspace ] GC(48) Metaspace: 6508K->6508K(1056768K)
[0.417s][info][gc           ] GC(48) Pause Young (Allocation Failure) 34M->1M(123M) 0.387ms
[0.417s][info][gc,cpu       ] GC(48) User=0.00s Sys=0.00s Real=0.00s
[0.420s][info][gc,start     ] GC(49) Pause Young (Allocation Failure)
[0.420s][info][gc,task      ] GC(49) Using 2 workers of 4 for evacuation
[0.420s][info][gc,heap      ] GC(49) ParNew: 34479K->0K(39424K)
[0.420s][info][gc,heap      ] GC(49) CMS: 1093K->1093K(87424K)
[0.420s][info][gc,metaspace ] GC(49) Metaspace: 6508K->6508K(1056768K)
[0.420s][info][gc           ] GC(49) Pause Young (Allocation Failure) 34M->1M(123M) 0.364ms
[0.420s][info][gc,cpu       ] GC(49) User=0.00s Sys=0.00s Real=0.00s
[0.423s][info][gc,start     ] GC(50) Pause Young (Allocation Failure)
[0.423s][info][gc,task      ] GC(50) Using 2 workers of 4 for evacuation
[0.423s][info][gc,heap      ] GC(50) ParNew: 34479K->0K(39424K)
[0.423s][info][gc,heap      ] GC(50) CMS: 1093K->1093K(87424K)
[0.423s][info][gc,metaspace ] GC(50) Metaspace: 6508K->6508K(1056768K)
[0.423s][info][gc           ] GC(50) Pause Young (Allocation Failure) 34M->1M(123M) 0.355ms
[0.423s][info][gc,cpu       ] GC(50) User=0.00s Sys=0.00s Real=0.00s
[0.426s][info][gc,start     ] GC(51) Pause Young (Allocation Failure)
[0.426s][info][gc,task      ] GC(51) Using 2 workers of 4 for evacuation
[0.426s][info][gc,heap      ] GC(51) ParNew: 34479K->0K(39424K)
[0.426s][info][gc,heap      ] GC(51) CMS: 1093K->1093K(87424K)
[0.426s][info][gc,metaspace ] GC(51) Metaspace: 6508K->6508K(1056768K)
[0.426s][info][gc           ] GC(51) Pause Young (Allocation Failure) 34M->1M(123M) 0.312ms
[0.426s][info][gc,cpu       ] GC(51) User=0.00s Sys=0.00s Real=0.00s
[0.428s][info][gc,start     ] GC(52) Pause Young (Allocation Failure)
[0.428s][info][gc,task      ] GC(52) Using 2 workers of 4 for evacuation
[0.428s][info][gc,heap      ] GC(52) ParNew: 34479K->0K(39424K)
[0.428s][info][gc,heap      ] GC(52) CMS: 1093K->1093K(87424K)
[0.428s][info][gc,metaspace ] GC(52) Metaspace: 6508K->6508K(1056768K)
[0.428s][info][gc           ] GC(52) Pause Young (Allocation Failure) 34M->1M(123M) 0.346ms
[0.429s][info][gc,cpu       ] GC(52) User=0.00s Sys=0.00s Real=0.00s
[0.431s][info][gc,start     ] GC(53) Pause Young (Allocation Failure)
[0.431s][info][gc,task      ] GC(53) Using 2 workers of 4 for evacuation
[0.432s][info][gc,heap      ] GC(53) ParNew: 34479K->0K(39424K)
[0.432s][info][gc,heap      ] GC(53) CMS: 1093K->1093K(87424K)
[0.432s][info][gc,metaspace ] GC(53) Metaspace: 6508K->6508K(1056768K)
[0.432s][info][gc           ] GC(53) Pause Young (Allocation Failure) 34M->1M(123M) 0.589ms
[0.432s][info][gc,cpu       ] GC(53) User=0.00s Sys=0.00s Real=0.00s
[0.435s][info][gc,start     ] GC(54) Pause Young (Allocation Failure)
[0.435s][info][gc,task      ] GC(54) Using 2 workers of 4 for evacuation
[0.435s][info][gc,heap      ] GC(54) ParNew: 34479K->0K(39424K)
[0.435s][info][gc,heap      ] GC(54) CMS: 1093K->1093K(87424K)
[0.435s][info][gc,metaspace ] GC(54) Metaspace: 6508K->6508K(1056768K)
[0.435s][info][gc           ] GC(54) Pause Young (Allocation Failure) 34M->1M(123M) 0.419ms
[0.435s][info][gc,cpu       ] GC(54) User=0.00s Sys=0.00s Real=0.00s
[0.438s][info][gc,start     ] GC(55) Pause Young (Allocation Failure)
[0.438s][info][gc,task      ] GC(55) Using 2 workers of 4 for evacuation
[0.438s][info][gc,heap      ] GC(55) ParNew: 34479K->0K(39424K)
[0.438s][info][gc,heap      ] GC(55) CMS: 1093K->1093K(87424K)
[0.438s][info][gc,metaspace ] GC(55) Metaspace: 6508K->6508K(1056768K)
[0.438s][info][gc           ] GC(55) Pause Young (Allocation Failure) 34M->1M(123M) 0.362ms
[0.438s][info][gc,cpu       ] GC(55) User=0.00s Sys=0.00s Real=0.00s
[0.441s][info][gc,start     ] GC(56) Pause Young (Allocation Failure)
[0.441s][info][gc,task      ] GC(56) Using 2 workers of 4 for evacuation
[0.441s][info][gc,heap      ] GC(56) ParNew: 34479K->0K(39424K)
[0.441s][info][gc,heap      ] GC(56) CMS: 1093K->1093K(87424K)
[0.441s][info][gc,metaspace ] GC(56) Metaspace: 6508K->6508K(1056768K)
[0.441s][info][gc           ] GC(56) Pause Young (Allocation Failure) 34M->1M(123M) 0.382ms
[0.441s][info][gc,cpu       ] GC(56) User=0.00s Sys=0.00s Real=0.00s
[0.444s][info][gc,start     ] GC(57) Pause Young (Allocation Failure)
[0.444s][info][gc,task      ] GC(57) Using 2 workers of 4 for evacuation
[0.444s][info][gc,heap      ] GC(57) ParNew: 34479K->0K(39424K)
[0.444s][info][gc,heap      ] GC(57) CMS: 1093K->1093K(87424K)
[0.444s][info][gc,metaspace ] GC(57) Metaspace: 6508K->6508K(1056768K)
[0.444s][info][gc           ] GC(57) Pause Young (Allocation Failure) 34M->1M(123M) 0.343ms
[0.444s][info][gc,cpu       ] GC(57) User=0.00s Sys=0.00s Real=0.00s
[0.448s][info][gc,start     ] GC(58) Pause Young (Allocation Failure)
[0.448s][info][gc,task      ] GC(58) Using 2 workers of 4 for evacuation
[0.449s][info][gc,heap      ] GC(58) ParNew: 34479K->0K(39424K)
[0.449s][info][gc,heap      ] GC(58) CMS: 1093K->1093K(87424K)
[0.449s][info][gc,metaspace ] GC(58) Metaspace: 6508K->6508K(1056768K)
[0.449s][info][gc           ] GC(58) Pause Young (Allocation Failure) 34M->1M(123M) 0.805ms
[0.449s][info][gc,cpu       ] GC(58) User=0.00s Sys=0.00s Real=0.00s
[0.452s][info][gc,start     ] GC(59) Pause Young (Allocation Failure)
[0.452s][info][gc,task      ] GC(59) Using 2 workers of 4 for evacuation
[0.453s][info][gc,heap      ] GC(59) ParNew: 34479K->0K(39424K)
[0.453s][info][gc,heap      ] GC(59) CMS: 1093K->1093K(87424K)
[0.453s][info][gc,metaspace ] GC(59) Metaspace: 6508K->6508K(1056768K)
[0.453s][info][gc           ] GC(59) Pause Young (Allocation Failure) 34M->1M(123M) 0.362ms
[0.453s][info][gc,cpu       ] GC(59) User=0.00s Sys=0.00s Real=0.00s
[0.455s][info][gc,start     ] GC(60) Pause Young (Allocation Failure)
[0.455s][info][gc,task      ] GC(60) Using 2 workers of 4 for evacuation
[0.455s][info][gc,heap      ] GC(60) ParNew: 34479K->0K(39424K)
[0.455s][info][gc,heap      ] GC(60) CMS: 1093K->1093K(87424K)
[0.455s][info][gc,metaspace ] GC(60) Metaspace: 6508K->6508K(1056768K)
[0.455s][info][gc           ] GC(60) Pause Young (Allocation Failure) 34M->1M(123M) 0.351ms
[0.455s][info][gc,cpu       ] GC(60) User=0.00s Sys=0.00s Real=0.00s
[0.458s][info][gc,start     ] GC(61) Pause Young (Allocation Failure)
[0.458s][info][gc,task      ] GC(61) Using 2 workers of 4 for evacuation
[0.458s][info][gc,heap      ] GC(61) ParNew: 34479K->0K(39424K)
[0.458s][info][gc,heap      ] GC(61) CMS: 1093K->1093K(87424K)
[0.458s][info][gc,metaspace ] GC(61) Metaspace: 6508K->6508K(1056768K)
[0.458s][info][gc           ] GC(61) Pause Young (Allocation Failure) 34M->1M(123M) 0.341ms
[0.458s][info][gc,cpu       ] GC(61) User=0.00s Sys=0.00s Real=0.00s
[0.460s][info][gc,start     ] GC(62) Pause Young (Allocation Failure)
[0.460s][info][gc,task      ] GC(62) Using 2 workers of 4 for evacuation
[0.461s][info][gc,heap      ] GC(62) ParNew: 34479K->0K(39424K)
[0.461s][info][gc,heap      ] GC(62) CMS: 1093K->1093K(87424K)
[0.461s][info][gc,metaspace ] GC(62) Metaspace: 6508K->6508K(1056768K)
[0.461s][info][gc           ] GC(62) Pause Young (Allocation Failure) 34M->1M(123M) 0.314ms
[0.461s][info][gc,cpu       ] GC(62) User=0.00s Sys=0.00s Real=0.00s
[0.463s][info][gc,start     ] GC(63) Pause Young (Allocation Failure)
[0.463s][info][gc,task      ] GC(63) Using 2 workers of 4 for evacuation
[0.464s][info][gc,heap      ] GC(63) ParNew: 34479K->0K(39424K)
[0.464s][info][gc,heap      ] GC(63) CMS: 1093K->1093K(87424K)
[0.464s][info][gc,metaspace ] GC(63) Metaspace: 6508K->6508K(1056768K)
[0.464s][info][gc           ] GC(63) Pause Young (Allocation Failure) 34M->1M(123M) 0.352ms
[0.464s][info][gc,cpu       ] GC(63) User=0.00s Sys=0.00s Real=0.00s
[0.466s][info][gc,start     ] GC(64) Pause Young (Allocation Failure)
[0.466s][info][gc,task      ] GC(64) Using 2 workers of 4 for evacuation
[0.466s][info][gc,heap      ] GC(64) ParNew: 34479K->0K(39424K)
[0.466s][info][gc,heap      ] GC(64) CMS: 1093K->1093K(87424K)
[0.466s][info][gc,metaspace ] GC(64) Metaspace: 6508K->6508K(1056768K)
[0.466s][info][gc           ] GC(64) Pause Young (Allocation Failure) 34M->1M(123M) 0.411ms
[0.466s][info][gc,cpu       ] GC(64) User=0.00s Sys=0.00s Real=0.00s
[0.468s][info][gc,start     ] GC(65) Pause Young (Allocation Failure)
[0.469s][info][gc,task      ] GC(65) Using 2 workers of 4 for evacuation
[0.469s][info][gc,heap      ] GC(65) ParNew: 34479K->0K(39424K)
[0.469s][info][gc,heap      ] GC(65) CMS: 1093K->1093K(87424K)
[0.469s][info][gc,metaspace ] GC(65) Metaspace: 6508K->6508K(1056768K)
[0.469s][info][gc           ] GC(65) Pause Young (Allocation Failure) 34M->1M(123M) 0.317ms
[0.469s][info][gc,cpu       ] GC(65) User=0.00s Sys=0.00s Real=0.00s
[0.471s][info][gc,start     ] GC(66) Pause Young (Allocation Failure)
[0.471s][info][gc,task      ] GC(66) Using 2 workers of 4 for evacuation
[0.471s][info][gc,heap      ] GC(66) ParNew: 34479K->0K(39424K)
[0.471s][info][gc,heap      ] GC(66) CMS: 1093K->1093K(87424K)
[0.471s][info][gc,metaspace ] GC(66) Metaspace: 6508K->6508K(1056768K)
[0.471s][info][gc           ] GC(66) Pause Young (Allocation Failure) 34M->1M(123M) 0.340ms
[0.471s][info][gc,cpu       ] GC(66) User=0.00s Sys=0.00s Real=0.00s
[0.473s][info][gc,start     ] GC(67) Pause Young (Allocation Failure)
[0.473s][info][gc,task      ] GC(67) Using 2 workers of 4 for evacuation
[0.473s][info][gc,heap      ] GC(67) ParNew: 34479K->0K(39424K)
[0.473s][info][gc,heap      ] GC(67) CMS: 1093K->1093K(87424K)
[0.473s][info][gc,metaspace ] GC(67) Metaspace: 6508K->6508K(1056768K)
[0.473s][info][gc           ] GC(67) Pause Young (Allocation Failure) 34M->1M(123M) 0.310ms
[0.473s][info][gc,cpu       ] GC(67) User=0.00s Sys=0.00s Real=0.00s
[0.476s][info][gc,start     ] GC(68) Pause Young (Allocation Failure)
[0.476s][info][gc,task      ] GC(68) Using 2 workers of 4 for evacuation
[0.476s][info][gc,heap      ] GC(68) ParNew: 34479K->0K(39424K)
[0.476s][info][gc,heap      ] GC(68) CMS: 1093K->1093K(87424K)
[0.476s][info][gc,metaspace ] GC(68) Metaspace: 6508K->6508K(1056768K)
[0.476s][info][gc           ] GC(68) Pause Young (Allocation Failure) 34M->1M(123M) 0.314ms
[0.476s][info][gc,cpu       ] GC(68) User=0.00s Sys=0.00s Real=0.00s
[0.478s][info][gc,start     ] GC(69) Pause Young (Allocation Failure)
[0.478s][info][gc,task      ] GC(69) Using 2 workers of 4 for evacuation
[0.479s][info][gc,heap      ] GC(69) ParNew: 34479K->0K(39424K)
[0.479s][info][gc,heap      ] GC(69) CMS: 1093K->1093K(87424K)
[0.479s][info][gc,metaspace ] GC(69) Metaspace: 6508K->6508K(1056768K)
[0.479s][info][gc           ] GC(69) Pause Young (Allocation Failure) 34M->1M(123M) 0.344ms
[0.479s][info][gc,cpu       ] GC(69) User=0.00s Sys=0.00s Real=0.00s
[0.483s][info][gc,start     ] GC(70) Pause Young (Allocation Failure)
[0.483s][info][gc,task      ] GC(70) Using 2 workers of 4 for evacuation
[0.483s][info][gc,heap      ] GC(70) ParNew: 34479K->0K(39424K)
[0.483s][info][gc,heap      ] GC(70) CMS: 1093K->1093K(87424K)
[0.483s][info][gc,metaspace ] GC(70) Metaspace: 6508K->6508K(1056768K)
[0.483s][info][gc           ] GC(70) Pause Young (Allocation Failure) 34M->1M(123M) 0.434ms
[0.483s][info][gc,cpu       ] GC(70) User=0.00s Sys=0.00s Real=0.00s
[0.486s][info][gc,start     ] GC(71) Pause Young (Allocation Failure)
[0.486s][info][gc,task      ] GC(71) Using 2 workers of 4 for evacuation
[0.486s][info][gc,heap      ] GC(71) ParNew: 34479K->0K(39424K)
[0.486s][info][gc,heap      ] GC(71) CMS: 1093K->1093K(87424K)
[0.487s][info][gc,metaspace ] GC(71) Metaspace: 6508K->6508K(1056768K)
[0.487s][info][gc           ] GC(71) Pause Young (Allocation Failure) 34M->1M(123M) 0.387ms
[0.487s][info][gc,cpu       ] GC(71) User=0.00s Sys=0.00s Real=0.00s
[0.489s][info][gc,start     ] GC(72) Pause Young (Allocation Failure)
[0.489s][info][gc,task      ] GC(72) Using 2 workers of 4 for evacuation
[0.490s][info][gc,heap      ] GC(72) ParNew: 34479K->0K(39424K)
[0.490s][info][gc,heap      ] GC(72) CMS: 1093K->1093K(87424K)
[0.490s][info][gc,metaspace ] GC(72) Metaspace: 6508K->6508K(1056768K)
[0.490s][info][gc           ] GC(72) Pause Young (Allocation Failure) 34M->1M(123M) 0.446ms
[0.490s][info][gc,cpu       ] GC(72) User=0.00s Sys=0.00s Real=0.00s
[0.493s][info][gc,start     ] GC(73) Pause Young (Allocation Failure)
[0.493s][info][gc,task      ] GC(73) Using 2 workers of 4 for evacuation
[0.493s][info][gc,heap      ] GC(73) ParNew: 34479K->0K(39424K)
[0.493s][info][gc,heap      ] GC(73) CMS: 1093K->1093K(87424K)
[0.493s][info][gc,metaspace ] GC(73) Metaspace: 6508K->6508K(1056768K)
[0.493s][info][gc           ] GC(73) Pause Young (Allocation Failure) 34M->1M(123M) 0.365ms
[0.493s][info][gc,cpu       ] GC(73) User=0.00s Sys=0.00s Real=0.00s
[0.496s][info][gc,start     ] GC(74) Pause Young (Allocation Failure)
[0.496s][info][gc,task      ] GC(74) Using 2 workers of 4 for evacuation
[0.496s][info][gc,heap      ] GC(74) ParNew: 34479K->0K(39424K)
[0.496s][info][gc,heap      ] GC(74) CMS: 1093K->1093K(87424K)
[0.496s][info][gc,metaspace ] GC(74) Metaspace: 6508K->6508K(1056768K)
[0.496s][info][gc           ] GC(74) Pause Young (Allocation Failure) 34M->1M(123M) 0.625ms
[0.496s][info][gc,cpu       ] GC(74) User=0.00s Sys=0.00s Real=0.00s
[0.500s][info][gc,start     ] GC(75) Pause Young (Allocation Failure)
[0.500s][info][gc,task      ] GC(75) Using 2 workers of 4 for evacuation
[0.500s][info][gc,heap      ] GC(75) ParNew: 34479K->0K(39424K)
[0.500s][info][gc,heap      ] GC(75) CMS: 1093K->1093K(87424K)
[0.500s][info][gc,metaspace ] GC(75) Metaspace: 6508K->6508K(1056768K)
[0.500s][info][gc           ] GC(75) Pause Young (Allocation Failure) 34M->1M(123M) 0.371ms
[0.500s][info][gc,cpu       ] GC(75) User=0.00s Sys=0.00s Real=0.00s
[0.503s][info][gc,start     ] GC(76) Pause Young (Allocation Failure)
[0.503s][info][gc,task      ] GC(76) Using 2 workers of 4 for evacuation
[0.503s][info][gc,heap      ] GC(76) ParNew: 34479K->0K(39424K)
[0.503s][info][gc,heap      ] GC(76) CMS: 1093K->1093K(87424K)
[0.503s][info][gc,metaspace ] GC(76) Metaspace: 6508K->6508K(1056768K)
[0.503s][info][gc           ] GC(76) Pause Young (Allocation Failure) 34M->1M(123M) 0.496ms
[0.503s][info][gc,cpu       ] GC(76) User=0.00s Sys=0.00s Real=0.00s
[0.508s][info][gc,start     ] GC(77) Pause Young (Allocation Failure)
[0.508s][info][gc,task      ] GC(77) Using 2 workers of 4 for evacuation
[0.508s][info][gc,heap      ] GC(77) ParNew: 34479K->0K(39424K)
[0.508s][info][gc,heap      ] GC(77) CMS: 1093K->1093K(87424K)
[0.508s][info][gc,metaspace ] GC(77) Metaspace: 6508K->6508K(1056768K)
[0.508s][info][gc           ] GC(77) Pause Young (Allocation Failure) 34M->1M(123M) 0.385ms
[0.508s][info][gc,cpu       ] GC(77) User=0.00s Sys=0.03s Real=0.00s
[0.512s][info][gc,start     ] GC(78) Pause Young (Allocation Failure)
[0.512s][info][gc,task      ] GC(78) Using 2 workers of 4 for evacuation
[0.512s][info][gc,heap      ] GC(78) ParNew: 34479K->0K(39424K)
[0.512s][info][gc,heap      ] GC(78) CMS: 1093K->1093K(87424K)
[0.512s][info][gc,metaspace ] GC(78) Metaspace: 6508K->6508K(1056768K)
[0.512s][info][gc           ] GC(78) Pause Young (Allocation Failure) 34M->1M(123M) 0.398ms
[0.512s][info][gc,cpu       ] GC(78) User=0.00s Sys=0.00s Real=0.00s
[0.515s][info][gc,start     ] GC(79) Pause Young (Allocation Failure)
[0.515s][info][gc,task      ] GC(79) Using 2 workers of 4 for evacuation
[0.515s][info][gc,heap      ] GC(79) ParNew: 34479K->0K(39424K)
[0.515s][info][gc,heap      ] GC(79) CMS: 1093K->1093K(87424K)
[0.515s][info][gc,metaspace ] GC(79) Metaspace: 6508K->6508K(1056768K)
[0.516s][info][gc           ] GC(79) Pause Young (Allocation Failure) 34M->1M(123M) 0.362ms
[0.516s][info][gc,cpu       ] GC(79) User=0.00s Sys=0.00s Real=0.00s
[0.519s][info][gc,start     ] GC(80) Pause Young (Allocation Failure)
[0.519s][info][gc,task      ] GC(80) Using 2 workers of 4 for evacuation
[0.519s][info][gc,heap      ] GC(80) ParNew: 34479K->0K(39424K)
[0.519s][info][gc,heap      ] GC(80) CMS: 1093K->1093K(87424K)
[0.519s][info][gc,metaspace ] GC(80) Metaspace: 6508K->6508K(1056768K)
[0.519s][info][gc           ] GC(80) Pause Young (Allocation Failure) 34M->1M(123M) 0.438ms
[0.519s][info][gc,cpu       ] GC(80) User=0.00s Sys=0.00s Real=0.00s
[0.521s][info][gc,start     ] GC(81) Pause Young (Allocation Failure)
[0.522s][info][gc,task      ] GC(81) Using 2 workers of 4 for evacuation
[0.522s][info][gc,heap      ] GC(81) ParNew: 34479K->0K(39424K)
[0.522s][info][gc,heap      ] GC(81) CMS: 1093K->1093K(87424K)
[0.522s][info][gc,metaspace ] GC(81) Metaspace: 6508K->6508K(1056768K)
[0.522s][info][gc           ] GC(81) Pause Young (Allocation Failure) 34M->1M(123M) 0.309ms
[0.522s][info][gc,cpu       ] GC(81) User=0.00s Sys=0.00s Real=0.00s
[0.524s][info][gc,start     ] GC(82) Pause Young (Allocation Failure)
[0.524s][info][gc,task      ] GC(82) Using 2 workers of 4 for evacuation
[0.524s][info][gc,heap      ] GC(82) ParNew: 34479K->0K(39424K)
[0.524s][info][gc,heap      ] GC(82) CMS: 1093K->1093K(87424K)
[0.524s][info][gc,metaspace ] GC(82) Metaspace: 6508K->6508K(1056768K)
[0.525s][info][gc           ] GC(82) Pause Young (Allocation Failure) 34M->1M(123M) 0.327ms
[0.525s][info][gc,cpu       ] GC(82) User=0.02s Sys=0.00s Real=0.00s
[0.527s][info][gc,start     ] GC(83) Pause Young (Allocation Failure)
[0.527s][info][gc,task      ] GC(83) Using 2 workers of 4 for evacuation
[0.528s][info][gc,heap      ] GC(83) ParNew: 34479K->0K(39424K)
[0.528s][info][gc,heap      ] GC(83) CMS: 1093K->1093K(87424K)
[0.528s][info][gc,metaspace ] GC(83) Metaspace: 6508K->6508K(1056768K)
[0.528s][info][gc           ] GC(83) Pause Young (Allocation Failure) 34M->1M(123M) 0.373ms
[0.528s][info][gc,cpu       ] GC(83) User=0.00s Sys=0.00s Real=0.00s
[0.531s][info][gc,start     ] GC(84) Pause Young (Allocation Failure)
[0.531s][info][gc,task      ] GC(84) Using 2 workers of 4 for evacuation
[0.531s][info][gc,heap      ] GC(84) ParNew: 34479K->0K(39424K)
[0.531s][info][gc,heap      ] GC(84) CMS: 1093K->1093K(87424K)
[0.531s][info][gc,metaspace ] GC(84) Metaspace: 6508K->6508K(1056768K)
[0.531s][info][gc           ] GC(84) Pause Young (Allocation Failure) 34M->1M(123M) 0.367ms
[0.531s][info][gc,cpu       ] GC(84) User=0.00s Sys=0.00s Real=0.00s
[0.534s][info][gc,start     ] GC(85) Pause Young (Allocation Failure)
[0.534s][info][gc,task      ] GC(85) Using 2 workers of 4 for evacuation
[0.535s][info][gc,heap      ] GC(85) ParNew: 34479K->0K(39424K)
[0.535s][info][gc,heap      ] GC(85) CMS: 1093K->1093K(87424K)
[0.535s][info][gc,metaspace ] GC(85) Metaspace: 6508K->6508K(1056768K)
[0.535s][info][gc           ] GC(85) Pause Young (Allocation Failure) 34M->1M(123M) 0.355ms
[0.535s][info][gc,cpu       ] GC(85) User=0.00s Sys=0.00s Real=0.00s
[0.537s][info][gc,start     ] GC(86) Pause Young (Allocation Failure)
[0.537s][info][gc,task      ] GC(86) Using 2 workers of 4 for evacuation
[0.537s][info][gc,heap      ] GC(86) ParNew: 34479K->0K(39424K)
[0.538s][info][gc,heap      ] GC(86) CMS: 1093K->1093K(87424K)
[0.538s][info][gc,metaspace ] GC(86) Metaspace: 6508K->6508K(1056768K)
[0.538s][info][gc           ] GC(86) Pause Young (Allocation Failure) 34M->1M(123M) 0.338ms
[0.538s][info][gc,cpu       ] GC(86) User=0.00s Sys=0.00s Real=0.00s
[0.540s][info][gc,start     ] GC(87) Pause Young (Allocation Failure)
[0.540s][info][gc,task      ] GC(87) Using 2 workers of 4 for evacuation
[0.540s][info][gc,heap      ] GC(87) ParNew: 34479K->0K(39424K)
[0.540s][info][gc,heap      ] GC(87) CMS: 1093K->1093K(87424K)
[0.540s][info][gc,metaspace ] GC(87) Metaspace: 6508K->6508K(1056768K)
[0.540s][info][gc           ] GC(87) Pause Young (Allocation Failure) 34M->1M(123M) 0.347ms
[0.540s][info][gc,cpu       ] GC(87) User=0.00s Sys=0.00s Real=0.00s
[0.547s][info][gc,start     ] GC(88) Pause Young (Allocation Failure)
[0.547s][info][gc,task      ] GC(88) Using 2 workers of 4 for evacuation
[0.547s][info][gc,heap      ] GC(88) ParNew: 34479K->0K(39424K)
[0.547s][info][gc,heap      ] GC(88) CMS: 1093K->1093K(87424K)
[0.547s][info][gc,metaspace ] GC(88) Metaspace: 6508K->6508K(1056768K)
[0.547s][info][gc           ] GC(88) Pause Young (Allocation Failure) 34M->1M(123M) 0.518ms
[0.547s][info][gc,cpu       ] GC(88) User=0.00s Sys=0.00s Real=0.00s
[0.550s][info][gc,start     ] GC(89) Pause Young (Allocation Failure)
[0.550s][info][gc,task      ] GC(89) Using 2 workers of 4 for evacuation
[0.550s][info][gc,heap      ] GC(89) ParNew: 34479K->0K(39424K)
[0.550s][info][gc,heap      ] GC(89) CMS: 1093K->1093K(87424K)
[0.550s][info][gc,metaspace ] GC(89) Metaspace: 6508K->6508K(1056768K)
[0.550s][info][gc           ] GC(89) Pause Young (Allocation Failure) 34M->1M(123M) 0.360ms
[0.550s][info][gc,cpu       ] GC(89) User=0.00s Sys=0.00s Real=0.00s
[0.553s][info][gc,start     ] GC(90) Pause Young (Allocation Failure)
[0.553s][info][gc,task      ] GC(90) Using 2 workers of 4 for evacuation
[0.553s][info][gc,heap      ] GC(90) ParNew: 34479K->0K(39424K)
[0.553s][info][gc,heap      ] GC(90) CMS: 1093K->1093K(87424K)
[0.553s][info][gc,metaspace ] GC(90) Metaspace: 6508K->6508K(1056768K)
[0.553s][info][gc           ] GC(90) Pause Young (Allocation Failure) 34M->1M(123M) 0.350ms
[0.553s][info][gc,cpu       ] GC(90) User=0.00s Sys=0.00s Real=0.00s
[0.558s][info][gc,start     ] GC(91) Pause Young (Allocation Failure)
[0.558s][info][gc,task      ] GC(91) Using 2 workers of 4 for evacuation
[0.558s][info][gc,heap      ] GC(91) ParNew: 34479K->0K(39424K)
[0.558s][info][gc,heap      ] GC(91) CMS: 1093K->1093K(87424K)
[0.558s][info][gc,metaspace ] GC(91) Metaspace: 6508K->6508K(1056768K)
[0.558s][info][gc           ] GC(91) Pause Young (Allocation Failure) 34M->1M(123M) 0.352ms
[0.558s][info][gc,cpu       ] GC(91) User=0.00s Sys=0.00s Real=0.00s
[0.560s][info][gc,start     ] GC(92) Pause Young (Allocation Failure)
[0.560s][info][gc,task      ] GC(92) Using 2 workers of 4 for evacuation
[0.560s][info][gc,heap      ] GC(92) ParNew: 34479K->0K(39424K)
[0.560s][info][gc,heap      ] GC(92) CMS: 1093K->1093K(87424K)
[0.560s][info][gc,metaspace ] GC(92) Metaspace: 6508K->6508K(1056768K)
[0.560s][info][gc           ] GC(92) Pause Young (Allocation Failure) 34M->1M(123M) 0.408ms
[0.560s][info][gc,cpu       ] GC(92) User=0.00s Sys=0.00s Real=0.00s
[0.563s][info][gc,start     ] GC(93) Pause Young (Allocation Failure)
[0.563s][info][gc,task      ] GC(93) Using 2 workers of 4 for evacuation
[0.563s][info][gc,heap      ] GC(93) ParNew: 34479K->0K(39424K)
[0.563s][info][gc,heap      ] GC(93) CMS: 1093K->1093K(87424K)
[0.563s][info][gc,metaspace ] GC(93) Metaspace: 6508K->6508K(1056768K)
[0.563s][info][gc           ] GC(93) Pause Young (Allocation Failure) 34M->1M(123M) 0.333ms
[0.563s][info][gc,cpu       ] GC(93) User=0.00s Sys=0.00s Real=0.00s
[0.565s][info][gc,start     ] GC(94) Pause Young (Allocation Failure)
[0.565s][info][gc,task      ] GC(94) Using 2 workers of 4 for evacuation
[0.565s][info][gc,heap      ] GC(94) ParNew: 34479K->0K(39424K)
[0.565s][info][gc,heap      ] GC(94) CMS: 1093K->1093K(87424K)
[0.565s][info][gc,metaspace ] GC(94) Metaspace: 6508K->6508K(1056768K)
[0.565s][info][gc           ] GC(94) Pause Young (Allocation Failure) 34M->1M(123M) 0.324ms
[0.565s][info][gc,cpu       ] GC(94) User=0.00s Sys=0.00s Real=0.00s
[0.568s][info][gc,start     ] GC(95) Pause Young (Allocation Failure)
[0.568s][info][gc,task      ] GC(95) Using 2 workers of 4 for evacuation
[0.568s][info][gc,heap      ] GC(95) ParNew: 34479K->0K(39424K)
[0.568s][info][gc,heap      ] GC(95) CMS: 1093K->1093K(87424K)
[0.568s][info][gc,metaspace ] GC(95) Metaspace: 6508K->6508K(1056768K)
[0.568s][info][gc           ] GC(95) Pause Young (Allocation Failure) 34M->1M(123M) 0.385ms
[0.568s][info][gc,cpu       ] GC(95) User=0.00s Sys=0.00s Real=0.00s
[0.570s][info][gc,start     ] GC(96) Pause Young (Allocation Failure)
[0.570s][info][gc,task      ] GC(96) Using 2 workers of 4 for evacuation
[0.571s][info][gc,heap      ] GC(96) ParNew: 34479K->0K(39424K)
[0.571s][info][gc,heap      ] GC(96) CMS: 1093K->1093K(87424K)
[0.571s][info][gc,metaspace ] GC(96) Metaspace: 6508K->6508K(1056768K)
[0.571s][info][gc           ] GC(96) Pause Young (Allocation Failure) 34M->1M(123M) 0.355ms
[0.571s][info][gc,cpu       ] GC(96) User=0.00s Sys=0.00s Real=0.00s
[0.572s][info][gc,start     ] GC(97) Pause Young (Allocation Failure)
[0.572s][info][gc,task      ] GC(97) Using 2 workers of 4 for evacuation
[0.573s][info][gc,heap      ] GC(97) ParNew: 34479K->0K(39424K)
[0.573s][info][gc,heap      ] GC(97) CMS: 1093K->1093K(87424K)
[0.573s][info][gc,metaspace ] GC(97) Metaspace: 6508K->6508K(1056768K)
[0.573s][info][gc           ] GC(97) Pause Young (Allocation Failure) 34M->1M(123M) 0.288ms
[0.573s][info][gc,cpu       ] GC(97) User=0.00s Sys=0.00s Real=0.00s
[0.575s][info][gc,start     ] GC(98) Pause Young (Allocation Failure)
[0.575s][info][gc,task      ] GC(98) Using 2 workers of 4 for evacuation
[0.575s][info][gc,heap      ] GC(98) ParNew: 34479K->0K(39424K)
[0.575s][info][gc,heap      ] GC(98) CMS: 1093K->1093K(87424K)
[0.575s][info][gc,metaspace ] GC(98) Metaspace: 6508K->6508K(1056768K)
[0.575s][info][gc           ] GC(98) Pause Young (Allocation Failure) 34M->1M(123M) 0.358ms
[0.575s][info][gc,cpu       ] GC(98) User=0.00s Sys=0.00s Real=0.00s
[0.577s][info][gc,start     ] GC(99) Pause Young (Allocation Failure)
[0.577s][info][gc,task      ] GC(99) Using 2 workers of 4 for evacuation
[0.578s][info][gc,heap      ] GC(99) ParNew: 34479K->0K(39424K)
[0.578s][info][gc,heap      ] GC(99) CMS: 1093K->1093K(87424K)
[0.578s][info][gc,metaspace ] GC(99) Metaspace: 6508K->6508K(1056768K)
[0.578s][info][gc           ] GC(99) Pause Young (Allocation Failure) 34M->1M(123M) 0.391ms
[0.578s][info][gc,cpu       ] GC(99) User=0.00s Sys=0.00s Real=0.00s
[0.582s][info][gc,start     ] GC(100) Pause Young (Allocation Failure)
[0.582s][info][gc,task      ] GC(100) Using 2 workers of 4 for evacuation
[0.582s][info][gc,heap      ] GC(100) ParNew: 34479K->0K(39424K)
[0.582s][info][gc,heap      ] GC(100) CMS: 1093K->1093K(87424K)
[0.582s][info][gc,metaspace ] GC(100) Metaspace: 6508K->6508K(1056768K)
[0.582s][info][gc           ] GC(100) Pause Young (Allocation Failure) 34M->1M(123M) 0.426ms
[0.582s][info][gc,cpu       ] GC(100) User=0.00s Sys=0.00s Real=0.00s
[0.586s][info][gc,start     ] GC(101) Pause Young (Allocation Failure)
[0.586s][info][gc,task      ] GC(101) Using 2 workers of 4 for evacuation
[0.586s][info][gc,heap      ] GC(101) ParNew: 34479K->0K(39424K)
[0.586s][info][gc,heap      ] GC(101) CMS: 1093K->1093K(87424K)
[0.586s][info][gc,metaspace ] GC(101) Metaspace: 6508K->6508K(1056768K)
[0.586s][info][gc           ] GC(101) Pause Young (Allocation Failure) 34M->1M(123M) 0.374ms
[0.586s][info][gc,cpu       ] GC(101) User=0.00s Sys=0.00s Real=0.00s
[0.588s][info][gc,start     ] GC(102) Pause Young (Allocation Failure)
[0.589s][info][gc,task      ] GC(102) Using 2 workers of 4 for evacuation
[0.589s][info][gc,heap      ] GC(102) ParNew: 34479K->0K(39424K)
[0.589s][info][gc,heap      ] GC(102) CMS: 1093K->1093K(87424K)
[0.589s][info][gc,metaspace ] GC(102) Metaspace: 6508K->6508K(1056768K)
[0.589s][info][gc           ] GC(102) Pause Young (Allocation Failure) 34M->1M(123M) 0.366ms
[0.589s][info][gc,cpu       ] GC(102) User=0.00s Sys=0.00s Real=0.00s
[0.591s][info][gc,start     ] GC(103) Pause Young (Allocation Failure)
[0.591s][info][gc,task      ] GC(103) Using 2 workers of 4 for evacuation
[0.592s][info][gc,heap      ] GC(103) ParNew: 34479K->0K(39424K)
[0.592s][info][gc,heap      ] GC(103) CMS: 1093K->1093K(87424K)
[0.592s][info][gc,metaspace ] GC(103) Metaspace: 6508K->6508K(1056768K)
[0.592s][info][gc           ] GC(103) Pause Young (Allocation Failure) 34M->1M(123M) 0.381ms
[0.592s][info][gc,cpu       ] GC(103) User=0.00s Sys=0.00s Real=0.00s
[0.594s][info][gc,start     ] GC(104) Pause Young (Allocation Failure)
[0.594s][info][gc,task      ] GC(104) Using 2 workers of 4 for evacuation
[0.595s][info][gc,heap      ] GC(104) ParNew: 34479K->0K(39424K)
[0.595s][info][gc,heap      ] GC(104) CMS: 1093K->1093K(87424K)
[0.595s][info][gc,metaspace ] GC(104) Metaspace: 6508K->6508K(1056768K)
[0.595s][info][gc           ] GC(104) Pause Young (Allocation Failure) 34M->1M(123M) 0.379ms
[0.595s][info][gc,cpu       ] GC(104) User=0.00s Sys=0.00s Real=0.00s
[0.600s][info][gc,start     ] GC(105) Pause Young (Allocation Failure)
[0.600s][info][gc,task      ] GC(105) Using 2 workers of 4 for evacuation
[0.600s][info][gc,heap      ] GC(105) ParNew: 34479K->0K(39424K)
[0.600s][info][gc,heap      ] GC(105) CMS: 1093K->1093K(87424K)
[0.600s][info][gc,metaspace ] GC(105) Metaspace: 6508K->6508K(1056768K)
[0.600s][info][gc           ] GC(105) Pause Young (Allocation Failure) 34M->1M(123M) 0.333ms
[0.600s][info][gc,cpu       ] GC(105) User=0.00s Sys=0.00s Real=0.00s
[0.602s][info][gc,start     ] GC(106) Pause Young (Allocation Failure)
[0.603s][info][gc,task      ] GC(106) Using 2 workers of 4 for evacuation
[0.603s][info][gc,heap      ] GC(106) ParNew: 34479K->0K(39424K)
[0.603s][info][gc,heap      ] GC(106) CMS: 1093K->1093K(87424K)
[0.603s][info][gc,metaspace ] GC(106) Metaspace: 6508K->6508K(1056768K)
[0.603s][info][gc           ] GC(106) Pause Young (Allocation Failure) 34M->1M(123M) 0.385ms
[0.603s][info][gc,cpu       ] GC(106) User=0.00s Sys=0.00s Real=0.00s
[0.605s][info][gc,start     ] GC(107) Pause Young (Allocation Failure)
[0.605s][info][gc,task      ] GC(107) Using 2 workers of 4 for evacuation
[0.605s][info][gc,heap      ] GC(107) ParNew: 34479K->0K(39424K)
[0.605s][info][gc,heap      ] GC(107) CMS: 1093K->1093K(87424K)
[0.605s][info][gc,metaspace ] GC(107) Metaspace: 6508K->6508K(1056768K)
[0.605s][info][gc           ] GC(107) Pause Young (Allocation Failure) 34M->1M(123M) 0.354ms
[0.605s][info][gc,cpu       ] GC(107) User=0.00s Sys=0.00s Real=0.00s
[0.607s][info][gc,start     ] GC(108) Pause Young (Allocation Failure)
[0.607s][info][gc,task      ] GC(108) Using 2 workers of 4 for evacuation
[0.608s][info][gc,heap      ] GC(108) ParNew: 34479K->0K(39424K)
[0.608s][info][gc,heap      ] GC(108) CMS: 1093K->1093K(87424K)
[0.608s][info][gc,metaspace ] GC(108) Metaspace: 6508K->6508K(1056768K)
[0.608s][info][gc           ] GC(108) Pause Young (Allocation Failure) 34M->1M(123M) 0.340ms
[0.608s][info][gc,cpu       ] GC(108) User=0.00s Sys=0.00s Real=0.00s
[0.610s][info][gc,start     ] GC(109) Pause Young (Allocation Failure)
[0.610s][info][gc,task      ] GC(109) Using 2 workers of 4 for evacuation
[0.610s][info][gc,heap      ] GC(109) ParNew: 34479K->0K(39424K)
[0.610s][info][gc,heap      ] GC(109) CMS: 1093K->1093K(87424K)
[0.610s][info][gc,metaspace ] GC(109) Metaspace: 6508K->6508K(1056768K)
[0.610s][info][gc           ] GC(109) Pause Young (Allocation Failure) 34M->1M(123M) 0.375ms
[0.610s][info][gc,cpu       ] GC(109) User=0.00s Sys=0.00s Real=0.00s
[0.612s][info][gc,start     ] GC(110) Pause Young (Allocation Failure)
[0.613s][info][gc,task      ] GC(110) Using 2 workers of 4 for evacuation
[0.613s][info][gc,heap      ] GC(110) ParNew: 34479K->0K(39424K)
[0.613s][info][gc,heap      ] GC(110) CMS: 1093K->1093K(87424K)
[0.613s][info][gc,metaspace ] GC(110) Metaspace: 6508K->6508K(1056768K)
[0.613s][info][gc           ] GC(110) Pause Young (Allocation Failure) 34M->1M(123M) 0.388ms
[0.613s][info][gc,cpu       ] GC(110) User=0.00s Sys=0.00s Real=0.00s
[0.615s][info][gc,start     ] GC(111) Pause Young (Allocation Failure)
[0.615s][info][gc,task      ] GC(111) Using 2 workers of 4 for evacuation
[0.616s][info][gc,heap      ] GC(111) ParNew: 34479K->0K(39424K)
[0.616s][info][gc,heap      ] GC(111) CMS: 1093K->1093K(87424K)
[0.616s][info][gc,metaspace ] GC(111) Metaspace: 6508K->6508K(1056768K)
[0.616s][info][gc           ] GC(111) Pause Young (Allocation Failure) 34M->1M(123M) 0.377ms
[0.616s][info][gc,cpu       ] GC(111) User=0.00s Sys=0.00s Real=0.00s
[0.618s][info][gc,start     ] GC(112) Pause Young (Allocation Failure)
[0.618s][info][gc,task      ] GC(112) Using 2 workers of 4 for evacuation
[0.618s][info][gc,heap      ] GC(112) ParNew: 34479K->0K(39424K)
[0.618s][info][gc,heap      ] GC(112) CMS: 1093K->1093K(87424K)
[0.618s][info][gc,metaspace ] GC(112) Metaspace: 6508K->6508K(1056768K)
[0.618s][info][gc           ] GC(112) Pause Young (Allocation Failure) 34M->1M(123M) 0.375ms
[0.618s][info][gc,cpu       ] GC(112) User=0.00s Sys=0.00s Real=0.00s
[0.620s][info][gc,start     ] GC(113) Pause Young (Allocation Failure)
[0.620s][info][gc,task      ] GC(113) Using 2 workers of 4 for evacuation
[0.621s][info][gc,heap      ] GC(113) ParNew: 34479K->0K(39424K)
[0.621s][info][gc,heap      ] GC(113) CMS: 1093K->1093K(87424K)
[0.621s][info][gc,metaspace ] GC(113) Metaspace: 6508K->6508K(1056768K)
[0.621s][info][gc           ] GC(113) Pause Young (Allocation Failure) 34M->1M(123M) 0.437ms
[0.621s][info][gc,cpu       ] GC(113) User=0.00s Sys=0.00s Real=0.00s
[0.624s][info][gc,start     ] GC(114) Pause Young (Allocation Failure)
[0.624s][info][gc,task      ] GC(114) Using 2 workers of 4 for evacuation
[0.624s][info][gc,heap      ] GC(114) ParNew: 34479K->0K(39424K)
[0.624s][info][gc,heap      ] GC(114) CMS: 1093K->1093K(87424K)
[0.624s][info][gc,metaspace ] GC(114) Metaspace: 6508K->6508K(1056768K)
[0.624s][info][gc           ] GC(114) Pause Young (Allocation Failure) 34M->1M(123M) 0.384ms
[0.624s][info][gc,cpu       ] GC(114) User=0.00s Sys=0.00s Real=0.00s
[0.627s][info][gc,start     ] GC(115) Pause Young (Allocation Failure)
[0.627s][info][gc,task      ] GC(115) Using 2 workers of 4 for evacuation
[0.627s][info][gc,heap      ] GC(115) ParNew: 34479K->0K(39424K)
[0.627s][info][gc,heap      ] GC(115) CMS: 1093K->1093K(87424K)
[0.627s][info][gc,metaspace ] GC(115) Metaspace: 6508K->6508K(1056768K)
[0.627s][info][gc           ] GC(115) Pause Young (Allocation Failure) 34M->1M(123M) 0.346ms
[0.627s][info][gc,cpu       ] GC(115) User=0.00s Sys=0.00s Real=0.00s
[0.629s][info][gc,start     ] GC(116) Pause Young (Allocation Failure)
[0.629s][info][gc,task      ] GC(116) Using 2 workers of 4 for evacuation
[0.630s][info][gc,heap      ] GC(116) ParNew: 34479K->0K(39424K)
[0.630s][info][gc,heap      ] GC(116) CMS: 1093K->1093K(87424K)
[0.630s][info][gc,metaspace ] GC(116) Metaspace: 6508K->6508K(1056768K)
[0.630s][info][gc           ] GC(116) Pause Young (Allocation Failure) 34M->1M(123M) 0.371ms
[0.630s][info][gc,cpu       ] GC(116) User=0.00s Sys=0.00s Real=0.00s
[0.632s][info][gc,start     ] GC(117) Pause Young (Allocation Failure)
[0.633s][info][gc,task      ] GC(117) Using 2 workers of 4 for evacuation
[0.633s][info][gc,heap      ] GC(117) ParNew: 34479K->0K(39424K)
[0.633s][info][gc,heap      ] GC(117) CMS: 1093K->1093K(87424K)
[0.633s][info][gc,metaspace ] GC(117) Metaspace: 6508K->6508K(1056768K)
[0.633s][info][gc           ] GC(117) Pause Young (Allocation Failure) 34M->1M(123M) 0.351ms
[0.633s][info][gc,cpu       ] GC(117) User=0.00s Sys=0.00s Real=0.00s
[0.635s][info][gc,start     ] GC(118) Pause Young (Allocation Failure)
[0.635s][info][gc,task      ] GC(118) Using 2 workers of 4 for evacuation
[0.635s][info][gc,heap      ] GC(118) ParNew: 34479K->0K(39424K)
[0.635s][info][gc,heap      ] GC(118) CMS: 1093K->1093K(87424K)
[0.635s][info][gc,metaspace ] GC(118) Metaspace: 6508K->6508K(1056768K)
[0.635s][info][gc           ] GC(118) Pause Young (Allocation Failure) 34M->1M(123M) 0.361ms
[0.635s][info][gc,cpu       ] GC(118) User=0.00s Sys=0.00s Real=0.00s
[0.638s][info][gc,start     ] GC(119) Pause Young (Allocation Failure)
[0.638s][info][gc,task      ] GC(119) Using 2 workers of 4 for evacuation
[0.638s][info][gc,heap      ] GC(119) ParNew: 34479K->0K(39424K)
[0.638s][info][gc,heap      ] GC(119) CMS: 1093K->1093K(87424K)
[0.638s][info][gc,metaspace ] GC(119) Metaspace: 6508K->6508K(1056768K)
[0.638s][info][gc           ] GC(119) Pause Young (Allocation Failure) 34M->1M(123M) 0.379ms
[0.638s][info][gc,cpu       ] GC(119) User=0.00s Sys=0.00s Real=0.00s
[0.641s][info][gc,start     ] GC(120) Pause Young (Allocation Failure)
[0.641s][info][gc,task      ] GC(120) Using 2 workers of 4 for evacuation
[0.641s][info][gc,heap      ] GC(120) ParNew: 34479K->0K(39424K)
[0.641s][info][gc,heap      ] GC(120) CMS: 1093K->1093K(87424K)
[0.641s][info][gc,metaspace ] GC(120) Metaspace: 6508K->6508K(1056768K)
[0.641s][info][gc           ] GC(120) Pause Young (Allocation Failure) 34M->1M(123M) 0.390ms
[0.641s][info][gc,cpu       ] GC(120) User=0.00s Sys=0.00s Real=0.00s
[0.644s][info][gc,start     ] GC(121) Pause Young (Allocation Failure)
[0.644s][info][gc,task      ] GC(121) Using 2 workers of 4 for evacuation
[0.644s][info][gc,heap      ] GC(121) ParNew: 34479K->0K(39424K)
[0.644s][info][gc,heap      ] GC(121) CMS: 1093K->1093K(87424K)
[0.644s][info][gc,metaspace ] GC(121) Metaspace: 6508K->6508K(1056768K)
[0.644s][info][gc           ] GC(121) Pause Young (Allocation Failure) 34M->1M(123M) 0.369ms
[0.644s][info][gc,cpu       ] GC(121) User=0.00s Sys=0.00s Real=0.00s
[0.647s][info][gc,start     ] GC(122) Pause Young (Allocation Failure)
[0.647s][info][gc,task      ] GC(122) Using 2 workers of 4 for evacuation
[0.647s][info][gc,heap      ] GC(122) ParNew: 34479K->0K(39424K)
[0.647s][info][gc,heap      ] GC(122) CMS: 1093K->1093K(87424K)
[0.647s][info][gc,metaspace ] GC(122) Metaspace: 6508K->6508K(1056768K)
[0.647s][info][gc           ] GC(122) Pause Young (Allocation Failure) 34M->1M(123M) 0.383ms
[0.647s][info][gc,cpu       ] GC(122) User=0.00s Sys=0.00s Real=0.00s
[0.650s][info][gc,start     ] GC(123) Pause Young (Allocation Failure)
[0.650s][info][gc,task      ] GC(123) Using 2 workers of 4 for evacuation
[0.650s][info][gc,heap      ] GC(123) ParNew: 34479K->0K(39424K)
[0.650s][info][gc,heap      ] GC(123) CMS: 1093K->1093K(87424K)
[0.650s][info][gc,metaspace ] GC(123) Metaspace: 6508K->6508K(1056768K)
[0.650s][info][gc           ] GC(123) Pause Young (Allocation Failure) 34M->1M(123M) 0.371ms
[0.650s][info][gc,cpu       ] GC(123) User=0.00s Sys=0.00s Real=0.00s
[0.654s][info][gc,start     ] GC(124) Pause Young (Allocation Failure)
[0.654s][info][gc,task      ] GC(124) Using 2 workers of 4 for evacuation
[0.654s][info][gc,heap      ] GC(124) ParNew: 34479K->0K(39424K)
[0.654s][info][gc,heap      ] GC(124) CMS: 1093K->1093K(87424K)
[0.654s][info][gc,metaspace ] GC(124) Metaspace: 6508K->6508K(1056768K)
[0.654s][info][gc           ] GC(124) Pause Young (Allocation Failure) 34M->1M(123M) 0.340ms
[0.654s][info][gc,cpu       ] GC(124) User=0.00s Sys=0.00s Real=0.00s
[0.656s][info][gc,start     ] GC(125) Pause Young (Allocation Failure)
[0.656s][info][gc,task      ] GC(125) Using 2 workers of 4 for evacuation
[0.657s][info][gc,heap      ] GC(125) ParNew: 34479K->0K(39424K)
[0.657s][info][gc,heap      ] GC(125) CMS: 1093K->1093K(87424K)
[0.657s][info][gc,metaspace ] GC(125) Metaspace: 6508K->6508K(1056768K)
[0.657s][info][gc           ] GC(125) Pause Young (Allocation Failure) 34M->1M(123M) 0.438ms
[0.657s][info][gc,cpu       ] GC(125) User=0.00s Sys=0.00s Real=0.00s
[0.659s][info][gc,start     ] GC(126) Pause Young (Allocation Failure)
[0.659s][info][gc,task      ] GC(126) Using 2 workers of 4 for evacuation
[0.659s][info][gc,heap      ] GC(126) ParNew: 34479K->0K(39424K)
[0.659s][info][gc,heap      ] GC(126) CMS: 1093K->1093K(87424K)
[0.659s][info][gc,metaspace ] GC(126) Metaspace: 6508K->6508K(1056768K)
[0.659s][info][gc           ] GC(126) Pause Young (Allocation Failure) 34M->1M(123M) 0.411ms
[0.659s][info][gc,cpu       ] GC(126) User=0.00s Sys=0.00s Real=0.00s
[0.662s][info][gc,start     ] GC(127) Pause Young (Allocation Failure)
[0.662s][info][gc,task      ] GC(127) Using 2 workers of 4 for evacuation
[0.662s][info][gc,heap      ] GC(127) ParNew: 34479K->0K(39424K)
[0.662s][info][gc,heap      ] GC(127) CMS: 1093K->1093K(87424K)
[0.662s][info][gc,metaspace ] GC(127) Metaspace: 6508K->6508K(1056768K)
[0.662s][info][gc           ] GC(127) Pause Young (Allocation Failure) 34M->1M(123M) 0.386ms
[0.662s][info][gc,cpu       ] GC(127) User=0.00s Sys=0.00s Real=0.00s
[0.665s][info][gc,start     ] GC(128) Pause Young (Allocation Failure)
[0.665s][info][gc,task      ] GC(128) Using 2 workers of 4 for evacuation
[0.665s][info][gc,heap      ] GC(128) ParNew: 34479K->0K(39424K)
[0.665s][info][gc,heap      ] GC(128) CMS: 1093K->1093K(87424K)
[0.665s][info][gc,metaspace ] GC(128) Metaspace: 6508K->6508K(1056768K)
[0.665s][info][gc           ] GC(128) Pause Young (Allocation Failure) 34M->1M(123M) 0.375ms
[0.665s][info][gc,cpu       ] GC(128) User=0.00s Sys=0.00s Real=0.00s
[0.667s][info][gc,start     ] GC(129) Pause Young (Allocation Failure)
[0.667s][info][gc,task      ] GC(129) Using 2 workers of 4 for evacuation
[0.667s][info][gc,heap      ] GC(129) ParNew: 34479K->0K(39424K)
[0.667s][info][gc,heap      ] GC(129) CMS: 1093K->1093K(87424K)
[0.667s][info][gc,metaspace ] GC(129) Metaspace: 6508K->6508K(1056768K)
[0.667s][info][gc           ] GC(129) Pause Young (Allocation Failure) 34M->1M(123M) 0.301ms
[0.667s][info][gc,cpu       ] GC(129) User=0.00s Sys=0.00s Real=0.00s
[0.669s][info][gc,start     ] GC(130) Pause Young (Allocation Failure)
[0.669s][info][gc,task      ] GC(130) Using 2 workers of 4 for evacuation
[0.670s][info][gc,heap      ] GC(130) ParNew: 34479K->0K(39424K)
[0.670s][info][gc,heap      ] GC(130) CMS: 1093K->1093K(87424K)
[0.670s][info][gc,metaspace ] GC(130) Metaspace: 6508K->6508K(1056768K)
[0.670s][info][gc           ] GC(130) Pause Young (Allocation Failure) 34M->1M(123M) 0.310ms
[0.670s][info][gc,cpu       ] GC(130) User=0.00s Sys=0.00s Real=0.00s
[0.672s][info][gc,start     ] GC(131) Pause Young (Allocation Failure)
[0.672s][info][gc,task      ] GC(131) Using 2 workers of 4 for evacuation
[0.672s][info][gc,heap      ] GC(131) ParNew: 34479K->0K(39424K)
[0.672s][info][gc,heap      ] GC(131) CMS: 1093K->1093K(87424K)
[0.672s][info][gc,metaspace ] GC(131) Metaspace: 6508K->6508K(1056768K)
[0.672s][info][gc           ] GC(131) Pause Young (Allocation Failure) 34M->1M(123M) 0.350ms
[0.672s][info][gc,cpu       ] GC(131) User=0.00s Sys=0.00s Real=0.00s
[0.675s][info][gc,start     ] GC(132) Pause Young (Allocation Failure)
[0.675s][info][gc,task      ] GC(132) Using 2 workers of 4 for evacuation
[0.675s][info][gc,heap      ] GC(132) ParNew: 34479K->0K(39424K)
[0.675s][info][gc,heap      ] GC(132) CMS: 1093K->1093K(87424K)
[0.675s][info][gc,metaspace ] GC(132) Metaspace: 6508K->6508K(1056768K)
[0.675s][info][gc           ] GC(132) Pause Young (Allocation Failure) 34M->1M(123M) 0.331ms
[0.675s][info][gc,cpu       ] GC(132) User=0.00s Sys=0.00s Real=0.00s
[0.677s][info][gc,start     ] GC(133) Pause Young (Allocation Failure)
[0.677s][info][gc,task      ] GC(133) Using 2 workers of 4 for evacuation
[0.677s][info][gc,heap      ] GC(133) ParNew: 34479K->0K(39424K)
[0.677s][info][gc,heap      ] GC(133) CMS: 1093K->1093K(87424K)
[0.677s][info][gc,metaspace ] GC(133) Metaspace: 6508K->6508K(1056768K)
[0.677s][info][gc           ] GC(133) Pause Young (Allocation Failure) 34M->1M(123M) 0.385ms
[0.678s][info][gc,cpu       ] GC(133) User=0.00s Sys=0.00s Real=0.00s
[0.680s][info][gc,start     ] GC(134) Pause Young (Allocation Failure)
[0.680s][info][gc,task      ] GC(134) Using 2 workers of 4 for evacuation
[0.680s][info][gc,heap      ] GC(134) ParNew: 34479K->0K(39424K)
[0.680s][info][gc,heap      ] GC(134) CMS: 1093K->1093K(87424K)
[0.680s][info][gc,metaspace ] GC(134) Metaspace: 6508K->6508K(1056768K)
[0.680s][info][gc           ] GC(134) Pause Young (Allocation Failure) 34M->1M(123M) 0.303ms
[0.680s][info][gc,cpu       ] GC(134) User=0.00s Sys=0.00s Real=0.00s
[0.684s][info][gc,start     ] GC(135) Pause Young (Allocation Failure)
[0.684s][info][gc,task      ] GC(135) Using 2 workers of 4 for evacuation
[0.684s][info][gc,heap      ] GC(135) ParNew: 34479K->0K(39424K)
[0.684s][info][gc,heap      ] GC(135) CMS: 1093K->1093K(87424K)
[0.684s][info][gc,metaspace ] GC(135) Metaspace: 6508K->6508K(1056768K)
[0.684s][info][gc           ] GC(135) Pause Young (Allocation Failure) 34M->1M(123M) 0.528ms
[0.684s][info][gc,cpu       ] GC(135) User=0.00s Sys=0.00s Real=0.00s
[0.687s][info][gc,start     ] GC(136) Pause Young (Allocation Failure)
[0.687s][info][gc,task      ] GC(136) Using 2 workers of 4 for evacuation
[0.687s][info][gc,heap      ] GC(136) ParNew: 34479K->0K(39424K)
[0.687s][info][gc,heap      ] GC(136) CMS: 1093K->1093K(87424K)
[0.687s][info][gc,metaspace ] GC(136) Metaspace: 6508K->6508K(1056768K)
[0.687s][info][gc           ] GC(136) Pause Young (Allocation Failure) 34M->1M(123M) 0.420ms
[0.688s][info][gc,cpu       ] GC(136) User=0.00s Sys=0.00s Real=0.00s
[0.690s][info][gc,start     ] GC(137) Pause Young (Allocation Failure)
[0.690s][info][gc,task      ] GC(137) Using 2 workers of 4 for evacuation
[0.690s][info][gc,heap      ] GC(137) ParNew: 34479K->0K(39424K)
[0.690s][info][gc,heap      ] GC(137) CMS: 1093K->1093K(87424K)
[0.690s][info][gc,metaspace ] GC(137) Metaspace: 6508K->6508K(1056768K)
[0.690s][info][gc           ] GC(137) Pause Young (Allocation Failure) 34M->1M(123M) 0.440ms
[0.690s][info][gc,cpu       ] GC(137) User=0.00s Sys=0.00s Real=0.00s
[0.693s][info][gc,start     ] GC(138) Pause Young (Allocation Failure)
[0.693s][info][gc,task      ] GC(138) Using 2 workers of 4 for evacuation
[0.693s][info][gc,heap      ] GC(138) ParNew: 34479K->0K(39424K)
[0.693s][info][gc,heap      ] GC(138) CMS: 1093K->1093K(87424K)
[0.693s][info][gc,metaspace ] GC(138) Metaspace: 6508K->6508K(1056768K)
[0.693s][info][gc           ] GC(138) Pause Young (Allocation Failure) 34M->1M(123M) 0.335ms
[0.693s][info][gc,cpu       ] GC(138) User=0.00s Sys=0.00s Real=0.00s
[0.696s][info][gc,start     ] GC(139) Pause Young (Allocation Failure)
[0.696s][info][gc,task      ] GC(139) Using 2 workers of 4 for evacuation
[0.696s][info][gc,heap      ] GC(139) ParNew: 34479K->0K(39424K)
[0.696s][info][gc,heap      ] GC(139) CMS: 1093K->1093K(87424K)
[0.696s][info][gc,metaspace ] GC(139) Metaspace: 6508K->6508K(1056768K)
[0.696s][info][gc           ] GC(139) Pause Young (Allocation Failure) 34M->1M(123M) 0.350ms
[0.696s][info][gc,cpu       ] GC(139) User=0.00s Sys=0.00s Real=0.00s
[0.699s][info][gc,start     ] GC(140) Pause Young (Allocation Failure)
[0.699s][info][gc,task      ] GC(140) Using 2 workers of 4 for evacuation
[0.699s][info][gc,heap      ] GC(140) ParNew: 34479K->0K(39424K)
[0.699s][info][gc,heap      ] GC(140) CMS: 1093K->1093K(87424K)
[0.699s][info][gc,metaspace ] GC(140) Metaspace: 6508K->6508K(1056768K)
[0.699s][info][gc           ] GC(140) Pause Young (Allocation Failure) 34M->1M(123M) 0.387ms
[0.699s][info][gc,cpu       ] GC(140) User=0.00s Sys=0.00s Real=0.00s
[0.702s][info][gc,start     ] GC(141) Pause Young (Allocation Failure)
[0.702s][info][gc,task      ] GC(141) Using 2 workers of 4 for evacuation
[0.702s][info][gc,heap      ] GC(141) ParNew: 34479K->0K(39424K)
[0.702s][info][gc,heap      ] GC(141) CMS: 1093K->1093K(87424K)
[0.702s][info][gc,metaspace ] GC(141) Metaspace: 6508K->6508K(1056768K)
[0.702s][info][gc           ] GC(141) Pause Young (Allocation Failure) 34M->1M(123M) 0.444ms
[0.702s][info][gc,cpu       ] GC(141) User=0.00s Sys=0.00s Real=0.00s
[0.705s][info][gc,start     ] GC(142) Pause Young (Allocation Failure)
[0.705s][info][gc,task      ] GC(142) Using 2 workers of 4 for evacuation
[0.705s][info][gc,heap      ] GC(142) ParNew: 34479K->0K(39424K)
[0.705s][info][gc,heap      ] GC(142) CMS: 1093K->1093K(87424K)
[0.705s][info][gc,metaspace ] GC(142) Metaspace: 6508K->6508K(1056768K)
[0.705s][info][gc           ] GC(142) Pause Young (Allocation Failure) 34M->1M(123M) 0.395ms
[0.705s][info][gc,cpu       ] GC(142) User=0.00s Sys=0.00s Real=0.00s
[0.708s][info][gc,start     ] GC(143) Pause Young (Allocation Failure)
[0.708s][info][gc,task      ] GC(143) Using 2 workers of 4 for evacuation
[0.708s][info][gc,heap      ] GC(143) ParNew: 34479K->0K(39424K)
[0.708s][info][gc,heap      ] GC(143) CMS: 1093K->1093K(87424K)
[0.708s][info][gc,metaspace ] GC(143) Metaspace: 6508K->6508K(1056768K)
[0.708s][info][gc           ] GC(143) Pause Young (Allocation Failure) 34M->1M(123M) 0.342ms
[0.708s][info][gc,cpu       ] GC(143) User=0.00s Sys=0.00s Real=0.00s
[0.710s][info][gc,start     ] GC(144) Pause Young (Allocation Failure)
[0.710s][info][gc,task      ] GC(144) Using 2 workers of 4 for evacuation
[0.711s][info][gc,heap      ] GC(144) ParNew: 34479K->0K(39424K)
[0.711s][info][gc,heap      ] GC(144) CMS: 1093K->1093K(87424K)
[0.711s][info][gc,metaspace ] GC(144) Metaspace: 6508K->6508K(1056768K)
[0.711s][info][gc           ] GC(144) Pause Young (Allocation Failure) 34M->1M(123M) 0.350ms
[0.711s][info][gc,cpu       ] GC(144) User=0.00s Sys=0.00s Real=0.00s
[0.713s][info][gc,start     ] GC(145) Pause Young (Allocation Failure)
[0.713s][info][gc,task      ] GC(145) Using 2 workers of 4 for evacuation
[0.714s][info][gc,heap      ] GC(145) ParNew: 34479K->0K(39424K)
[0.714s][info][gc,heap      ] GC(145) CMS: 1093K->1093K(87424K)
[0.714s][info][gc,metaspace ] GC(145) Metaspace: 6508K->6508K(1056768K)
[0.714s][info][gc           ] GC(145) Pause Young (Allocation Failure) 34M->1M(123M) 0.409ms
[0.714s][info][gc,cpu       ] GC(145) User=0.00s Sys=0.00s Real=0.00s
[0.718s][info][gc,start     ] GC(146) Pause Young (Allocation Failure)
[0.718s][info][gc,task      ] GC(146) Using 2 workers of 4 for evacuation
[0.718s][info][gc,heap      ] GC(146) ParNew: 34479K->0K(39424K)
[0.718s][info][gc,heap      ] GC(146) CMS: 1093K->1093K(87424K)
[0.718s][info][gc,metaspace ] GC(146) Metaspace: 6508K->6508K(1056768K)
[0.718s][info][gc           ] GC(146) Pause Young (Allocation Failure) 34M->1M(123M) 0.347ms
[0.718s][info][gc,cpu       ] GC(146) User=0.00s Sys=0.00s Real=0.00s
[0.721s][info][gc,start     ] GC(147) Pause Young (Allocation Failure)
[0.721s][info][gc,task      ] GC(147) Using 2 workers of 4 for evacuation
[0.721s][info][gc,heap      ] GC(147) ParNew: 34479K->0K(39424K)
[0.721s][info][gc,heap      ] GC(147) CMS: 1093K->1093K(87424K)
[0.721s][info][gc,metaspace ] GC(147) Metaspace: 6508K->6508K(1056768K)
[0.721s][info][gc           ] GC(147) Pause Young (Allocation Failure) 34M->1M(123M) 0.356ms
[0.721s][info][gc,cpu       ] GC(147) User=0.00s Sys=0.00s Real=0.00s
[0.725s][info][gc,start     ] GC(148) Pause Young (Allocation Failure)
[0.725s][info][gc,task      ] GC(148) Using 2 workers of 4 for evacuation
[0.725s][info][gc,heap      ] GC(148) ParNew: 34479K->0K(39424K)
[0.725s][info][gc,heap      ] GC(148) CMS: 1093K->1093K(87424K)
[0.725s][info][gc,metaspace ] GC(148) Metaspace: 6508K->6508K(1056768K)
[0.725s][info][gc           ] GC(148) Pause Young (Allocation Failure) 34M->1M(123M) 0.377ms
[0.725s][info][gc,cpu       ] GC(148) User=0.00s Sys=0.00s Real=0.00s
[0.729s][info][gc,start     ] GC(149) Pause Young (Allocation Failure)
[0.729s][info][gc,task      ] GC(149) Using 2 workers of 4 for evacuation
[0.729s][info][gc,heap      ] GC(149) ParNew: 34479K->0K(39424K)
[0.729s][info][gc,heap      ] GC(149) CMS: 1093K->1093K(87424K)
[0.729s][info][gc,metaspace ] GC(149) Metaspace: 6508K->6508K(1056768K)
[0.729s][info][gc           ] GC(149) Pause Young (Allocation Failure) 34M->1M(123M) 0.396ms
[0.729s][info][gc,cpu       ] GC(149) User=0.00s Sys=0.00s Real=0.00s
[0.732s][info][gc,start     ] GC(150) Pause Young (Allocation Failure)
[0.732s][info][gc,task      ] GC(150) Using 2 workers of 4 for evacuation
[0.732s][info][gc,heap      ] GC(150) ParNew: 34479K->0K(39424K)
[0.732s][info][gc,heap      ] GC(150) CMS: 1093K->1093K(87424K)
[0.732s][info][gc,metaspace ] GC(150) Metaspace: 6508K->6508K(1056768K)
[0.732s][info][gc           ] GC(150) Pause Young (Allocation Failure) 34M->1M(123M) 0.383ms
[0.732s][info][gc,cpu       ] GC(150) User=0.00s Sys=0.00s Real=0.00s
[0.735s][info][gc,start     ] GC(151) Pause Young (Allocation Failure)
[0.735s][info][gc,task      ] GC(151) Using 2 workers of 4 for evacuation
[0.735s][info][gc,heap      ] GC(151) ParNew: 34479K->0K(39424K)
[0.735s][info][gc,heap      ] GC(151) CMS: 1093K->1093K(87424K)
[0.735s][info][gc,metaspace ] GC(151) Metaspace: 6508K->6508K(1056768K)
[0.735s][info][gc           ] GC(151) Pause Young (Allocation Failure) 34M->1M(123M) 0.345ms
[0.735s][info][gc,cpu       ] GC(151) User=0.00s Sys=0.00s Real=0.00s
[0.738s][info][gc,start     ] GC(152) Pause Young (Allocation Failure)
[0.738s][info][gc,task      ] GC(152) Using 2 workers of 4 for evacuation
[0.738s][info][gc,heap      ] GC(152) ParNew: 34479K->0K(39424K)
[0.738s][info][gc,heap      ] GC(152) CMS: 1093K->1093K(87424K)
[0.738s][info][gc,metaspace ] GC(152) Metaspace: 6508K->6508K(1056768K)
[0.738s][info][gc           ] GC(152) Pause Young (Allocation Failure) 34M->1M(123M) 0.343ms
[0.738s][info][gc,cpu       ] GC(152) User=0.00s Sys=0.00s Real=0.00s
[0.741s][info][gc,start     ] GC(153) Pause Young (Allocation Failure)
[0.741s][info][gc,task      ] GC(153) Using 2 workers of 4 for evacuation
[0.741s][info][gc,heap      ] GC(153) ParNew: 34479K->0K(39424K)
[0.741s][info][gc,heap      ] GC(153) CMS: 1093K->1093K(87424K)
[0.741s][info][gc,metaspace ] GC(153) Metaspace: 6508K->6508K(1056768K)
[0.741s][info][gc           ] GC(153) Pause Young (Allocation Failure) 34M->1M(123M) 0.290ms
[0.741s][info][gc,cpu       ] GC(153) User=0.00s Sys=0.00s Real=0.00s
[0.744s][info][gc,start     ] GC(154) Pause Young (Allocation Failure)
[0.744s][info][gc,task      ] GC(154) Using 2 workers of 4 for evacuation
[0.744s][info][gc,heap      ] GC(154) ParNew: 34479K->0K(39424K)
[0.744s][info][gc,heap      ] GC(154) CMS: 1093K->1093K(87424K)
[0.744s][info][gc,metaspace ] GC(154) Metaspace: 6508K->6508K(1056768K)
[0.744s][info][gc           ] GC(154) Pause Young (Allocation Failure) 34M->1M(123M) 0.314ms
[0.744s][info][gc,cpu       ] GC(154) User=0.00s Sys=0.00s Real=0.00s
[0.747s][info][gc,start     ] GC(155) Pause Young (Allocation Failure)
[0.747s][info][gc,task      ] GC(155) Using 2 workers of 4 for evacuation
[0.747s][info][gc,heap      ] GC(155) ParNew: 34479K->0K(39424K)
[0.747s][info][gc,heap      ] GC(155) CMS: 1093K->1093K(87424K)
[0.747s][info][gc,metaspace ] GC(155) Metaspace: 6508K->6508K(1056768K)
[0.747s][info][gc           ] GC(155) Pause Young (Allocation Failure) 34M->1M(123M) 0.368ms
[0.747s][info][gc,cpu       ] GC(155) User=0.00s Sys=0.00s Real=0.00s
[0.750s][info][gc,start     ] GC(156) Pause Young (Allocation Failure)
[0.750s][info][gc,task      ] GC(156) Using 2 workers of 4 for evacuation
[0.750s][info][gc,heap      ] GC(156) ParNew: 34479K->0K(39424K)
[0.750s][info][gc,heap      ] GC(156) CMS: 1093K->1093K(87424K)
[0.750s][info][gc,metaspace ] GC(156) Metaspace: 6508K->6508K(1056768K)
[0.750s][info][gc           ] GC(156) Pause Young (Allocation Failure) 34M->1M(123M) 0.370ms
[0.750s][info][gc,cpu       ] GC(156) User=0.00s Sys=0.00s Real=0.00s
[0.753s][info][gc,start     ] GC(157) Pause Young (Allocation Failure)
[0.753s][info][gc,task      ] GC(157) Using 2 workers of 4 for evacuation
[0.753s][info][gc,heap      ] GC(157) ParNew: 34479K->0K(39424K)
[0.753s][info][gc,heap      ] GC(157) CMS: 1093K->1093K(87424K)
[0.753s][info][gc,metaspace ] GC(157) Metaspace: 6508K->6508K(1056768K)
[0.753s][info][gc           ] GC(157) Pause Young (Allocation Failure) 34M->1M(123M) 0.379ms
[0.753s][info][gc,cpu       ] GC(157) User=0.00s Sys=0.00s Real=0.00s
[0.756s][info][gc,start     ] GC(158) Pause Young (Allocation Failure)
[0.756s][info][gc,task      ] GC(158) Using 2 workers of 4 for evacuation
[0.756s][info][gc,heap      ] GC(158) ParNew: 34479K->0K(39424K)
[0.756s][info][gc,heap      ] GC(158) CMS: 1093K->1093K(87424K)
[0.756s][info][gc,metaspace ] GC(158) Metaspace: 6508K->6508K(1056768K)
[0.756s][info][gc           ] GC(158) Pause Young (Allocation Failure) 34M->1M(123M) 0.353ms
[0.756s][info][gc,cpu       ] GC(158) User=0.00s Sys=0.00s Real=0.00s
[0.759s][info][gc,start     ] GC(159) Pause Young (Allocation Failure)
[0.759s][info][gc,task      ] GC(159) Using 2 workers of 4 for evacuation
[0.759s][info][gc,heap      ] GC(159) ParNew: 34479K->0K(39424K)
[0.759s][info][gc,heap      ] GC(159) CMS: 1093K->1093K(87424K)
[0.759s][info][gc,metaspace ] GC(159) Metaspace: 6508K->6508K(1056768K)
[0.759s][info][gc           ] GC(159) Pause Young (Allocation Failure) 34M->1M(123M) 0.356ms
[0.759s][info][gc,cpu       ] GC(159) User=0.00s Sys=0.00s Real=0.00s
[0.763s][info][gc,start     ] GC(160) Pause Young (Allocation Failure)
[0.763s][info][gc,task      ] GC(160) Using 2 workers of 4 for evacuation
[0.763s][info][gc,heap      ] GC(160) ParNew: 34479K->0K(39424K)
[0.763s][info][gc,heap      ] GC(160) CMS: 1093K->1093K(87424K)
[0.763s][info][gc,metaspace ] GC(160) Metaspace: 6508K->6508K(1056768K)
[0.763s][info][gc           ] GC(160) Pause Young (Allocation Failure) 34M->1M(123M) 0.390ms
[0.763s][info][gc,cpu       ] GC(160) User=0.00s Sys=0.00s Real=0.00s
[0.766s][info][gc,start     ] GC(161) Pause Young (Allocation Failure)
[0.766s][info][gc,task      ] GC(161) Using 2 workers of 4 for evacuation
[0.766s][info][gc,heap      ] GC(161) ParNew: 34479K->0K(39424K)
[0.766s][info][gc,heap      ] GC(161) CMS: 1093K->1093K(87424K)
[0.766s][info][gc,metaspace ] GC(161) Metaspace: 6508K->6508K(1056768K)
[0.766s][info][gc           ] GC(161) Pause Young (Allocation Failure) 34M->1M(123M) 0.362ms
[0.766s][info][gc,cpu       ] GC(161) User=0.00s Sys=0.00s Real=0.00s
[0.769s][info][gc,start     ] GC(162) Pause Young (Allocation Failure)
[0.769s][info][gc,task      ] GC(162) Using 2 workers of 4 for evacuation
[0.769s][info][gc,heap      ] GC(162) ParNew: 34479K->0K(39424K)
[0.769s][info][gc,heap      ] GC(162) CMS: 1093K->1093K(87424K)
[0.769s][info][gc,metaspace ] GC(162) Metaspace: 6508K->6508K(1056768K)
[0.769s][info][gc           ] GC(162) Pause Young (Allocation Failure) 34M->1M(123M) 0.347ms
[0.769s][info][gc,cpu       ] GC(162) User=0.00s Sys=0.00s Real=0.00s
[0.772s][info][gc,start     ] GC(163) Pause Young (Allocation Failure)
[0.772s][info][gc,task      ] GC(163) Using 2 workers of 4 for evacuation
[0.772s][info][gc,heap      ] GC(163) ParNew: 34479K->0K(39424K)
[0.772s][info][gc,heap      ] GC(163) CMS: 1093K->1093K(87424K)
[0.772s][info][gc,metaspace ] GC(163) Metaspace: 6508K->6508K(1056768K)
[0.772s][info][gc           ] GC(163) Pause Young (Allocation Failure) 34M->1M(123M) 0.382ms
[0.772s][info][gc,cpu       ] GC(163) User=0.00s Sys=0.00s Real=0.00s
[0.775s][info][gc,start     ] GC(164) Pause Young (Allocation Failure)
[0.775s][info][gc,task      ] GC(164) Using 2 workers of 4 for evacuation
[0.775s][info][gc,heap      ] GC(164) ParNew: 34479K->0K(39424K)
[0.775s][info][gc,heap      ] GC(164) CMS: 1093K->1093K(87424K)
[0.775s][info][gc,metaspace ] GC(164) Metaspace: 6508K->6508K(1056768K)
[0.775s][info][gc           ] GC(164) Pause Young (Allocation Failure) 34M->1M(123M) 0.390ms
[0.775s][info][gc,cpu       ] GC(164) User=0.00s Sys=0.00s Real=0.00s
[0.778s][info][gc,start     ] GC(165) Pause Young (Allocation Failure)
[0.778s][info][gc,task      ] GC(165) Using 2 workers of 4 for evacuation
[0.778s][info][gc,heap      ] GC(165) ParNew: 34479K->0K(39424K)
[0.778s][info][gc,heap      ] GC(165) CMS: 1093K->1093K(87424K)
[0.778s][info][gc,metaspace ] GC(165) Metaspace: 6508K->6508K(1056768K)
[0.778s][info][gc           ] GC(165) Pause Young (Allocation Failure) 34M->1M(123M) 0.396ms
[0.778s][info][gc,cpu       ] GC(165) User=0.00s Sys=0.00s Real=0.00s
[0.781s][info][gc,start     ] GC(166) Pause Young (Allocation Failure)
[0.781s][info][gc,task      ] GC(166) Using 2 workers of 4 for evacuation
[0.781s][info][gc,heap      ] GC(166) ParNew: 34479K->0K(39424K)
[0.781s][info][gc,heap      ] GC(166) CMS: 1093K->1093K(87424K)
[0.781s][info][gc,metaspace ] GC(166) Metaspace: 6508K->6508K(1056768K)
[0.781s][info][gc           ] GC(166) Pause Young (Allocation Failure) 34M->1M(123M) 0.387ms
[0.781s][info][gc,cpu       ] GC(166) User=0.00s Sys=0.00s Real=0.00s
[0.784s][info][gc,start     ] GC(167) Pause Young (Allocation Failure)
[0.784s][info][gc,task      ] GC(167) Using 2 workers of 4 for evacuation
[0.784s][info][gc,heap      ] GC(167) ParNew: 34479K->0K(39424K)
[0.784s][info][gc,heap      ] GC(167) CMS: 1093K->1093K(87424K)
[0.784s][info][gc,metaspace ] GC(167) Metaspace: 6508K->6508K(1056768K)
[0.784s][info][gc           ] GC(167) Pause Young (Allocation Failure) 34M->1M(123M) 0.338ms
[0.784s][info][gc,cpu       ] GC(167) User=0.00s Sys=0.00s Real=0.00s
[0.786s][info][gc,start     ] GC(168) Pause Young (Allocation Failure)
[0.786s][info][gc,task      ] GC(168) Using 2 workers of 4 for evacuation
[0.787s][info][gc,heap      ] GC(168) ParNew: 34479K->0K(39424K)
[0.787s][info][gc,heap      ] GC(168) CMS: 1093K->1093K(87424K)
[0.787s][info][gc,metaspace ] GC(168) Metaspace: 6508K->6508K(1056768K)
[0.787s][info][gc           ] GC(168) Pause Young (Allocation Failure) 34M->1M(123M) 0.351ms
[0.787s][info][gc,cpu       ] GC(168) User=0.00s Sys=0.00s Real=0.00s
[0.789s][info][gc,start     ] GC(169) Pause Young (Allocation Failure)
[0.789s][info][gc,task      ] GC(169) Using 2 workers of 4 for evacuation
[0.789s][info][gc,heap      ] GC(169) ParNew: 34479K->0K(39424K)
[0.789s][info][gc,heap      ] GC(169) CMS: 1093K->1093K(87424K)
[0.789s][info][gc,metaspace ] GC(169) Metaspace: 6508K->6508K(1056768K)
[0.789s][info][gc           ] GC(169) Pause Young (Allocation Failure) 34M->1M(123M) 0.348ms
[0.789s][info][gc,cpu       ] GC(169) User=0.03s Sys=0.00s Real=0.00s
[0.792s][info][gc,start     ] GC(170) Pause Young (Allocation Failure)
[0.792s][info][gc,task      ] GC(170) Using 2 workers of 4 for evacuation
[0.792s][info][gc,heap      ] GC(170) ParNew: 34479K->0K(39424K)
[0.792s][info][gc,heap      ] GC(170) CMS: 1093K->1093K(87424K)
[0.792s][info][gc,metaspace ] GC(170) Metaspace: 6508K->6508K(1056768K)
[0.792s][info][gc           ] GC(170) Pause Young (Allocation Failure) 34M->1M(123M) 0.386ms
[0.792s][info][gc,cpu       ] GC(170) User=0.00s Sys=0.00s Real=0.00s
[0.795s][info][gc,start     ] GC(171) Pause Young (Allocation Failure)
[0.795s][info][gc,task      ] GC(171) Using 2 workers of 4 for evacuation
[0.795s][info][gc,heap      ] GC(171) ParNew: 34479K->0K(39424K)
[0.795s][info][gc,heap      ] GC(171) CMS: 1093K->1093K(87424K)
[0.795s][info][gc,metaspace ] GC(171) Metaspace: 6508K->6508K(1056768K)
[0.795s][info][gc           ] GC(171) Pause Young (Allocation Failure) 34M->1M(123M) 0.357ms
[0.795s][info][gc,cpu       ] GC(171) User=0.00s Sys=0.00s Real=0.00s
[0.798s][info][gc,start     ] GC(172) Pause Young (Allocation Failure)
[0.798s][info][gc,task      ] GC(172) Using 2 workers of 4 for evacuation
[0.798s][info][gc,heap      ] GC(172) ParNew: 34479K->0K(39424K)
[0.798s][info][gc,heap      ] GC(172) CMS: 1093K->1093K(87424K)
[0.798s][info][gc,metaspace ] GC(172) Metaspace: 6508K->6508K(1056768K)
[0.798s][info][gc           ] GC(172) Pause Young (Allocation Failure) 34M->1M(123M) 0.378ms
[0.798s][info][gc,cpu       ] GC(172) User=0.00s Sys=0.00s Real=0.00s
[0.801s][info][gc,start     ] GC(173) Pause Young (Allocation Failure)
[0.801s][info][gc,task      ] GC(173) Using 2 workers of 4 for evacuation
[0.801s][info][gc,heap      ] GC(173) ParNew: 34479K->0K(39424K)
[0.801s][info][gc,heap      ] GC(173) CMS: 1093K->1093K(87424K)
[0.801s][info][gc,metaspace ] GC(173) Metaspace: 6508K->6508K(1056768K)
[0.801s][info][gc           ] GC(173) Pause Young (Allocation Failure) 34M->1M(123M) 0.404ms
[0.801s][info][gc,cpu       ] GC(173) User=0.00s Sys=0.00s Real=0.00s
[0.804s][info][gc,start     ] GC(174) Pause Young (Allocation Failure)
[0.804s][info][gc,task      ] GC(174) Using 2 workers of 4 for evacuation
[0.804s][info][gc,heap      ] GC(174) ParNew: 34479K->0K(39424K)
[0.804s][info][gc,heap      ] GC(174) CMS: 1093K->1093K(87424K)
[0.804s][info][gc,metaspace ] GC(174) Metaspace: 6508K->6508K(1056768K)
[0.804s][info][gc           ] GC(174) Pause Young (Allocation Failure) 34M->1M(123M) 0.401ms
[0.804s][info][gc,cpu       ] GC(174) User=0.00s Sys=0.00s Real=0.00s
[0.807s][info][gc,start     ] GC(175) Pause Young (Allocation Failure)
[0.807s][info][gc,task      ] GC(175) Using 2 workers of 4 for evacuation
[0.807s][info][gc,heap      ] GC(175) ParNew: 34479K->0K(39424K)
[0.808s][info][gc,heap      ] GC(175) CMS: 1093K->1093K(87424K)
[0.808s][info][gc,metaspace ] GC(175) Metaspace: 6508K->6508K(1056768K)
[0.808s][info][gc           ] GC(175) Pause Young (Allocation Failure) 34M->1M(123M) 0.357ms
[0.808s][info][gc,cpu       ] GC(175) User=0.00s Sys=0.00s Real=0.00s
[0.810s][info][gc,start     ] GC(176) Pause Young (Allocation Failure)
[0.810s][info][gc,task      ] GC(176) Using 2 workers of 4 for evacuation
[0.810s][info][gc,heap      ] GC(176) ParNew: 34479K->0K(39424K)
[0.810s][info][gc,heap      ] GC(176) CMS: 1093K->1093K(87424K)
[0.810s][info][gc,metaspace ] GC(176) Metaspace: 6508K->6508K(1056768K)
[0.810s][info][gc           ] GC(176) Pause Young (Allocation Failure) 34M->1M(123M) 0.385ms
[0.810s][info][gc,cpu       ] GC(176) User=0.00s Sys=0.00s Real=0.00s
[0.813s][info][gc,start     ] GC(177) Pause Young (Allocation Failure)
[0.813s][info][gc,task      ] GC(177) Using 2 workers of 4 for evacuation
[0.813s][info][gc,heap      ] GC(177) ParNew: 34479K->0K(39424K)
[0.814s][info][gc,heap      ] GC(177) CMS: 1093K->1093K(87424K)
[0.814s][info][gc,metaspace ] GC(177) Metaspace: 6508K->6508K(1056768K)
[0.814s][info][gc           ] GC(177) Pause Young (Allocation Failure) 34M->1M(123M) 0.378ms
[0.814s][info][gc,cpu       ] GC(177) User=0.00s Sys=0.00s Real=0.00s
[0.816s][info][gc,start     ] GC(178) Pause Young (Allocation Failure)
[0.816s][info][gc,task      ] GC(178) Using 2 workers of 4 for evacuation
[0.816s][info][gc,heap      ] GC(178) ParNew: 34479K->0K(39424K)
[0.816s][info][gc,heap      ] GC(178) CMS: 1093K->1093K(87424K)
[0.816s][info][gc,metaspace ] GC(178) Metaspace: 6508K->6508K(1056768K)
[0.816s][info][gc           ] GC(178) Pause Young (Allocation Failure) 34M->1M(123M) 0.356ms
[0.816s][info][gc,cpu       ] GC(178) User=0.00s Sys=0.00s Real=0.00s
[0.819s][info][gc,start     ] GC(179) Pause Young (Allocation Failure)
[0.819s][info][gc,task      ] GC(179) Using 2 workers of 4 for evacuation
[0.819s][info][gc,heap      ] GC(179) ParNew: 34479K->0K(39424K)
[0.819s][info][gc,heap      ] GC(179) CMS: 1093K->1093K(87424K)
[0.819s][info][gc,metaspace ] GC(179) Metaspace: 6508K->6508K(1056768K)
[0.819s][info][gc           ] GC(179) Pause Young (Allocation Failure) 34M->1M(123M) 0.374ms
[0.819s][info][gc,cpu       ] GC(179) User=0.00s Sys=0.00s Real=0.00s
[0.821s][info][gc,start     ] GC(180) Pause Young (Allocation Failure)
[0.822s][info][gc,task      ] GC(180) Using 2 workers of 4 for evacuation
[0.822s][info][gc,heap      ] GC(180) ParNew: 34479K->0K(39424K)
[0.822s][info][gc,heap      ] GC(180) CMS: 1093K->1093K(87424K)
[0.822s][info][gc,metaspace ] GC(180) Metaspace: 6508K->6508K(1056768K)
[0.822s][info][gc           ] GC(180) Pause Young (Allocation Failure) 34M->1M(123M) 0.362ms
[0.822s][info][gc,cpu       ] GC(180) User=0.00s Sys=0.00s Real=0.00s
[0.825s][info][gc,start     ] GC(181) Pause Young (Allocation Failure)
[0.825s][info][gc,task      ] GC(181) Using 2 workers of 4 for evacuation
[0.825s][info][gc,heap      ] GC(181) ParNew: 34479K->0K(39424K)
[0.825s][info][gc,heap      ] GC(181) CMS: 1093K->1093K(87424K)
[0.825s][info][gc,metaspace ] GC(181) Metaspace: 6508K->6508K(1056768K)
[0.825s][info][gc           ] GC(181) Pause Young (Allocation Failure) 34M->1M(123M) 0.372ms
[0.825s][info][gc,cpu       ] GC(181) User=0.00s Sys=0.00s Real=0.00s
[0.828s][info][gc,start     ] GC(182) Pause Young (Allocation Failure)
[0.828s][info][gc,task      ] GC(182) Using 2 workers of 4 for evacuation
[0.828s][info][gc,heap      ] GC(182) ParNew: 34479K->0K(39424K)
[0.828s][info][gc,heap      ] GC(182) CMS: 1093K->1093K(87424K)
[0.828s][info][gc,metaspace ] GC(182) Metaspace: 6508K->6508K(1056768K)
[0.828s][info][gc           ] GC(182) Pause Young (Allocation Failure) 34M->1M(123M) 0.380ms
[0.829s][info][gc,cpu       ] GC(182) User=0.00s Sys=0.00s Real=0.00s
[0.831s][info][gc,start     ] GC(183) Pause Young (Allocation Failure)
[0.831s][info][gc,task      ] GC(183) Using 2 workers of 4 for evacuation
[0.831s][info][gc,heap      ] GC(183) ParNew: 34479K->0K(39424K)
[0.831s][info][gc,heap      ] GC(183) CMS: 1093K->1093K(87424K)
[0.831s][info][gc,metaspace ] GC(183) Metaspace: 6508K->6508K(1056768K)
[0.831s][info][gc           ] GC(183) Pause Young (Allocation Failure) 34M->1M(123M) 0.372ms
[0.831s][info][gc,cpu       ] GC(183) User=0.00s Sys=0.00s Real=0.00s
[0.834s][info][gc,start     ] GC(184) Pause Young (Allocation Failure)
[0.834s][info][gc,task      ] GC(184) Using 2 workers of 4 for evacuation
[0.835s][info][gc,heap      ] GC(184) ParNew: 34479K->0K(39424K)
[0.835s][info][gc,heap      ] GC(184) CMS: 1093K->1093K(87424K)
[0.835s][info][gc,metaspace ] GC(184) Metaspace: 6508K->6508K(1056768K)
[0.835s][info][gc           ] GC(184) Pause Young (Allocation Failure) 34M->1M(123M) 0.368ms
[0.835s][info][gc,cpu       ] GC(184) User=0.00s Sys=0.00s Real=0.00s
[0.837s][info][gc,start     ] GC(185) Pause Young (Allocation Failure)
[0.837s][info][gc,task      ] GC(185) Using 2 workers of 4 for evacuation
[0.838s][info][gc,heap      ] GC(185) ParNew: 34479K->0K(39424K)
[0.838s][info][gc,heap      ] GC(185) CMS: 1093K->1093K(87424K)
[0.838s][info][gc,metaspace ] GC(185) Metaspace: 6508K->6508K(1056768K)
[0.838s][info][gc           ] GC(185) Pause Young (Allocation Failure) 34M->1M(123M) 0.353ms
[0.838s][info][gc,cpu       ] GC(185) User=0.00s Sys=0.00s Real=0.00s
[0.840s][info][gc,start     ] GC(186) Pause Young (Allocation Failure)
[0.841s][info][gc,task      ] GC(186) Using 2 workers of 4 for evacuation
[0.841s][info][gc,heap      ] GC(186) ParNew: 34479K->0K(39424K)
[0.841s][info][gc,heap      ] GC(186) CMS: 1093K->1093K(87424K)
[0.841s][info][gc,metaspace ] GC(186) Metaspace: 6508K->6508K(1056768K)
[0.841s][info][gc           ] GC(186) Pause Young (Allocation Failure) 34M->1M(123M) 0.373ms
[0.841s][info][gc,cpu       ] GC(186) User=0.00s Sys=0.00s Real=0.00s
[0.844s][info][gc,start     ] GC(187) Pause Young (Allocation Failure)
[0.844s][info][gc,task      ] GC(187) Using 2 workers of 4 for evacuation
[0.844s][info][gc,heap      ] GC(187) ParNew: 34479K->0K(39424K)
[0.844s][info][gc,heap      ] GC(187) CMS: 1093K->1093K(87424K)
[0.844s][info][gc,metaspace ] GC(187) Metaspace: 6508K->6508K(1056768K)
[0.844s][info][gc           ] GC(187) Pause Young (Allocation Failure) 34M->1M(123M) 0.372ms
[0.844s][info][gc,cpu       ] GC(187) User=0.00s Sys=0.00s Real=0.00s
[0.847s][info][gc,start     ] GC(188) Pause Young (Allocation Failure)
[0.847s][info][gc,task      ] GC(188) Using 2 workers of 4 for evacuation
[0.847s][info][gc,heap      ] GC(188) ParNew: 34479K->0K(39424K)
[0.847s][info][gc,heap      ] GC(188) CMS: 1093K->1093K(87424K)
[0.847s][info][gc,metaspace ] GC(188) Metaspace: 6508K->6508K(1056768K)
[0.847s][info][gc           ] GC(188) Pause Young (Allocation Failure) 34M->1M(123M) 0.362ms
[0.847s][info][gc,cpu       ] GC(188) User=0.00s Sys=0.00s Real=0.00s
[0.850s][info][gc,start     ] GC(189) Pause Young (Allocation Failure)
[0.850s][info][gc,task      ] GC(189) Using 2 workers of 4 for evacuation
[0.850s][info][gc,heap      ] GC(189) ParNew: 34479K->0K(39424K)
[0.850s][info][gc,heap      ] GC(189) CMS: 1093K->1093K(87424K)
[0.850s][info][gc,metaspace ] GC(189) Metaspace: 6508K->6508K(1056768K)
[0.850s][info][gc           ] GC(189) Pause Young (Allocation Failure) 34M->1M(123M) 0.338ms
[0.850s][info][gc,cpu       ] GC(189) User=0.00s Sys=0.00s Real=0.00s
[0.852s][info][gc,start     ] GC(190) Pause Young (Allocation Failure)
[0.852s][info][gc,task      ] GC(190) Using 2 workers of 4 for evacuation
[0.852s][info][gc,heap      ] GC(190) ParNew: 34479K->0K(39424K)
[0.852s][info][gc,heap      ] GC(190) CMS: 1093K->1093K(87424K)
[0.852s][info][gc,metaspace ] GC(190) Metaspace: 6508K->6508K(1056768K)
[0.853s][info][gc           ] GC(190) Pause Young (Allocation Failure) 34M->1M(123M) 0.349ms
[0.853s][info][gc,cpu       ] GC(190) User=0.00s Sys=0.00s Real=0.00s
[0.855s][info][gc,start     ] GC(191) Pause Young (Allocation Failure)
[0.855s][info][gc,task      ] GC(191) Using 2 workers of 4 for evacuation
[0.855s][info][gc,heap      ] GC(191) ParNew: 34479K->0K(39424K)
[0.855s][info][gc,heap      ] GC(191) CMS: 1093K->1093K(87424K)
[0.855s][info][gc,metaspace ] GC(191) Metaspace: 6508K->6508K(1056768K)
[0.855s][info][gc           ] GC(191) Pause Young (Allocation Failure) 34M->1M(123M) 0.382ms
[0.855s][info][gc,cpu       ] GC(191) User=0.00s Sys=0.00s Real=0.00s
[0.858s][info][gc,start     ] GC(192) Pause Young (Allocation Failure)
[0.858s][info][gc,task      ] GC(192) Using 2 workers of 4 for evacuation
[0.858s][info][gc,heap      ] GC(192) ParNew: 34479K->0K(39424K)
[0.858s][info][gc,heap      ] GC(192) CMS: 1093K->1093K(87424K)
[0.858s][info][gc,metaspace ] GC(192) Metaspace: 6508K->6508K(1056768K)
[0.858s][info][gc           ] GC(192) Pause Young (Allocation Failure) 34M->1M(123M) 0.358ms
[0.858s][info][gc,cpu       ] GC(192) User=0.00s Sys=0.00s Real=0.00s
[0.860s][info][gc,start     ] GC(193) Pause Young (Allocation Failure)
[0.860s][info][gc,task      ] GC(193) Using 2 workers of 4 for evacuation
[0.861s][info][gc,heap      ] GC(193) ParNew: 34479K->0K(39424K)
[0.861s][info][gc,heap      ] GC(193) CMS: 1093K->1093K(87424K)
[0.861s][info][gc,metaspace ] GC(193) Metaspace: 6508K->6508K(1056768K)
[0.861s][info][gc           ] GC(193) Pause Young (Allocation Failure) 34M->1M(123M) 0.345ms
[0.861s][info][gc,cpu       ] GC(193) User=0.00s Sys=0.00s Real=0.00s
[0.863s][info][gc,start     ] GC(194) Pause Young (Allocation Failure)
[0.863s][info][gc,task      ] GC(194) Using 2 workers of 4 for evacuation
[0.864s][info][gc,heap      ] GC(194) ParNew: 34479K->0K(39424K)
[0.864s][info][gc,heap      ] GC(194) CMS: 1093K->1093K(87424K)
[0.864s][info][gc,metaspace ] GC(194) Metaspace: 6508K->6508K(1056768K)
[0.864s][info][gc           ] GC(194) Pause Young (Allocation Failure) 34M->1M(123M) 0.372ms
[0.864s][info][gc,cpu       ] GC(194) User=0.00s Sys=0.00s Real=0.00s
[0.866s][info][gc,start     ] GC(195) Pause Young (Allocation Failure)
[0.866s][info][gc,task      ] GC(195) Using 2 workers of 4 for evacuation
[0.866s][info][gc,heap      ] GC(195) ParNew: 34479K->0K(39424K)
[0.866s][info][gc,heap      ] GC(195) CMS: 1093K->1093K(87424K)
[0.867s][info][gc,metaspace ] GC(195) Metaspace: 6508K->6508K(1056768K)
[0.867s][info][gc           ] GC(195) Pause Young (Allocation Failure) 34M->1M(123M) 0.411ms
[0.867s][info][gc,cpu       ] GC(195) User=0.00s Sys=0.00s Real=0.00s
[0.869s][info][gc,start     ] GC(196) Pause Young (Allocation Failure)
[0.869s][info][gc,task      ] GC(196) Using 2 workers of 4 for evacuation
[0.869s][info][gc,heap      ] GC(196) ParNew: 34479K->0K(39424K)
[0.869s][info][gc,heap      ] GC(196) CMS: 1093K->1093K(87424K)
[0.869s][info][gc,metaspace ] GC(196) Metaspace: 6508K->6508K(1056768K)
[0.869s][info][gc           ] GC(196) Pause Young (Allocation Failure) 34M->1M(123M) 0.360ms
[0.869s][info][gc,cpu       ] GC(196) User=0.00s Sys=0.00s Real=0.00s
[0.872s][info][gc,start     ] GC(197) Pause Young (Allocation Failure)
[0.872s][info][gc,task      ] GC(197) Using 2 workers of 4 for evacuation
[0.873s][info][gc,heap      ] GC(197) ParNew: 34479K->0K(39424K)
[0.873s][info][gc,heap      ] GC(197) CMS: 1093K->1093K(87424K)
[0.873s][info][gc,metaspace ] GC(197) Metaspace: 6508K->6508K(1056768K)
[0.873s][info][gc           ] GC(197) Pause Young (Allocation Failure) 34M->1M(123M) 0.344ms
[0.873s][info][gc,cpu       ] GC(197) User=0.00s Sys=0.00s Real=0.00s
[0.875s][info][gc,start     ] GC(198) Pause Young (Allocation Failure)
[0.875s][info][gc,task      ] GC(198) Using 2 workers of 4 for evacuation
[0.875s][info][gc,heap      ] GC(198) ParNew: 34479K->0K(39424K)
[0.875s][info][gc,heap      ] GC(198) CMS: 1093K->1093K(87424K)
[0.875s][info][gc,metaspace ] GC(198) Metaspace: 6508K->6508K(1056768K)
[0.875s][info][gc           ] GC(198) Pause Young (Allocation Failure) 34M->1M(123M) 0.347ms
[0.875s][info][gc,cpu       ] GC(198) User=0.00s Sys=0.00s Real=0.00s
[0.878s][info][gc,start     ] GC(199) Pause Young (Allocation Failure)
[0.878s][info][gc,task      ] GC(199) Using 2 workers of 4 for evacuation
[0.878s][info][gc,heap      ] GC(199) ParNew: 34479K->0K(39424K)
[0.878s][info][gc,heap      ] GC(199) CMS: 1093K->1093K(87424K)
[0.878s][info][gc,metaspace ] GC(199) Metaspace: 6508K->6508K(1056768K)
[0.878s][info][gc           ] GC(199) Pause Young (Allocation Failure) 34M->1M(123M) 0.354ms
[0.878s][info][gc,cpu       ] GC(199) User=0.00s Sys=0.00s Real=0.00s
[0.881s][info][gc,start     ] GC(200) Pause Young (Allocation Failure)
[0.881s][info][gc,task      ] GC(200) Using 2 workers of 4 for evacuation
[0.881s][info][gc,heap      ] GC(200) ParNew: 34479K->0K(39424K)
[0.881s][info][gc,heap      ] GC(200) CMS: 1093K->1093K(87424K)
[0.881s][info][gc,metaspace ] GC(200) Metaspace: 6508K->6508K(1056768K)
[0.881s][info][gc           ] GC(200) Pause Young (Allocation Failure) 34M->1M(123M) 0.361ms
[0.881s][info][gc,cpu       ] GC(200) User=0.00s Sys=0.00s Real=0.00s
[0.883s][info][gc,start     ] GC(201) Pause Young (Allocation Failure)
[0.884s][info][gc,task      ] GC(201) Using 2 workers of 4 for evacuation
[0.884s][info][gc,heap      ] GC(201) ParNew: 34479K->0K(39424K)
[0.884s][info][gc,heap      ] GC(201) CMS: 1093K->1093K(87424K)
[0.884s][info][gc,metaspace ] GC(201) Metaspace: 6508K->6508K(1056768K)
[0.884s][info][gc           ] GC(201) Pause Young (Allocation Failure) 34M->1M(123M) 0.364ms
[0.884s][info][gc,cpu       ] GC(201) User=0.00s Sys=0.00s Real=0.00s
[0.887s][info][gc,start     ] GC(202) Pause Young (Allocation Failure)
[0.887s][info][gc,task      ] GC(202) Using 2 workers of 4 for evacuation
[0.887s][info][gc,heap      ] GC(202) ParNew: 34479K->0K(39424K)
[0.887s][info][gc,heap      ] GC(202) CMS: 1093K->1093K(87424K)
[0.887s][info][gc,metaspace ] GC(202) Metaspace: 6508K->6508K(1056768K)
[0.887s][info][gc           ] GC(202) Pause Young (Allocation Failure) 34M->1M(123M) 0.357ms
[0.887s][info][gc,cpu       ] GC(202) User=0.00s Sys=0.00s Real=0.00s
[0.889s][info][gc,start     ] GC(203) Pause Young (Allocation Failure)
[0.889s][info][gc,task      ] GC(203) Using 2 workers of 4 for evacuation
[0.890s][info][gc,heap      ] GC(203) ParNew: 34479K->0K(39424K)
[0.890s][info][gc,heap      ] GC(203) CMS: 1093K->1093K(87424K)
[0.890s][info][gc,metaspace ] GC(203) Metaspace: 6508K->6508K(1056768K)
[0.890s][info][gc           ] GC(203) Pause Young (Allocation Failure) 34M->1M(123M) 0.350ms
[0.890s][info][gc,cpu       ] GC(203) User=0.00s Sys=0.00s Real=0.00s
[0.892s][info][gc,start     ] GC(204) Pause Young (Allocation Failure)
[0.892s][info][gc,task      ] GC(204) Using 2 workers of 4 for evacuation
[0.892s][info][gc,heap      ] GC(204) ParNew: 34479K->0K(39424K)
[0.892s][info][gc,heap      ] GC(204) CMS: 1093K->1093K(87424K)
[0.892s][info][gc,metaspace ] GC(204) Metaspace: 6508K->6508K(1056768K)
[0.892s][info][gc           ] GC(204) Pause Young (Allocation Failure) 34M->1M(123M) 0.345ms
[0.892s][info][gc,cpu       ] GC(204) User=0.00s Sys=0.00s Real=0.00s
[0.894s][info][gc,start     ] GC(205) Pause Young (Allocation Failure)
[0.894s][info][gc,task      ] GC(205) Using 2 workers of 4 for evacuation
[0.894s][info][gc,heap      ] GC(205) ParNew: 34479K->0K(39424K)
[0.894s][info][gc,heap      ] GC(205) CMS: 1093K->1093K(87424K)
[0.894s][info][gc,metaspace ] GC(205) Metaspace: 6508K->6508K(1056768K)
[0.894s][info][gc           ] GC(205) Pause Young (Allocation Failure) 34M->1M(123M) 0.347ms
[0.894s][info][gc,cpu       ] GC(205) User=0.00s Sys=0.00s Real=0.00s
[0.897s][info][gc,start     ] GC(206) Pause Young (Allocation Failure)
[0.897s][info][gc,task      ] GC(206) Using 2 workers of 4 for evacuation
[0.897s][info][gc,heap      ] GC(206) ParNew: 34479K->0K(39424K)
[0.897s][info][gc,heap      ] GC(206) CMS: 1093K->1093K(87424K)
[0.897s][info][gc,metaspace ] GC(206) Metaspace: 6508K->6508K(1056768K)
[0.897s][info][gc           ] GC(206) Pause Young (Allocation Failure) 34M->1M(123M) 0.367ms
[0.897s][info][gc,cpu       ] GC(206) User=0.00s Sys=0.00s Real=0.00s
[0.899s][info][gc,start     ] GC(207) Pause Young (Allocation Failure)
[0.899s][info][gc,task      ] GC(207) Using 2 workers of 4 for evacuation
[0.900s][info][gc,heap      ] GC(207) ParNew: 34479K->0K(39424K)
[0.900s][info][gc,heap      ] GC(207) CMS: 1093K->1093K(87424K)
[0.900s][info][gc,metaspace ] GC(207) Metaspace: 6508K->6508K(1056768K)
[0.900s][info][gc           ] GC(207) Pause Young (Allocation Failure) 34M->1M(123M) 0.398ms
[0.900s][info][gc,cpu       ] GC(207) User=0.00s Sys=0.00s Real=0.00s
[0.902s][info][gc,start     ] GC(208) Pause Young (Allocation Failure)
[0.903s][info][gc,task      ] GC(208) Using 2 workers of 4 for evacuation
[0.903s][info][gc,heap      ] GC(208) ParNew: 34479K->0K(39424K)
[0.903s][info][gc,heap      ] GC(208) CMS: 1093K->1093K(87424K)
[0.903s][info][gc,metaspace ] GC(208) Metaspace: 6508K->6508K(1056768K)
[0.903s][info][gc           ] GC(208) Pause Young (Allocation Failure) 34M->1M(123M) 0.342ms
[0.903s][info][gc,cpu       ] GC(208) User=0.00s Sys=0.00s Real=0.00s
[0.905s][info][gc,start     ] GC(209) Pause Young (Allocation Failure)
[0.905s][info][gc,task      ] GC(209) Using 2 workers of 4 for evacuation
[0.905s][info][gc,heap      ] GC(209) ParNew: 34479K->0K(39424K)
[0.905s][info][gc,heap      ] GC(209) CMS: 1093K->1093K(87424K)
[0.905s][info][gc,metaspace ] GC(209) Metaspace: 6508K->6508K(1056768K)
[0.905s][info][gc           ] GC(209) Pause Young (Allocation Failure) 34M->1M(123M) 0.357ms
[0.905s][info][gc,cpu       ] GC(209) User=0.00s Sys=0.00s Real=0.00s
[0.907s][info][gc,start     ] GC(210) Pause Young (Allocation Failure)
[0.907s][info][gc,task      ] GC(210) Using 2 workers of 4 for evacuation
[0.908s][info][gc,heap      ] GC(210) ParNew: 34479K->0K(39424K)
[0.908s][info][gc,heap      ] GC(210) CMS: 1093K->1093K(87424K)
[0.908s][info][gc,metaspace ] GC(210) Metaspace: 6508K->6508K(1056768K)
[0.908s][info][gc           ] GC(210) Pause Young (Allocation Failure) 34M->1M(123M) 0.346ms
[0.908s][info][gc,cpu       ] GC(210) User=0.00s Sys=0.00s Real=0.00s
[0.910s][info][gc,start     ] GC(211) Pause Young (Allocation Failure)
[0.910s][info][gc,task      ] GC(211) Using 2 workers of 4 for evacuation
[0.910s][info][gc,heap      ] GC(211) ParNew: 34479K->0K(39424K)
[0.910s][info][gc,heap      ] GC(211) CMS: 1093K->1093K(87424K)
[0.910s][info][gc,metaspace ] GC(211) Metaspace: 6508K->6508K(1056768K)
[0.910s][info][gc           ] GC(211) Pause Young (Allocation Failure) 34M->1M(123M) 0.335ms
[0.910s][info][gc,cpu       ] GC(211) User=0.00s Sys=0.00s Real=0.00s
[0.913s][info][gc,start     ] GC(212) Pause Young (Allocation Failure)
[0.913s][info][gc,task      ] GC(212) Using 2 workers of 4 for evacuation
[0.913s][info][gc,heap      ] GC(212) ParNew: 34479K->0K(39424K)
[0.913s][info][gc,heap      ] GC(212) CMS: 1093K->1093K(87424K)
[0.913s][info][gc,metaspace ] GC(212) Metaspace: 6508K->6508K(1056768K)
[0.913s][info][gc           ] GC(212) Pause Young (Allocation Failure) 34M->1M(123M) 0.427ms
[0.913s][info][gc,cpu       ] GC(212) User=0.00s Sys=0.00s Real=0.00s
[0.916s][info][gc,start     ] GC(213) Pause Young (Allocation Failure)
[0.917s][info][gc,task      ] GC(213) Using 2 workers of 4 for evacuation
[0.917s][info][gc,heap      ] GC(213) ParNew: 34479K->0K(39424K)
[0.917s][info][gc,heap      ] GC(213) CMS: 1093K->1093K(87424K)
[0.917s][info][gc,metaspace ] GC(213) Metaspace: 6508K->6508K(1056768K)
[0.917s][info][gc           ] GC(213) Pause Young (Allocation Failure) 34M->1M(123M) 0.373ms
[0.917s][info][gc,cpu       ] GC(213) User=0.00s Sys=0.00s Real=0.00s
[0.919s][info][gc,start     ] GC(214) Pause Young (Allocation Failure)
[0.919s][info][gc,task      ] GC(214) Using 2 workers of 4 for evacuation
[0.919s][info][gc,heap      ] GC(214) ParNew: 34479K->0K(39424K)
[0.919s][info][gc,heap      ] GC(214) CMS: 1093K->1093K(87424K)
[0.919s][info][gc,metaspace ] GC(214) Metaspace: 6508K->6508K(1056768K)
[0.920s][info][gc           ] GC(214) Pause Young (Allocation Failure) 34M->1M(123M) 0.369ms
[0.920s][info][gc,cpu       ] GC(214) User=0.00s Sys=0.00s Real=0.00s
[0.922s][info][gc,start     ] GC(215) Pause Young (Allocation Failure)
[0.922s][info][gc,task      ] GC(215) Using 2 workers of 4 for evacuation
[0.922s][info][gc,heap      ] GC(215) ParNew: 34479K->0K(39424K)
[0.922s][info][gc,heap      ] GC(215) CMS: 1093K->1093K(87424K)
[0.922s][info][gc,metaspace ] GC(215) Metaspace: 6508K->6508K(1056768K)
[0.922s][info][gc           ] GC(215) Pause Young (Allocation Failure) 34M->1M(123M) 0.363ms
[0.922s][info][gc,cpu       ] GC(215) User=0.00s Sys=0.00s Real=0.00s
[0.924s][info][gc,start     ] GC(216) Pause Young (Allocation Failure)
[0.924s][info][gc,task      ] GC(216) Using 2 workers of 4 for evacuation
[0.924s][info][gc,heap      ] GC(216) ParNew: 34479K->0K(39424K)
[0.924s][info][gc,heap      ] GC(216) CMS: 1093K->1093K(87424K)
[0.924s][info][gc,metaspace ] GC(216) Metaspace: 6508K->6508K(1056768K)
[0.924s][info][gc           ] GC(216) Pause Young (Allocation Failure) 34M->1M(123M) 0.369ms
[0.924s][info][gc,cpu       ] GC(216) User=0.00s Sys=0.00s Real=0.00s
[0.926s][info][gc,start     ] GC(217) Pause Young (Allocation Failure)
[0.926s][info][gc,task      ] GC(217) Using 2 workers of 4 for evacuation
[0.927s][info][gc,heap      ] GC(217) ParNew: 34479K->0K(39424K)
[0.927s][info][gc,heap      ] GC(217) CMS: 1093K->1093K(87424K)
[0.927s][info][gc,metaspace ] GC(217) Metaspace: 6508K->6508K(1056768K)
[0.927s][info][gc           ] GC(217) Pause Young (Allocation Failure) 34M->1M(123M) 0.345ms
[0.927s][info][gc,cpu       ] GC(217) User=0.00s Sys=0.00s Real=0.00s
[0.929s][info][gc,start     ] GC(218) Pause Young (Allocation Failure)
[0.929s][info][gc,task      ] GC(218) Using 2 workers of 4 for evacuation
[0.929s][info][gc,heap      ] GC(218) ParNew: 34479K->0K(39424K)
[0.929s][info][gc,heap      ] GC(218) CMS: 1093K->1093K(87424K)
[0.929s][info][gc,metaspace ] GC(218) Metaspace: 6508K->6508K(1056768K)
[0.929s][info][gc           ] GC(218) Pause Young (Allocation Failure) 34M->1M(123M) 0.354ms
[0.929s][info][gc,cpu       ] GC(218) User=0.00s Sys=0.00s Real=0.00s
[0.932s][info][gc,start     ] GC(219) Pause Young (Allocation Failure)
[0.932s][info][gc,task      ] GC(219) Using 2 workers of 4 for evacuation
[0.932s][info][gc,heap      ] GC(219) ParNew: 34479K->0K(39424K)
[0.932s][info][gc,heap      ] GC(219) CMS: 1093K->1093K(87424K)
[0.932s][info][gc,metaspace ] GC(219) Metaspace: 6508K->6508K(1056768K)
[0.932s][info][gc           ] GC(219) Pause Young (Allocation Failure) 34M->1M(123M) 0.376ms
[0.932s][info][gc,cpu       ] GC(219) User=0.00s Sys=0.00s Real=0.00s
[0.934s][info][gc,start     ] GC(220) Pause Young (Allocation Failure)
[0.935s][info][gc,task      ] GC(220) Using 2 workers of 4 for evacuation
[0.935s][info][gc,heap      ] GC(220) ParNew: 34479K->0K(39424K)
[0.935s][info][gc,heap      ] GC(220) CMS: 1093K->1093K(87424K)
[0.935s][info][gc,metaspace ] GC(220) Metaspace: 6508K->6508K(1056768K)
[0.935s][info][gc           ] GC(220) Pause Young (Allocation Failure) 34M->1M(123M) 0.380ms
[0.935s][info][gc,cpu       ] GC(220) User=0.00s Sys=0.00s Real=0.00s
[0.937s][info][gc,start     ] GC(221) Pause Young (Allocation Failure)
[0.937s][info][gc,task      ] GC(221) Using 2 workers of 4 for evacuation
[0.938s][info][gc,heap      ] GC(221) ParNew: 34479K->0K(39424K)
[0.938s][info][gc,heap      ] GC(221) CMS: 1093K->1093K(87424K)
[0.938s][info][gc,metaspace ] GC(221) Metaspace: 6508K->6508K(1056768K)
[0.938s][info][gc           ] GC(221) Pause Young (Allocation Failure) 34M->1M(123M) 0.347ms
[0.938s][info][gc,cpu       ] GC(221) User=0.00s Sys=0.00s Real=0.00s
[0.940s][info][gc,start     ] GC(222) Pause Young (Allocation Failure)
[0.940s][info][gc,task      ] GC(222) Using 2 workers of 4 for evacuation
[0.940s][info][gc,heap      ] GC(222) ParNew: 34479K->0K(39424K)
[0.940s][info][gc,heap      ] GC(222) CMS: 1093K->1093K(87424K)
[0.940s][info][gc,metaspace ] GC(222) Metaspace: 6508K->6508K(1056768K)
[0.940s][info][gc           ] GC(222) Pause Young (Allocation Failure) 34M->1M(123M) 0.340ms
[0.940s][info][gc,cpu       ] GC(222) User=0.00s Sys=0.00s Real=0.00s
[0.942s][info][gc,start     ] GC(223) Pause Young (Allocation Failure)
[0.942s][info][gc,task      ] GC(223) Using 2 workers of 4 for evacuation
[0.942s][info][gc,heap      ] GC(223) ParNew: 34479K->0K(39424K)
[0.942s][info][gc,heap      ] GC(223) CMS: 1093K->1093K(87424K)
[0.942s][info][gc,metaspace ] GC(223) Metaspace: 6508K->6508K(1056768K)
[0.942s][info][gc           ] GC(223) Pause Young (Allocation Failure) 34M->1M(123M) 0.358ms
[0.942s][info][gc,cpu       ] GC(223) User=0.00s Sys=0.00s Real=0.00s
[0.944s][info][gc,start     ] GC(224) Pause Young (Allocation Failure)
[0.944s][info][gc,task      ] GC(224) Using 2 workers of 4 for evacuation
[0.944s][info][gc,heap      ] GC(224) ParNew: 34479K->0K(39424K)
[0.944s][info][gc,heap      ] GC(224) CMS: 1093K->1093K(87424K)
[0.944s][info][gc,metaspace ] GC(224) Metaspace: 6508K->6508K(1056768K)
[0.944s][info][gc           ] GC(224) Pause Young (Allocation Failure) 34M->1M(123M) 0.330ms
[0.944s][info][gc,cpu       ] GC(224) User=0.00s Sys=0.00s Real=0.00s
[0.946s][info][gc,start     ] GC(225) Pause Young (Allocation Failure)
[0.946s][info][gc,task      ] GC(225) Using 2 workers of 4 for evacuation
[0.947s][info][gc,heap      ] GC(225) ParNew: 34479K->0K(39424K)
[0.947s][info][gc,heap      ] GC(225) CMS: 1093K->1093K(87424K)
[0.947s][info][gc,metaspace ] GC(225) Metaspace: 6508K->6508K(1056768K)
[0.947s][info][gc           ] GC(225) Pause Young (Allocation Failure) 34M->1M(123M) 0.313ms
[0.947s][info][gc,cpu       ] GC(225) User=0.00s Sys=0.00s Real=0.00s
[0.949s][info][gc,start     ] GC(226) Pause Young (Allocation Failure)
[0.949s][info][gc,task      ] GC(226) Using 2 workers of 4 for evacuation
[0.949s][info][gc,heap      ] GC(226) ParNew: 34479K->0K(39424K)
[0.949s][info][gc,heap      ] GC(226) CMS: 1093K->1093K(87424K)
[0.949s][info][gc,metaspace ] GC(226) Metaspace: 6508K->6508K(1056768K)
[0.949s][info][gc           ] GC(226) Pause Young (Allocation Failure) 34M->1M(123M) 0.377ms
[0.949s][info][gc,cpu       ] GC(226) User=0.00s Sys=0.00s Real=0.00s
[0.952s][info][gc,start     ] GC(227) Pause Young (Allocation Failure)
[0.952s][info][gc,task      ] GC(227) Using 2 workers of 4 for evacuation
[0.952s][info][gc,heap      ] GC(227) ParNew: 34479K->0K(39424K)
[0.952s][info][gc,heap      ] GC(227) CMS: 1093K->1093K(87424K)
[0.952s][info][gc,metaspace ] GC(227) Metaspace: 6508K->6508K(1056768K)
[0.952s][info][gc           ] GC(227) Pause Young (Allocation Failure) 34M->1M(123M) 0.477ms
[0.952s][info][gc,cpu       ] GC(227) User=0.00s Sys=0.00s Real=0.00s
[0.954s][info][gc,start     ] GC(228) Pause Young (Allocation Failure)
[0.954s][info][gc,task      ] GC(228) Using 2 workers of 4 for evacuation
[0.955s][info][gc,heap      ] GC(228) ParNew: 34479K->0K(39424K)
[0.955s][info][gc,heap      ] GC(228) CMS: 1093K->1093K(87424K)
[0.955s][info][gc,metaspace ] GC(228) Metaspace: 6508K->6508K(1056768K)
[0.955s][info][gc           ] GC(228) Pause Young (Allocation Failure) 34M->1M(123M) 0.347ms
[0.955s][info][gc,cpu       ] GC(228) User=0.00s Sys=0.00s Real=0.00s
[0.957s][info][gc,start     ] GC(229) Pause Young (Allocation Failure)
[0.957s][info][gc,task      ] GC(229) Using 2 workers of 4 for evacuation
[0.957s][info][gc,heap      ] GC(229) ParNew: 34479K->0K(39424K)
[0.957s][info][gc,heap      ] GC(229) CMS: 1093K->1093K(87424K)
[0.957s][info][gc,metaspace ] GC(229) Metaspace: 6508K->6508K(1056768K)
[0.957s][info][gc           ] GC(229) Pause Young (Allocation Failure) 34M->1M(123M) 0.277ms
[0.957s][info][gc,cpu       ] GC(229) User=0.00s Sys=0.00s Real=0.00s
[0.959s][info][gc,start     ] GC(230) Pause Young (Allocation Failure)
[0.959s][info][gc,task      ] GC(230) Using 2 workers of 4 for evacuation
[0.959s][info][gc,heap      ] GC(230) ParNew: 34479K->0K(39424K)
[0.959s][info][gc,heap      ] GC(230) CMS: 1093K->1093K(87424K)
[0.959s][info][gc,metaspace ] GC(230) Metaspace: 6508K->6508K(1056768K)
[0.959s][info][gc           ] GC(230) Pause Young (Allocation Failure) 34M->1M(123M) 0.312ms
[0.959s][info][gc,cpu       ] GC(230) User=0.00s Sys=0.00s Real=0.00s
[0.961s][info][gc,start     ] GC(231) Pause Young (Allocation Failure)
[0.961s][info][gc,task      ] GC(231) Using 2 workers of 4 for evacuation
[0.961s][info][gc,heap      ] GC(231) ParNew: 34479K->0K(39424K)
[0.961s][info][gc,heap      ] GC(231) CMS: 1093K->1093K(87424K)
[0.961s][info][gc,metaspace ] GC(231) Metaspace: 6508K->6508K(1056768K)
[0.961s][info][gc           ] GC(231) Pause Young (Allocation Failure) 34M->1M(123M) 0.272ms
[0.961s][info][gc,cpu       ] GC(231) User=0.03s Sys=0.00s Real=0.00s
[0.964s][info][gc,start     ] GC(232) Pause Young (Allocation Failure)
[0.964s][info][gc,task      ] GC(232) Using 2 workers of 4 for evacuation
[0.964s][info][gc,heap      ] GC(232) ParNew: 34479K->0K(39424K)
[0.964s][info][gc,heap      ] GC(232) CMS: 1093K->1093K(87424K)
[0.964s][info][gc,metaspace ] GC(232) Metaspace: 6508K->6508K(1056768K)
[0.964s][info][gc           ] GC(232) Pause Young (Allocation Failure) 34M->1M(123M) 0.343ms
[0.964s][info][gc,cpu       ] GC(232) User=0.00s Sys=0.00s Real=0.00s
[0.966s][info][gc,start     ] GC(233) Pause Young (Allocation Failure)
[0.966s][info][gc,task      ] GC(233) Using 2 workers of 4 for evacuation
[0.966s][info][gc,heap      ] GC(233) ParNew: 34479K->0K(39424K)
[0.966s][info][gc,heap      ] GC(233) CMS: 1093K->1093K(87424K)
[0.966s][info][gc,metaspace ] GC(233) Metaspace: 6508K->6508K(1056768K)
[0.966s][info][gc           ] GC(233) Pause Young (Allocation Failure) 34M->1M(123M) 0.371ms
[0.966s][info][gc,cpu       ] GC(233) User=0.00s Sys=0.00s Real=0.00s
[0.968s][info][gc,start     ] GC(234) Pause Young (Allocation Failure)
[0.968s][info][gc,task      ] GC(234) Using 2 workers of 4 for evacuation
[0.969s][info][gc,heap      ] GC(234) ParNew: 34479K->0K(39424K)
[0.969s][info][gc,heap      ] GC(234) CMS: 1093K->1093K(87424K)
[0.969s][info][gc,metaspace ] GC(234) Metaspace: 6508K->6508K(1056768K)
[0.969s][info][gc           ] GC(234) Pause Young (Allocation Failure) 34M->1M(123M) 0.332ms
[0.969s][info][gc,cpu       ] GC(234) User=0.00s Sys=0.00s Real=0.00s
[0.971s][info][gc,start     ] GC(235) Pause Young (Allocation Failure)
[0.971s][info][gc,task      ] GC(235) Using 2 workers of 4 for evacuation
[0.971s][info][gc,heap      ] GC(235) ParNew: 34479K->0K(39424K)
[0.971s][info][gc,heap      ] GC(235) CMS: 1093K->1093K(87424K)
[0.971s][info][gc,metaspace ] GC(235) Metaspace: 6508K->6508K(1056768K)
[0.971s][info][gc           ] GC(235) Pause Young (Allocation Failure) 34M->1M(123M) 0.307ms
[0.971s][info][gc,cpu       ] GC(235) User=0.00s Sys=0.00s Real=0.00s
[0.973s][info][gc,start     ] GC(236) Pause Young (Allocation Failure)
[0.973s][info][gc,task      ] GC(236) Using 2 workers of 4 for evacuation
[0.973s][info][gc,heap      ] GC(236) ParNew: 34479K->0K(39424K)
[0.974s][info][gc,heap      ] GC(236) CMS: 1093K->1093K(87424K)
[0.974s][info][gc,metaspace ] GC(236) Metaspace: 6508K->6508K(1056768K)
[0.974s][info][gc           ] GC(236) Pause Young (Allocation Failure) 34M->1M(123M) 0.362ms
[0.974s][info][gc,cpu       ] GC(236) User=0.00s Sys=0.00s Real=0.00s
[0.976s][info][gc,start     ] GC(237) Pause Young (Allocation Failure)
[0.976s][info][gc,task      ] GC(237) Using 2 workers of 4 for evacuation
[0.976s][info][gc,heap      ] GC(237) ParNew: 34479K->0K(39424K)
[0.976s][info][gc,heap      ] GC(237) CMS: 1093K->1093K(87424K)
[0.976s][info][gc,metaspace ] GC(237) Metaspace: 6508K->6508K(1056768K)
[0.976s][info][gc           ] GC(237) Pause Young (Allocation Failure) 34M->1M(123M) 0.419ms
[0.976s][info][gc,cpu       ] GC(237) User=0.00s Sys=0.00s Real=0.00s
[0.978s][info][gc,start     ] GC(238) Pause Young (Allocation Failure)
[0.978s][info][gc,task      ] GC(238) Using 2 workers of 4 for evacuation
[0.979s][info][gc,heap      ] GC(238) ParNew: 34479K->0K(39424K)
[0.979s][info][gc,heap      ] GC(238) CMS: 1093K->1093K(87424K)
[0.979s][info][gc,metaspace ] GC(238) Metaspace: 6508K->6508K(1056768K)
[0.979s][info][gc           ] GC(238) Pause Young (Allocation Failure) 34M->1M(123M) 0.323ms
[0.979s][info][gc,cpu       ] GC(238) User=0.00s Sys=0.00s Real=0.00s
[0.983s][info][gc,start     ] GC(239) Pause Young (Allocation Failure)
[0.983s][info][gc,task      ] GC(239) Using 2 workers of 4 for evacuation
[0.983s][info][gc,heap      ] GC(239) ParNew: 34479K->0K(39424K)
[0.983s][info][gc,heap      ] GC(239) CMS: 1093K->1093K(87424K)
[0.983s][info][gc,metaspace ] GC(239) Metaspace: 6508K->6508K(1056768K)
[0.983s][info][gc           ] GC(239) Pause Young (Allocation Failure) 34M->1M(123M) 0.393ms
[0.983s][info][gc,cpu       ] GC(239) User=0.00s Sys=0.00s Real=0.00s
[0.987s][info][gc,start     ] GC(240) Pause Young (Allocation Failure)
[0.987s][info][gc,task      ] GC(240) Using 2 workers of 4 for evacuation
[0.987s][info][gc,heap      ] GC(240) ParNew: 34479K->0K(39424K)
[0.987s][info][gc,heap      ] GC(240) CMS: 1093K->1093K(87424K)
[0.987s][info][gc,metaspace ] GC(240) Metaspace: 6508K->6508K(1056768K)
[0.987s][info][gc           ] GC(240) Pause Young (Allocation Failure) 34M->1M(123M) 0.398ms
[0.987s][info][gc,cpu       ] GC(240) User=0.00s Sys=0.00s Real=0.00s
[0.990s][info][gc,start     ] GC(241) Pause Young (Allocation Failure)
[0.990s][info][gc,task      ] GC(241) Using 2 workers of 4 for evacuation
[0.990s][info][gc,heap      ] GC(241) ParNew: 34479K->0K(39424K)
[0.990s][info][gc,heap      ] GC(241) CMS: 1093K->1093K(87424K)
[0.990s][info][gc,metaspace ] GC(241) Metaspace: 6508K->6508K(1056768K)
[0.990s][info][gc           ] GC(241) Pause Young (Allocation Failure) 34M->1M(123M) 0.351ms
[0.990s][info][gc,cpu       ] GC(241) User=0.00s Sys=0.00s Real=0.00s
[0.992s][info][gc,start     ] GC(242) Pause Young (Allocation Failure)
[0.993s][info][gc,task      ] GC(242) Using 2 workers of 4 for evacuation
[0.993s][info][gc,heap      ] GC(242) ParNew: 34479K->0K(39424K)
[0.993s][info][gc,heap      ] GC(242) CMS: 1093K->1093K(87424K)
[0.993s][info][gc,metaspace ] GC(242) Metaspace: 6508K->6508K(1056768K)
[0.993s][info][gc           ] GC(242) Pause Young (Allocation Failure) 34M->1M(123M) 0.397ms
[0.993s][info][gc,cpu       ] GC(242) User=0.00s Sys=0.00s Real=0.00s
[0.995s][info][gc,start     ] GC(243) Pause Young (Allocation Failure)
[0.995s][info][gc,task      ] GC(243) Using 2 workers of 4 for evacuation
[0.995s][info][gc,heap      ] GC(243) ParNew: 34479K->0K(39424K)
[0.995s][info][gc,heap      ] GC(243) CMS: 1093K->1093K(87424K)
[0.995s][info][gc,metaspace ] GC(243) Metaspace: 6508K->6508K(1056768K)
[0.995s][info][gc           ] GC(243) Pause Young (Allocation Failure) 34M->1M(123M) 0.308ms
[0.995s][info][gc,cpu       ] GC(243) User=0.00s Sys=0.00s Real=0.00s
[0.998s][info][gc,start     ] GC(244) Pause Young (Allocation Failure)
[0.998s][info][gc,task      ] GC(244) Using 2 workers of 4 for evacuation
[0.998s][info][gc,heap      ] GC(244) ParNew: 34479K->0K(39424K)
[0.998s][info][gc,heap      ] GC(244) CMS: 1093K->1093K(87424K)
[0.998s][info][gc,metaspace ] GC(244) Metaspace: 6508K->6508K(1056768K)
[0.998s][info][gc           ] GC(244) Pause Young (Allocation Failure) 34M->1M(123M) 0.350ms
[0.998s][info][gc,cpu       ] GC(244) User=0.00s Sys=0.00s Real=0.00s
[1.000s][info][gc,start     ] GC(245) Pause Young (Allocation Failure)
[1.001s][info][gc,task      ] GC(245) Using 2 workers of 4 for evacuation
[1.001s][info][gc,heap      ] GC(245) ParNew: 34479K->0K(39424K)
[1.001s][info][gc,heap      ] GC(245) CMS: 1093K->1093K(87424K)
[1.001s][info][gc,metaspace ] GC(245) Metaspace: 6508K->6508K(1056768K)
[1.001s][info][gc           ] GC(245) Pause Young (Allocation Failure) 34M->1M(123M) 0.411ms
[1.001s][info][gc,cpu       ] GC(245) User=0.00s Sys=0.00s Real=0.00s
[1.004s][info][gc,start     ] GC(246) Pause Young (Allocation Failure)
[1.004s][info][gc,task      ] GC(246) Using 2 workers of 4 for evacuation
[1.004s][info][gc,heap      ] GC(246) ParNew: 34479K->0K(39424K)
[1.004s][info][gc,heap      ] GC(246) CMS: 1093K->1093K(87424K)
[1.004s][info][gc,metaspace ] GC(246) Metaspace: 6508K->6508K(1056768K)
[1.004s][info][gc           ] GC(246) Pause Young (Allocation Failure) 34M->1M(123M) 0.375ms
[1.004s][info][gc,cpu       ] GC(246) User=0.00s Sys=0.00s Real=0.00s
[1.006s][info][gc,start     ] GC(247) Pause Young (Allocation Failure)
[1.006s][info][gc,task      ] GC(247) Using 2 workers of 4 for evacuation
[1.007s][info][gc,heap      ] GC(247) ParNew: 34479K->0K(39424K)
[1.007s][info][gc,heap      ] GC(247) CMS: 1093K->1093K(87424K)
[1.007s][info][gc,metaspace ] GC(247) Metaspace: 6508K->6508K(1056768K)
[1.007s][info][gc           ] GC(247) Pause Young (Allocation Failure) 34M->1M(123M) 0.307ms
[1.007s][info][gc,cpu       ] GC(247) User=0.00s Sys=0.00s Real=0.00s
[1.009s][info][gc,start     ] GC(248) Pause Young (Allocation Failure)
[1.009s][info][gc,task      ] GC(248) Using 2 workers of 4 for evacuation
[1.009s][info][gc,heap      ] GC(248) ParNew: 34479K->0K(39424K)
[1.009s][info][gc,heap      ] GC(248) CMS: 1093K->1093K(87424K)
[1.009s][info][gc,metaspace ] GC(248) Metaspace: 6508K->6508K(1056768K)
[1.009s][info][gc           ] GC(248) Pause Young (Allocation Failure) 34M->1M(123M) 0.323ms
[1.009s][info][gc,cpu       ] GC(248) User=0.00s Sys=0.00s Real=0.00s
[1.012s][info][gc,start     ] GC(249) Pause Young (Allocation Failure)
[1.012s][info][gc,task      ] GC(249) Using 2 workers of 4 for evacuation
[1.012s][info][gc,heap      ] GC(249) ParNew: 34157K->8K(39424K)
[1.013s][info][gc,heap      ] GC(249) CMS: 1093K->1093K(87424K)
[1.013s][info][gc,metaspace ] GC(249) Metaspace: 6520K->6520K(1056768K)
[1.013s][info][gc           ] GC(249) Pause Young (Allocation Failure) 34M->1M(123M) 0.380ms
[1.013s][info][gc,cpu       ] GC(249) User=0.00s Sys=0.00s Real=0.00s
[1.015s][info][gc,start     ] GC(250) Pause Young (Allocation Failure)
[1.015s][info][gc,task      ] GC(250) Using 2 workers of 4 for evacuation
[1.016s][info][gc,heap      ] GC(250) ParNew: 34833K->38K(39424K)
[1.016s][info][gc,heap      ] GC(250) CMS: 1093K->1093K(87424K)
[1.016s][info][gc,metaspace ] GC(250) Metaspace: 6609K->6609K(1056768K)
[1.016s][info][gc           ] GC(250) Pause Young (Allocation Failure) 35M->1M(123M) 0.477ms
[1.016s][info][gc,cpu       ] GC(250) User=0.00s Sys=0.00s Real=0.00s
[1.019s][info][gc,start     ] GC(251) Pause Young (Allocation Failure)
[1.019s][info][gc,task      ] GC(251) Using 2 workers of 4 for evacuation
[1.019s][info][gc,heap      ] GC(251) ParNew: 35091K->80K(39424K)
[1.019s][info][gc,heap      ] GC(251) CMS: 1093K->1093K(87424K)
[1.019s][info][gc,metaspace ] GC(251) Metaspace: 6662K->6662K(1056768K)
[1.019s][info][gc           ] GC(251) Pause Young (Allocation Failure) 35M->1M(123M) 0.518ms
[1.019s][info][gc,cpu       ] GC(251) User=0.00s Sys=0.00s Real=0.00s
[1.022s][info][gc,start     ] GC(252) Pause Young (Allocation Failure)
[1.022s][info][gc,task      ] GC(252) Using 2 workers of 4 for evacuation
[1.022s][info][gc,heap      ] GC(252) ParNew: 34700K->206K(39424K)
[1.022s][info][gc,heap      ] GC(252) CMS: 1093K->1093K(87424K)
[1.022s][info][gc,metaspace ] GC(252) Metaspace: 6668K->6668K(1056768K)
[1.022s][info][gc           ] GC(252) Pause Young (Allocation Failure) 34M->1M(123M) 0.487ms
[1.022s][info][gc,cpu       ] GC(252) User=0.00s Sys=0.00s Real=0.00s
[1.025s][info][gc,start     ] GC(253) Pause Young (Allocation Failure)
[1.025s][info][gc,task      ] GC(253) Using 2 workers of 4 for evacuation
[1.025s][info][gc,heap      ] GC(253) ParNew: 34777K->273K(39424K)
[1.025s][info][gc,heap      ] GC(253) CMS: 1093K->1093K(87424K)
[1.025s][info][gc,metaspace ] GC(253) Metaspace: 6718K->6718K(1056768K)
[1.025s][info][gc           ] GC(253) Pause Young (Allocation Failure) 35M->1M(123M) 0.460ms
[1.025s][info][gc,cpu       ] GC(253) User=0.00s Sys=0.00s Real=0.00s
[1.029s][info][gc,start     ] GC(254) Pause Young (Allocation Failure)
[1.029s][info][gc,task      ] GC(254) Using 2 workers of 4 for evacuation
[1.029s][info][gc,heap      ] GC(254) ParNew: 34812K->263K(39424K)
[1.029s][info][gc,heap      ] GC(254) CMS: 1093K->1093K(87424K)
[1.029s][info][gc,metaspace ] GC(254) Metaspace: 6903K->6903K(1056768K)
[1.029s][info][gc           ] GC(254) Pause Young (Allocation Failure) 35M->1M(123M) 0.573ms
[1.029s][info][gc,cpu       ] GC(254) User=0.00s Sys=0.00s Real=0.00s
[1.032s][info][gc,start     ] GC(255) Pause Young (Allocation Failure)
[1.032s][info][gc,task      ] GC(255) Using 2 workers of 4 for evacuation
[1.032s][info][gc,heap      ] GC(255) ParNew: 34781K->292K(39424K)
[1.032s][info][gc,heap      ] GC(255) CMS: 1093K->1099K(87424K)
[1.032s][info][gc,metaspace ] GC(255) Metaspace: 6969K->6969K(1056768K)
[1.032s][info][gc           ] GC(255) Pause Young (Allocation Failure) 35M->1M(123M) 0.600ms
[1.032s][info][gc,cpu       ] GC(255) User=0.00s Sys=0.00s Real=0.00s
[1.034s][info][gc,start     ] GC(256) Pause Young (Allocation Failure)
[1.034s][info][gc,task      ] GC(256) Using 2 workers of 4 for evacuation
[1.035s][info][gc,heap      ] GC(256) ParNew: 34796K->300K(39424K)
[1.035s][info][gc,heap      ] GC(256) CMS: 1099K->1129K(87424K)
[1.035s][info][gc,metaspace ] GC(256) Metaspace: 7021K->7021K(1056768K)
[1.035s][info][gc           ] GC(256) Pause Young (Allocation Failure) 35M->1M(123M) 0.545ms
[1.035s][info][gc,cpu       ] GC(256) User=0.00s Sys=0.00s Real=0.00s
[1.037s][info][gc,start     ] GC(257) Pause Young (Allocation Failure)
[1.037s][info][gc,task      ] GC(257) Using 2 workers of 4 for evacuation
[1.038s][info][gc,heap      ] GC(257) ParNew: 34796K->287K(39424K)
[1.038s][info][gc,heap      ] GC(257) CMS: 1129K->1161K(87424K)
[1.038s][info][gc,metaspace ] GC(257) Metaspace: 7099K->7099K(1056768K)
[1.038s][info][gc           ] GC(257) Pause Young (Allocation Failure) 35M->1M(123M) 0.558ms
[1.038s][info][gc,cpu       ] GC(257) User=0.00s Sys=0.00s Real=0.00s
[1.040s][info][gc,start     ] GC(258) Pause Young (Allocation Failure)
[1.040s][info][gc,task      ] GC(258) Using 2 workers of 4 for evacuation
[1.041s][info][gc,heap      ] GC(258) ParNew: 34778K->107K(39424K)
[1.041s][info][gc,heap      ] GC(258) CMS: 1161K->1280K(87424K)
[1.041s][info][gc,metaspace ] GC(258) Metaspace: 7155K->7155K(1056768K)
[1.041s][info][gc           ] GC(258) Pause Young (Allocation Failure) 35M->1M(123M) 0.724ms
[1.041s][info][gc,cpu       ] GC(258) User=0.00s Sys=0.00s Real=0.00s
[1.043s][info][gc,start     ] GC(259) Pause Young (Allocation Failure)
[1.043s][info][gc,task      ] GC(259) Using 2 workers of 4 for evacuation
[1.043s][info][gc,heap      ] GC(259) ParNew: 34601K->74K(39424K)
[1.043s][info][gc,heap      ] GC(259) CMS: 1280K->1282K(87424K)
[1.043s][info][gc,metaspace ] GC(259) Metaspace: 7202K->7202K(1056768K)
[1.043s][info][gc           ] GC(259) Pause Young (Allocation Failure) 35M->1M(123M) 0.401ms
[1.043s][info][gc,cpu       ] GC(259) User=0.00s Sys=0.00s Real=0.00s
[1.046s][info][gc,start     ] GC(260) Pause Young (Allocation Failure)
[1.046s][info][gc,task      ] GC(260) Using 2 workers of 4 for evacuation
[1.046s][info][gc,heap      ] GC(260) ParNew: 34661K->116K(39424K)
[1.046s][info][gc,heap      ] GC(260) CMS: 1282K->1295K(87424K)
[1.046s][info][gc,metaspace ] GC(260) Metaspace: 7235K->7235K(1056768K)
[1.046s][info][gc           ] GC(260) Pause Young (Allocation Failure) 35M->1M(123M) 0.542ms
[1.046s][info][gc,cpu       ] GC(260) User=0.00s Sys=0.00s Real=0.00s
[1.050s][info][gc,start     ] GC(261) Pause Young (Allocation Failure)
[1.050s][info][gc,task      ] GC(261) Using 2 workers of 4 for evacuation
[1.050s][info][gc,heap      ] GC(261) ParNew: 34648K->122K(39424K)
[1.050s][info][gc,heap      ] GC(261) CMS: 1295K->1301K(87424K)
[1.050s][info][gc,metaspace ] GC(261) Metaspace: 7285K->7285K(1056768K)
[1.050s][info][gc           ] GC(261) Pause Young (Allocation Failure) 35M->1M(123M) 0.569ms
[1.050s][info][gc,cpu       ] GC(261) User=0.00s Sys=0.00s Real=0.00s
[1.052s][info][gc,start     ] GC(262) Pause Young (Allocation Failure)
[1.052s][info][gc,task      ] GC(262) Using 2 workers of 4 for evacuation
[1.053s][info][gc,heap      ] GC(262) ParNew: 34700K->255K(39424K)
[1.053s][info][gc,heap      ] GC(262) CMS: 1301K->1317K(87424K)
[1.053s][info][gc,metaspace ] GC(262) Metaspace: 7305K->7305K(1056768K)
[1.053s][info][gc           ] GC(262) Pause Young (Allocation Failure) 35M->1M(123M) 0.588ms
[1.053s][info][gc,cpu       ] GC(262) User=0.00s Sys=0.00s Real=0.00s
[1.055s][info][gc,start     ] GC(263) Pause Young (Allocation Failure)
[1.055s][info][gc,task      ] GC(263) Using 2 workers of 4 for evacuation
[1.056s][info][gc,heap      ] GC(263) ParNew: 34757K->305K(39424K)
[1.056s][info][gc,heap      ] GC(263) CMS: 1317K->1320K(87424K)
[1.056s][info][gc,metaspace ] GC(263) Metaspace: 7352K->7352K(1056768K)
[1.056s][info][gc           ] GC(263) Pause Young (Allocation Failure) 35M->1M(123M) 0.634ms
[1.056s][info][gc,cpu       ] GC(263) User=0.00s Sys=0.00s Real=0.00s
[1.058s][info][gc,start     ] GC(264) Pause Young (Allocation Failure)
[1.058s][info][gc,task      ] GC(264) Using 2 workers of 4 for evacuation
[1.059s][info][gc,heap      ] GC(264) ParNew: 34836K->256K(39424K)
[1.059s][info][gc,heap      ] GC(264) CMS: 1320K->1321K(87424K)
[1.059s][info][gc,metaspace ] GC(264) Metaspace: 7407K->7407K(1056768K)
[1.059s][info][gc           ] GC(264) Pause Young (Allocation Failure) 35M->1M(123M) 1.026ms
[1.059s][info][gc,cpu       ] GC(264) User=0.00s Sys=0.00s Real=0.00s
[1.062s][info][gc,start     ] GC(265) Pause Young (Allocation Failure)
[1.062s][info][gc,task      ] GC(265) Using 2 workers of 4 for evacuation
[1.062s][info][gc,heap      ] GC(265) ParNew: 34861K->366K(39424K)
[1.062s][info][gc,heap      ] GC(265) CMS: 1321K->1326K(87424K)
[1.062s][info][gc,metaspace ] GC(265) Metaspace: 7420K->7420K(1056768K)
[1.063s][info][gc           ] GC(265) Pause Young (Allocation Failure) 35M->1M(123M) 0.662ms
[1.063s][info][gc,cpu       ] GC(265) User=0.00s Sys=0.00s Real=0.00s
[1.065s][info][gc,start     ] GC(266) Pause Young (Allocation Failure)
[1.065s][info][gc,task      ] GC(266) Using 2 workers of 4 for evacuation
[1.066s][info][gc,heap      ] GC(266) ParNew: 34926K->234K(39424K)
[1.066s][info][gc,heap      ] GC(266) CMS: 1326K->1394K(87424K)
[1.066s][info][gc,metaspace ] GC(266) Metaspace: 7420K->7420K(1056768K)
[1.066s][info][gc           ] GC(266) Pause Young (Allocation Failure) 35M->1M(123M) 0.725ms
[1.066s][info][gc,cpu       ] GC(266) User=0.00s Sys=0.00s Real=0.00s
[1.068s][info][gc,start     ] GC(267) Pause Young (Allocation Failure)
[1.068s][info][gc,task      ] GC(267) Using 2 workers of 4 for evacuation
[1.068s][info][gc,heap      ] GC(267) ParNew: 34712K->195K(39424K)
[1.068s][info][gc,heap      ] GC(267) CMS: 1394K->1410K(87424K)
[1.068s][info][gc,metaspace ] GC(267) Metaspace: 7420K->7420K(1056768K)
[1.068s][info][gc           ] GC(267) Pause Young (Allocation Failure) 35M->1M(123M) 0.548ms
[1.068s][info][gc,cpu       ] GC(267) User=0.00s Sys=0.00s Real=0.00s
[1.070s][info][gc,start     ] GC(268) Pause Young (Allocation Failure)
[1.070s][info][gc,task      ] GC(268) Using 2 workers of 4 for evacuation
[1.071s][info][gc,heap      ] GC(268) ParNew: 34674K->173K(39424K)
[1.071s][info][gc,heap      ] GC(268) CMS: 1410K->1487K(87424K)
[1.071s][info][gc,metaspace ] GC(268) Metaspace: 7420K->7420K(1056768K)
[1.071s][info][gc           ] GC(268) Pause Young (Allocation Failure) 35M->1M(123M) 0.544ms
[1.071s][info][gc,cpu       ] GC(268) User=0.00s Sys=0.00s Real=0.00s
[1.073s][info][gc,start     ] GC(269) Pause Young (Allocation Failure)
[1.073s][info][gc,task      ] GC(269) Using 2 workers of 4 for evacuation
[1.073s][info][gc,heap      ] GC(269) ParNew: 34653K->115K(39424K)
[1.073s][info][gc,heap      ] GC(269) CMS: 1487K->1492K(87424K)
[1.073s][info][gc,metaspace ] GC(269) Metaspace: 7420K->7420K(1056768K)
[1.073s][info][gc           ] GC(269) Pause Young (Allocation Failure) 35M->1M(123M) 0.459ms
[1.073s][info][gc,cpu       ] GC(269) User=0.00s Sys=0.00s Real=0.00s
[1.075s][info][gc,start     ] GC(270) Pause Young (Allocation Failure)
[1.075s][info][gc,task      ] GC(270) Using 2 workers of 4 for evacuation
[1.076s][info][gc,heap      ] GC(270) ParNew: 34595K->83K(39424K)
[1.076s][info][gc,heap      ] GC(270) CMS: 1492K->1532K(87424K)
[1.076s][info][gc,metaspace ] GC(270) Metaspace: 7420K->7420K(1056768K)
[1.076s][info][gc           ] GC(270) Pause Young (Allocation Failure) 35M->1M(123M) 0.502ms
[1.076s][info][gc,cpu       ] GC(270) User=0.00s Sys=0.00s Real=0.00s
[1.078s][info][gc,start     ] GC(271) Pause Young (Allocation Failure)
[1.078s][info][gc,task      ] GC(271) Using 2 workers of 4 for evacuation
[1.078s][info][gc,heap      ] GC(271) ParNew: 34563K->0K(39424K)
[1.078s][info][gc,heap      ] GC(271) CMS: 1532K->1577K(87424K)
[1.078s][info][gc,metaspace ] GC(271) Metaspace: 7420K->7420K(1056768K)
[1.078s][info][gc           ] GC(271) Pause Young (Allocation Failure) 35M->1M(123M) 0.497ms
[1.078s][info][gc,cpu       ] GC(271) User=0.00s Sys=0.00s Real=0.00s
[1.080s][info][gc,start     ] GC(272) Pause Young (Allocation Failure)
[1.080s][info][gc,task      ] GC(272) Using 2 workers of 4 for evacuation
[1.080s][info][gc,heap      ] GC(272) ParNew: 34479K->0K(39424K)
[1.080s][info][gc,heap      ] GC(272) CMS: 1577K->1577K(87424K)
[1.080s][info][gc,metaspace ] GC(272) Metaspace: 7420K->7420K(1056768K)
[1.080s][info][gc           ] GC(272) Pause Young (Allocation Failure) 35M->1M(123M) 0.286ms
[1.080s][info][gc,cpu       ] GC(272) User=0.00s Sys=0.00s Real=0.00s
[1.082s][info][gc,start     ] GC(273) Pause Young (Allocation Failure)
[1.082s][info][gc,task      ] GC(273) Using 2 workers of 4 for evacuation
[1.082s][info][gc,heap      ] GC(273) ParNew: 34479K->0K(39424K)
[1.082s][info][gc,heap      ] GC(273) CMS: 1577K->1577K(87424K)
[1.082s][info][gc,metaspace ] GC(273) Metaspace: 7420K->7420K(1056768K)
[1.082s][info][gc           ] GC(273) Pause Young (Allocation Failure) 35M->1M(123M) 0.260ms
[1.082s][info][gc,cpu       ] GC(273) User=0.00s Sys=0.00s Real=0.00s
[1.084s][info][gc,start     ] GC(274) Pause Young (Allocation Failure)
[1.084s][info][gc,task      ] GC(274) Using 2 workers of 4 for evacuation
[1.084s][info][gc,heap      ] GC(274) ParNew: 34479K->0K(39424K)
[1.084s][info][gc,heap      ] GC(274) CMS: 1577K->1577K(87424K)
[1.084s][info][gc,metaspace ] GC(274) Metaspace: 7420K->7420K(1056768K)
[1.084s][info][gc           ] GC(274) Pause Young (Allocation Failure) 35M->1M(123M) 0.259ms
[1.084s][info][gc,cpu       ] GC(274) User=0.00s Sys=0.00s Real=0.00s
[1.086s][info][gc,start     ] GC(275) Pause Young (Allocation Failure)
[1.086s][info][gc,task      ] GC(275) Using 2 workers of 4 for evacuation
[1.086s][info][gc,heap      ] GC(275) ParNew: 34479K->0K(39424K)
[1.086s][info][gc,heap      ] GC(275) CMS: 1577K->1577K(87424K)
[1.086s][info][gc,metaspace ] GC(275) Metaspace: 7420K->7420K(1056768K)
[1.086s][info][gc           ] GC(275) Pause Young (Allocation Failure) 35M->1M(123M) 0.299ms
[1.086s][info][gc,cpu       ] GC(275) User=0.00s Sys=0.02s Real=0.00s
[1.089s][info][gc,start     ] GC(276) Pause Young (Allocation Failure)
[1.089s][info][gc,task      ] GC(276) Using 2 workers of 4 for evacuation
[1.089s][info][gc,heap      ] GC(276) ParNew: 34479K->0K(39424K)
[1.089s][info][gc,heap      ] GC(276) CMS: 1577K->1577K(87424K)
[1.089s][info][gc,metaspace ] GC(276) Metaspace: 7420K->7420K(1056768K)
[1.089s][info][gc           ] GC(276) Pause Young (Allocation Failure) 35M->1M(123M) 0.385ms
[1.089s][info][gc,cpu       ] GC(276) User=0.00s Sys=0.00s Real=0.00s
[1.091s][info][gc,start     ] GC(277) Pause Young (Allocation Failure)
[1.091s][info][gc,task      ] GC(277) Using 2 workers of 4 for evacuation
[1.091s][info][gc,heap      ] GC(277) ParNew: 34479K->0K(39424K)
[1.091s][info][gc,heap      ] GC(277) CMS: 1577K->1577K(87424K)
[1.091s][info][gc,metaspace ] GC(277) Metaspace: 7420K->7420K(1056768K)
[1.092s][info][gc           ] GC(277) Pause Young (Allocation Failure) 35M->1M(123M) 0.285ms
[1.092s][info][gc,cpu       ] GC(277) User=0.00s Sys=0.00s Real=0.00s
[1.093s][info][gc,start     ] GC(278) Pause Young (Allocation Failure)
[1.093s][info][gc,task      ] GC(278) Using 2 workers of 4 for evacuation
[1.093s][info][gc,heap      ] GC(278) ParNew: 34479K->0K(39424K)
[1.093s][info][gc,heap      ] GC(278) CMS: 1577K->1577K(87424K)
[1.093s][info][gc,metaspace ] GC(278) Metaspace: 7420K->7420K(1056768K)
[1.093s][info][gc           ] GC(278) Pause Young (Allocation Failure) 35M->1M(123M) 0.272ms
[1.094s][info][gc,cpu       ] GC(278) User=0.00s Sys=0.00s Real=0.00s
[1.095s][info][gc,start     ] GC(279) Pause Young (Allocation Failure)
[1.095s][info][gc,task      ] GC(279) Using 2 workers of 4 for evacuation
[1.096s][info][gc,heap      ] GC(279) ParNew: 34479K->0K(39424K)
[1.096s][info][gc,heap      ] GC(279) CMS: 1577K->1577K(87424K)
[1.096s][info][gc,metaspace ] GC(279) Metaspace: 7420K->7420K(1056768K)
[1.096s][info][gc           ] GC(279) Pause Young (Allocation Failure) 35M->1M(123M) 0.286ms
[1.096s][info][gc,cpu       ] GC(279) User=0.00s Sys=0.00s Real=0.00s
[1.098s][info][gc,start     ] GC(280) Pause Young (Allocation Failure)
[1.098s][info][gc,task      ] GC(280) Using 2 workers of 4 for evacuation
[1.098s][info][gc,heap      ] GC(280) ParNew: 34479K->0K(39424K)
[1.098s][info][gc,heap      ] GC(280) CMS: 1577K->1577K(87424K)
[1.098s][info][gc,metaspace ] GC(280) Metaspace: 7420K->7420K(1056768K)
[1.098s][info][gc           ] GC(280) Pause Young (Allocation Failure) 35M->1M(123M) 0.321ms
[1.098s][info][gc,cpu       ] GC(280) User=0.00s Sys=0.00s Real=0.00s
[1.100s][info][gc,start     ] GC(281) Pause Young (Allocation Failure)
[1.100s][info][gc,task      ] GC(281) Using 2 workers of 4 for evacuation
[1.100s][info][gc,heap      ] GC(281) ParNew: 34479K->0K(39424K)
[1.100s][info][gc,heap      ] GC(281) CMS: 1577K->1577K(87424K)
[1.100s][info][gc,metaspace ] GC(281) Metaspace: 7420K->7420K(1056768K)
[1.100s][info][gc           ] GC(281) Pause Young (Allocation Failure) 35M->1M(123M) 0.308ms
[1.101s][info][gc,cpu       ] GC(281) User=0.00s Sys=0.00s Real=0.00s
[1.103s][info][gc,start     ] GC(282) Pause Young (Allocation Failure)
[1.103s][info][gc,task      ] GC(282) Using 2 workers of 4 for evacuation
[1.103s][info][gc,heap      ] GC(282) ParNew: 34479K->0K(39424K)
[1.103s][info][gc,heap      ] GC(282) CMS: 1577K->1577K(87424K)
[1.103s][info][gc,metaspace ] GC(282) Metaspace: 7420K->7420K(1056768K)
[1.103s][info][gc           ] GC(282) Pause Young (Allocation Failure) 35M->1M(123M) 0.342ms
[1.103s][info][gc,cpu       ] GC(282) User=0.00s Sys=0.00s Real=0.00s
[1.106s][info][gc,start     ] GC(283) Pause Young (Allocation Failure)
[1.106s][info][gc,task      ] GC(283) Using 2 workers of 4 for evacuation
[1.106s][info][gc,heap      ] GC(283) ParNew: 34479K->0K(39424K)
[1.106s][info][gc,heap      ] GC(283) CMS: 1577K->1577K(87424K)
[1.106s][info][gc,metaspace ] GC(283) Metaspace: 7420K->7420K(1056768K)
[1.106s][info][gc           ] GC(283) Pause Young (Allocation Failure) 35M->1M(123M) 0.328ms
[1.106s][info][gc,cpu       ] GC(283) User=0.00s Sys=0.00s Real=0.00s
[1.108s][info][gc,start     ] GC(284) Pause Young (Allocation Failure)
[1.108s][info][gc,task      ] GC(284) Using 2 workers of 4 for evacuation
[1.108s][info][gc,heap      ] GC(284) ParNew: 34479K->0K(39424K)
[1.108s][info][gc,heap      ] GC(284) CMS: 1577K->1577K(87424K)
[1.108s][info][gc,metaspace ] GC(284) Metaspace: 7420K->7420K(1056768K)
[1.108s][info][gc           ] GC(284) Pause Young (Allocation Failure) 35M->1M(123M) 0.290ms
[1.108s][info][gc,cpu       ] GC(284) User=0.00s Sys=0.00s Real=0.00s
[1.110s][info][gc,start     ] GC(285) Pause Young (Allocation Failure)
[1.110s][info][gc,task      ] GC(285) Using 2 workers of 4 for evacuation
[1.110s][info][gc,heap      ] GC(285) ParNew: 34479K->0K(39424K)
[1.110s][info][gc,heap      ] GC(285) CMS: 1577K->1577K(87424K)
[1.110s][info][gc,metaspace ] GC(285) Metaspace: 7420K->7420K(1056768K)
[1.110s][info][gc           ] GC(285) Pause Young (Allocation Failure) 35M->1M(123M) 0.297ms
[1.110s][info][gc,cpu       ] GC(285) User=0.00s Sys=0.00s Real=0.00s
[1.112s][info][gc,start     ] GC(286) Pause Young (Allocation Failure)
[1.112s][info][gc,task      ] GC(286) Using 2 workers of 4 for evacuation
[1.113s][info][gc,heap      ] GC(286) ParNew: 34479K->0K(39424K)
[1.113s][info][gc,heap      ] GC(286) CMS: 1577K->1577K(87424K)
[1.113s][info][gc,metaspace ] GC(286) Metaspace: 7420K->7420K(1056768K)
[1.113s][info][gc           ] GC(286) Pause Young (Allocation Failure) 35M->1M(123M) 0.325ms
[1.113s][info][gc,cpu       ] GC(286) User=0.00s Sys=0.00s Real=0.00s
[1.115s][info][gc,start     ] GC(287) Pause Young (Allocation Failure)
[1.115s][info][gc,task      ] GC(287) Using 2 workers of 4 for evacuation
[1.115s][info][gc,heap      ] GC(287) ParNew: 34479K->0K(39424K)
[1.115s][info][gc,heap      ] GC(287) CMS: 1577K->1577K(87424K)
[1.115s][info][gc,metaspace ] GC(287) Metaspace: 7420K->7420K(1056768K)
[1.115s][info][gc           ] GC(287) Pause Young (Allocation Failure) 35M->1M(123M) 0.308ms
[1.115s][info][gc,cpu       ] GC(287) User=0.00s Sys=0.00s Real=0.00s
[1.117s][info][gc,start     ] GC(288) Pause Young (Allocation Failure)
[1.117s][info][gc,task      ] GC(288) Using 2 workers of 4 for evacuation
[1.117s][info][gc,heap      ] GC(288) ParNew: 34479K->0K(39424K)
[1.117s][info][gc,heap      ] GC(288) CMS: 1577K->1577K(87424K)
[1.117s][info][gc,metaspace ] GC(288) Metaspace: 7420K->7420K(1056768K)
[1.117s][info][gc           ] GC(288) Pause Young (Allocation Failure) 35M->1M(123M) 0.283ms
[1.117s][info][gc,cpu       ] GC(288) User=0.00s Sys=0.00s Real=0.00s
[1.119s][info][gc,start     ] GC(289) Pause Young (Allocation Failure)
[1.119s][info][gc,task      ] GC(289) Using 2 workers of 4 for evacuation
[1.119s][info][gc,heap      ] GC(289) ParNew: 34479K->0K(39424K)
[1.119s][info][gc,heap      ] GC(289) CMS: 1577K->1577K(87424K)
[1.119s][info][gc,metaspace ] GC(289) Metaspace: 7420K->7420K(1056768K)
[1.119s][info][gc           ] GC(289) Pause Young (Allocation Failure) 35M->1M(123M) 0.283ms
[1.119s][info][gc,cpu       ] GC(289) User=0.00s Sys=0.00s Real=0.00s
[1.122s][info][gc,start     ] GC(290) Pause Young (Allocation Failure)
[1.122s][info][gc,task      ] GC(290) Using 2 workers of 4 for evacuation
[1.122s][info][gc,heap      ] GC(290) ParNew: 34479K->0K(39424K)
[1.122s][info][gc,heap      ] GC(290) CMS: 1577K->1577K(87424K)
[1.122s][info][gc,metaspace ] GC(290) Metaspace: 7420K->7420K(1056768K)
[1.122s][info][gc           ] GC(290) Pause Young (Allocation Failure) 35M->1M(123M) 0.315ms
[1.122s][info][gc,cpu       ] GC(290) User=0.00s Sys=0.00s Real=0.00s
[1.124s][info][gc,start     ] GC(291) Pause Young (Allocation Failure)
[1.124s][info][gc,task      ] GC(291) Using 2 workers of 4 for evacuation
[1.124s][info][gc,heap      ] GC(291) ParNew: 34479K->0K(39424K)
[1.124s][info][gc,heap      ] GC(291) CMS: 1577K->1577K(87424K)
[1.124s][info][gc,metaspace ] GC(291) Metaspace: 7420K->7420K(1056768K)
[1.124s][info][gc           ] GC(291) Pause Young (Allocation Failure) 35M->1M(123M) 0.298ms
[1.124s][info][gc,cpu       ] GC(291) User=0.00s Sys=0.00s Real=0.00s
[1.126s][info][gc,start     ] GC(292) Pause Young (Allocation Failure)
[1.126s][info][gc,task      ] GC(292) Using 2 workers of 4 for evacuation
[1.126s][info][gc,heap      ] GC(292) ParNew: 34479K->0K(39424K)
[1.127s][info][gc,heap      ] GC(292) CMS: 1577K->1577K(87424K)
[1.127s][info][gc,metaspace ] GC(292) Metaspace: 7420K->7420K(1056768K)
[1.127s][info][gc           ] GC(292) Pause Young (Allocation Failure) 35M->1M(123M) 0.292ms
[1.127s][info][gc,cpu       ] GC(292) User=0.00s Sys=0.00s Real=0.00s
[1.128s][info][gc,start     ] GC(293) Pause Young (Allocation Failure)
[1.128s][info][gc,task      ] GC(293) Using 2 workers of 4 for evacuation
[1.129s][info][gc,heap      ] GC(293) ParNew: 34479K->0K(39424K)
[1.129s][info][gc,heap      ] GC(293) CMS: 1577K->1577K(87424K)
[1.129s][info][gc,metaspace ] GC(293) Metaspace: 7420K->7420K(1056768K)
[1.129s][info][gc           ] GC(293) Pause Young (Allocation Failure) 35M->1M(123M) 0.270ms
[1.129s][info][gc,cpu       ] GC(293) User=0.00s Sys=0.00s Real=0.00s
[1.131s][info][gc,start     ] GC(294) Pause Young (Allocation Failure)
[1.131s][info][gc,task      ] GC(294) Using 2 workers of 4 for evacuation
[1.131s][info][gc,heap      ] GC(294) ParNew: 34479K->0K(39424K)
[1.131s][info][gc,heap      ] GC(294) CMS: 1577K->1577K(87424K)
[1.131s][info][gc,metaspace ] GC(294) Metaspace: 7420K->7420K(1056768K)
[1.131s][info][gc           ] GC(294) Pause Young (Allocation Failure) 35M->1M(123M) 0.301ms
[1.131s][info][gc,cpu       ] GC(294) User=0.00s Sys=0.00s Real=0.00s
[1.133s][info][gc,start     ] GC(295) Pause Young (Allocation Failure)
[1.133s][info][gc,task      ] GC(295) Using 2 workers of 4 for evacuation
[1.133s][info][gc,heap      ] GC(295) ParNew: 34479K->0K(39424K)
[1.133s][info][gc,heap      ] GC(295) CMS: 1577K->1577K(87424K)
[1.133s][info][gc,metaspace ] GC(295) Metaspace: 7420K->7420K(1056768K)
[1.133s][info][gc           ] GC(295) Pause Young (Allocation Failure) 35M->1M(123M) 0.294ms
[1.133s][info][gc,cpu       ] GC(295) User=0.00s Sys=0.02s Real=0.00s
[1.135s][info][gc,start     ] GC(296) Pause Young (Allocation Failure)
[1.135s][info][gc,task      ] GC(296) Using 2 workers of 4 for evacuation
[1.135s][info][gc,heap      ] GC(296) ParNew: 34479K->0K(39424K)
[1.135s][info][gc,heap      ] GC(296) CMS: 1577K->1577K(87424K)
[1.135s][info][gc,metaspace ] GC(296) Metaspace: 7420K->7420K(1056768K)
[1.135s][info][gc           ] GC(296) Pause Young (Allocation Failure) 35M->1M(123M) 0.307ms
[1.135s][info][gc,cpu       ] GC(296) User=0.00s Sys=0.00s Real=0.00s
[1.137s][info][gc,start     ] GC(297) Pause Young (Allocation Failure)
[1.137s][info][gc,task      ] GC(297) Using 2 workers of 4 for evacuation
[1.137s][info][gc,heap      ] GC(297) ParNew: 34479K->0K(39424K)
[1.137s][info][gc,heap      ] GC(297) CMS: 1577K->1577K(87424K)
[1.137s][info][gc,metaspace ] GC(297) Metaspace: 7420K->7420K(1056768K)
[1.137s][info][gc           ] GC(297) Pause Young (Allocation Failure) 35M->1M(123M) 0.274ms
[1.137s][info][gc,cpu       ] GC(297) User=0.00s Sys=0.00s Real=0.00s
[1.139s][info][gc,start     ] GC(298) Pause Young (Allocation Failure)
[1.139s][info][gc,task      ] GC(298) Using 2 workers of 4 for evacuation
[1.139s][info][gc,heap      ] GC(298) ParNew: 34479K->0K(39424K)
[1.139s][info][gc,heap      ] GC(298) CMS: 1577K->1577K(87424K)
[1.139s][info][gc,metaspace ] GC(298) Metaspace: 7420K->7420K(1056768K)
[1.139s][info][gc           ] GC(298) Pause Young (Allocation Failure) 35M->1M(123M) 0.266ms
[1.139s][info][gc,cpu       ] GC(298) User=0.00s Sys=0.00s Real=0.00s
[1.141s][info][gc,start     ] GC(299) Pause Young (Allocation Failure)
[1.141s][info][gc,task      ] GC(299) Using 2 workers of 4 for evacuation
[1.141s][info][gc,heap      ] GC(299) ParNew: 34479K->0K(39424K)
[1.141s][info][gc,heap      ] GC(299) CMS: 1577K->1577K(87424K)
[1.142s][info][gc,metaspace ] GC(299) Metaspace: 7420K->7420K(1056768K)
[1.142s][info][gc           ] GC(299) Pause Young (Allocation Failure) 35M->1M(123M) 0.266ms
[1.142s][info][gc,cpu       ] GC(299) User=0.00s Sys=0.00s Real=0.00s
[1.143s][info][gc,start     ] GC(300) Pause Young (Allocation Failure)
[1.143s][info][gc,task      ] GC(300) Using 2 workers of 4 for evacuation
[1.143s][info][gc,heap      ] GC(300) ParNew: 34479K->0K(39424K)
[1.143s][info][gc,heap      ] GC(300) CMS: 1577K->1577K(87424K)
[1.143s][info][gc,metaspace ] GC(300) Metaspace: 7420K->7420K(1056768K)
[1.143s][info][gc           ] GC(300) Pause Young (Allocation Failure) 35M->1M(123M) 0.262ms
[1.144s][info][gc,cpu       ] GC(300) User=0.00s Sys=0.00s Real=0.00s
[1.145s][info][gc,start     ] GC(301) Pause Young (Allocation Failure)
[1.145s][info][gc,task      ] GC(301) Using 2 workers of 4 for evacuation
[1.145s][info][gc,heap      ] GC(301) ParNew: 34479K->0K(39424K)
[1.145s][info][gc,heap      ] GC(301) CMS: 1577K->1577K(87424K)
[1.145s][info][gc,metaspace ] GC(301) Metaspace: 7420K->7420K(1056768K)
[1.145s][info][gc           ] GC(301) Pause Young (Allocation Failure) 35M->1M(123M) 0.264ms
[1.145s][info][gc,cpu       ] GC(301) User=0.00s Sys=0.00s Real=0.00s
[1.148s][info][gc,start     ] GC(302) Pause Young (Allocation Failure)
[1.148s][info][gc,task      ] GC(302) Using 2 workers of 4 for evacuation
[1.148s][info][gc,heap      ] GC(302) ParNew: 34479K->0K(39424K)
[1.148s][info][gc,heap      ] GC(302) CMS: 1577K->1577K(87424K)
[1.148s][info][gc,metaspace ] GC(302) Metaspace: 7420K->7420K(1056768K)
[1.148s][info][gc           ] GC(302) Pause Young (Allocation Failure) 35M->1M(123M) 0.303ms
[1.148s][info][gc,cpu       ] GC(302) User=0.00s Sys=0.00s Real=0.00s
[1.149s][info][gc,heap,exit ] Heap
[1.149s][info][gc,heap,exit ]  par new generation   total 39424K, used 6509K [0x0000000080e00000, 0x00000000838c0000, 0x0000000095ac0000)
[1.149s][info][gc,heap,exit ]   eden space 35072K,  18% used [0x0000000080e00000, 0x000000008145b558, 0x0000000083040000)
[1.149s][info][gc,heap,exit ]   from space 4352K,   0% used [0x0000000083040000, 0x0000000083040000, 0x0000000083480000)
[1.149s][info][gc,heap,exit ]   to   space 4352K,   0% used [0x0000000083480000, 0x0000000083480000, 0x00000000838c0000)
[1.149s][info][gc,heap,exit ]  concurrent mark-sweep generation total 87424K, used 1577K [0x0000000095ac0000, 0x000000009b020000, 0x0000000100000000)
[1.149s][info][gc,heap,exit ]  Metaspace       used 7435K, capacity 7521K, committed 7680K, reserved 1056768K
[1.149s][info][gc,heap,exit ]   class space    used 658K, capacity 672K, committed 768K, reserved 1048576K
